Copyright 1986-2022 Xilinx, Inc. All Rights Reserved. Copyright 2022-2026 Advanced Micro Devices, Inc. All Rights Reserved.
------------------------------------------------------------------------------------------------------------------------------------------------------------------
| Tool Version      : Vivado v.2026.1 (lin64) Build 6511674 Tue Jun 16 11:01:26 MDT 2026
| Date              : Mon Sep 14 14:35:19 2026
| Host              : WL-144132 running 64-bit unknown
| Command           : report_timing_summary -file /home/marroyav/work/daphne-grouped32-1bae1c8-20260914/build/descriptor-pipeline-ooc/baseline_timing_summary.rpt
| Design            : fragment_peak_descriptors_banked
| Device            : xck26-sfvc784
| Speed File        : -2LV  PRODUCTION 1.31 12-08-2025
| Design State      : Synthesized
| Temperature Grade : C
------------------------------------------------------------------------------------------------------------------------------------------------------------------

Timing Summary Report

------------------------------------------------------------------------------------------------
| Timer Settings
| --------------
------------------------------------------------------------------------------------------------

  Enable Multi Corner Analysis               :  Yes
  Enable Pessimism Removal                   :  Yes
  Pessimism Removal Resolution               :  Nearest Common Node
  Enable Input Delay Default Clock           :  No
  Enable Preset / Clear Arcs                 :  No
  Disable Flight Delays                      :  No
  Ignore I/O Paths                           :  No
  Timing Early Launch at Borrowing Latches   :  No
  Borrow Time for Max Delay Exceptions       :  Yes
  Merge Timing Exceptions                    :  Yes
  Inter-SLR Compensation                     :  Conservative

  Corner  Analyze    Analyze    
  Name    Max Paths  Min Paths  
  ------  ---------  ---------  
  Slow    Yes        Yes        
  Fast    Yes        Yes        


------------------------------------------------------------------------------------------------
| Report Methodology
| ------------------
------------------------------------------------------------------------------------------------

No report available as report_methodology has not been run prior. Run report_methodology on the current design for the summary of methodology violations.



check_timing report

Table of Contents
-----------------
1. checking no_clock (0)
2. checking constant_clock (0)
3. checking pulse_width_clock (0)
4. checking unconstrained_internal_endpoints (0)
5. checking no_input_delay (55)
6. checking no_output_delay (66)
7. checking multiple_clock (0)
8. checking generated_clocks (0)
9. checking loops (0)
10. checking partial_input_delay (0)
11. checking partial_output_delay (0)
12. checking latch_loops (0)

1. checking no_clock (0)
------------------------
 There are 0 register/latch pins with no clock.


2. checking constant_clock (0)
------------------------------
 There are 0 register/latch pins with constant_clock.


3. checking pulse_width_clock (0)
---------------------------------
 There are 0 register/latch pins which need pulse_width check


4. checking unconstrained_internal_endpoints (0)
------------------------------------------------
 There are 0 pins that are not constrained for maximum delay.

 There are 0 pins that are not constrained for maximum delay due to constant clock.


5. checking no_input_delay (55)
-------------------------------
 There are 55 input ports with no input delay specified. (HIGH)

 There are 0 input ports with no input delay but user has a false path constraint.


6. checking no_output_delay (66)
--------------------------------
 There are 66 ports with no output delay specified. (HIGH)

 There are 0 ports with no output delay but user has a false path constraint

 There are 0 ports with no output delay but with a timing clock defined on it or propagating through it


7. checking multiple_clock (0)
------------------------------
 There are 0 register/latch pins with multiple clocks.


8. checking generated_clocks (0)
--------------------------------
 There are 0 generated clocks that are not connected to a clock source.


9. checking loops (0)
---------------------
 There are 0 combinational loops in the design.


10. checking partial_input_delay (0)
------------------------------------
 There are 0 input ports with partial input delay specified.


11. checking partial_output_delay (0)
-------------------------------------
 There are 0 ports with partial output delay specified.


12. checking latch_loops (0)
----------------------------
 There are 0 combinational latch loops in the design through latch input



------------------------------------------------------------------------------------------------
| Design Timing Summary
| ---------------------
------------------------------------------------------------------------------------------------

    WNS(ns)      TNS(ns)  TNS Failing Endpoints  TNS Total Endpoints      WHS(ns)      THS(ns)  THS Failing Endpoints  THS Total Endpoints     WPWS(ns)     TPWS(ns)  TPWS Failing Endpoints  TPWS Total Endpoints  
    -------      -------  ---------------------  -------------------      -------      -------  ---------------------  -------------------     --------     --------  ----------------------  --------------------  
     -0.874      -40.545                    149                  774        0.133        0.000                      0                  774        0.838        0.000                       0                   284  


Timing constraints are not met.


------------------------------------------------------------------------------------------------
| Clock Summary
| -------------
------------------------------------------------------------------------------------------------

Clock          Waveform(ns)         Period(ns)      Frequency(MHz)
-----          ------------         ----------      --------------
builder_clock  {0.000 1.600}        3.200           312.500         


------------------------------------------------------------------------------------------------
| Intra Clock Table
| -----------------
------------------------------------------------------------------------------------------------

Clock              WNS(ns)      TNS(ns)  TNS Failing Endpoints  TNS Total Endpoints      WHS(ns)      THS(ns)  THS Failing Endpoints  THS Total Endpoints     WPWS(ns)     TPWS(ns)  TPWS Failing Endpoints  TPWS Total Endpoints  
-----              -------      -------  ---------------------  -------------------      -------      -------  ---------------------  -------------------     --------     --------  ----------------------  --------------------  
builder_clock       -0.874      -40.545                    149                  774        0.133        0.000                      0                  774        0.838        0.000                       0                   284  


------------------------------------------------------------------------------------------------
| Inter Clock Table
| -----------------
------------------------------------------------------------------------------------------------

From Clock    To Clock          WNS(ns)      TNS(ns)  TNS Failing Endpoints  TNS Total Endpoints      WHS(ns)      THS(ns)  THS Failing Endpoints  THS Total Endpoints  
----------    --------          -------      -------  ---------------------  -------------------      -------      -------  ---------------------  -------------------  


------------------------------------------------------------------------------------------------
| Other Path Groups Table
| -----------------------
------------------------------------------------------------------------------------------------

Path Group    From Clock    To Clock          WNS(ns)      TNS(ns)  TNS Failing Endpoints  TNS Total Endpoints      WHS(ns)      THS(ns)  THS Failing Endpoints  THS Total Endpoints  
----------    ----------    --------          -------      -------  ---------------------  -------------------      -------      -------  ---------------------  -------------------  


------------------------------------------------------------------------------------------------
| Timing Details
| --------------
------------------------------------------------------------------------------------------------


---------------------------------------------------------------------------------------------------
From Clock:  builder_clock
  To Clock:  builder_clock

Setup :          149  Failing Endpoints,  Worst Slack       -0.874ns,  Total Violation      -40.545ns
Hold  :            0  Failing Endpoints,  Worst Slack        0.133ns,  Total Violation        0.000ns
PW    :            0  Failing Endpoints,  Worst Slack        0.838ns,  Total Violation        0.000ns
---------------------------------------------------------------------------------------------------


Max Delay Paths
--------------------------------------------------------------------------------------
Slack (VIOLATED) :        -0.874ns  (required time - arrival time)
  Source:                 baseline_s_reg[1]/C
                            (rising edge-triggered cell FDRE clocked by builder_clock  {rise@0.000ns fall@1.600ns period=3.200ns})
  Destination:            integral_sum_s/DSP_A_B_DATA_INST/A[0]
                            (rising edge-triggered cell DSP_A_B_DATA clocked by builder_clock  {rise@0.000ns fall@1.600ns period=3.200ns})
  Path Group:             builder_clock
  Path Type:              Setup (Max at Slow Process Corner)
  Requirement:            3.200ns  (builder_clock rise@3.200ns - builder_clock rise@0.000ns)
  Data Path Delay:        3.488ns  (logic 1.847ns (52.953%)  route 1.641ns (47.047%))
  Logic Levels:           8  (CARRY8=1 DSP_ALU=1 DSP_C_DATA=1 DSP_OUTPUT=1 LUT3=1 LUT5=1 LUT6=2)
  Clock Path Skew:        0.014ns (DCD - SCD + CPR)
    Destination Clock Delay (DCD):    0.055ns = ( 3.255 - 3.200 ) 
    Source Clock Delay      (SCD):    0.041ns
    Clock Pessimism Removal (CPR):    0.000ns
  Clock Uncertainty:      0.035ns  ((TSJ^2 + TIJ^2)^1/2 + DJ) / 2 + PE
    Total System Jitter     (TSJ):    0.071ns
    Total Input Jitter      (TIJ):    0.000ns
    Discrete Jitter          (DJ):    0.000ns
    Phase Error              (PE):    0.000ns

    Location             Delay type                Incr(ns)  Path(ns)    Netlist Resource(s)
  -------------------------------------------------------------------    -------------------
                         (clock builder_clock rise edge)
                                                      0.000     0.000 r  <hidden>
                                                      0.000     0.000 r  clock_i
                         net (fo=289, unset)          0.041     0.041    clock_i
                         FDRE                                         r  baseline_s_reg[1]/C
  -------------------------------------------------------------------    -------------------
                         FDRE (Prop_FDRE_C_Q)         0.114     0.155 f  baseline_s_reg[1]/Q
                         net (fo=6, unplaced)         0.176     0.331    baseline_s_reg_n_0_[1]
                         LUT3 (Prop_LUT3_I2_O)        0.058     0.389 f  baseline_s[1]_i_1/O
                         net (fo=3, unplaced)         0.217     0.606    baseline_s[1]
                         LUT6 (Prop_LUT6_I5_O)        0.058     0.664 r  integral_sum_s_i_82/O
                         net (fo=1, unplaced)         0.227     0.891    integral_sum_s_i_82_n_0
                         CARRY8 (Prop_CARRY8_DI[0]_CO[6])
                                                      0.267     1.158 r  integral_sum_s_i_42/CO[6]
                         net (fo=14, unplaced)        0.192     1.350    amplitude_s2
                         LUT5 (Prop_LUT5_I3_O)        0.058     1.408 r  integral_sum_s_i_36/O
                         net (fo=9, unplaced)         0.310     1.718    integral_sum_s/C[1]
                         DSP_C_DATA (Prop_DSP_C_DATA_C[1]_C_DATA[1])
                                                      0.135     1.853 r  integral_sum_s/DSP_C_DATA_INST/C_DATA[1]
                         net (fo=2, unplaced)         0.000     1.853    integral_sum_s/DSP_C_DATA.C_DATA<1>
                         DSP_ALU (Prop_DSP_ALU_C_DATA[1]_ALU_OUT[18])
                                                      0.786     2.639 f  integral_sum_s/DSP_ALU_INST/ALU_OUT[18]
                         net (fo=1, unplaced)         0.000     2.639    integral_sum_s/DSP_ALU.ALU_OUT<18>
                         DSP_OUTPUT (Prop_DSP_OUTPUT_ALU_OUT[18]_P[18])
                                                      0.146     2.785 r  integral_sum_s/DSP_OUTPUT_INST/P[18]
                         net (fo=2, unplaced)         0.275     3.060    integral_sum_s_n_87
                         LUT6 (Prop_LUT6_I0_O)        0.225     3.285 r  integral_sum_s_i_23/O
                         net (fo=2, unplaced)         0.244     3.529    integral_sum_s/A[0]
                         DSP_A_B_DATA                                 r  integral_sum_s/DSP_A_B_DATA_INST/A[0]
  -------------------------------------------------------------------    -------------------

                         (clock builder_clock rise edge)
                                                      3.200     3.200 r  <hidden>
                                                      0.000     3.200 r  clock_i
                         net (fo=289, unset)          0.055     3.255    integral_sum_s/CLK
                         DSP_A_B_DATA                                 r  integral_sum_s/DSP_A_B_DATA_INST/CLK
                         clock pessimism              0.000     3.255    <hidden>
                         clock uncertainty           -0.035     3.220    <hidden>
                         DSP_A_B_DATA (Setup_DSP_A_B_DATA_CLK_A[0])
                                                     -0.565     2.655    integral_sum_s/DSP_A_B_DATA_INST
  -------------------------------------------------------------------
                         required time                          2.655    <hidden>
                         arrival time                          -3.529    <hidden>
  -------------------------------------------------------------------
                         slack                                 -0.874    <hidden>





Min Delay Paths
--------------------------------------------------------------------------------------
Slack (MET) :             0.133ns  (arrival time - required time)
  Source:                 working_overflow_s_reg/C
                            (rising edge-triggered cell FDRE clocked by builder_clock  {rise@0.000ns fall@1.600ns period=3.200ns})
  Destination:            completed_overflow_s_reg/D
                            (rising edge-triggered cell FDRE clocked by builder_clock  {rise@0.000ns fall@1.600ns period=3.200ns})
  Path Group:             builder_clock
  Path Type:              Hold (Min at Fast Process Corner)
  Requirement:            0.000ns  (builder_clock rise@0.000ns - builder_clock rise@0.000ns)
  Data Path Delay:        0.182ns  (logic 0.121ns (66.484%)  route 0.061ns (33.516%))
  Logic Levels:           1  (LUT6=1)
  Clock Path Skew:        0.005ns (DCD - SCD - CPR)
    Destination Clock Delay (DCD):    0.019ns
    Source Clock Delay      (SCD):    0.014ns
    Clock Pessimism Removal (CPR):    -0.000ns

    Location             Delay type                Incr(ns)  Path(ns)    Netlist Resource(s)
  -------------------------------------------------------------------    -------------------
                         (clock builder_clock rise edge)
                                                      0.000     0.000 r  <hidden>
                                                      0.000     0.000 r  clock_i
                         net (fo=289, unset)          0.014     0.014    clock_i
                         FDRE                                         r  working_overflow_s_reg/C
  -------------------------------------------------------------------    -------------------
                         FDRE (Prop_FDRE_C_Q)         0.084     0.098 r  working_overflow_s_reg/Q
                         net (fo=2, unplaced)         0.043     0.141    working_overflow_s
                         LUT6 (Prop_LUT6_I5_O)        0.037     0.178 r  completed_overflow_s_i_1/O
                         net (fo=1, unplaced)         0.018     0.196    completed_overflow_s_i_1_n_0
                         FDRE                                         r  completed_overflow_s_reg/D
  -------------------------------------------------------------------    -------------------

                         (clock builder_clock rise edge)
                                                      0.000     0.000 r  <hidden>
                                                      0.000     0.000 r  clock_i
                         net (fo=289, unset)          0.019     0.019    clock_i
                         FDRE                                         r  completed_overflow_s_reg/C
                         clock pessimism              0.000     0.019    <hidden>
                         FDRE (Hold_FDRE_C_D)         0.044     0.063    completed_overflow_s_reg
  -------------------------------------------------------------------
                         required time                         -0.063    <hidden>
                         arrival time                           0.196    <hidden>
  -------------------------------------------------------------------
                         slack                                  0.133    <hidden>





Pulse Width Checks
--------------------------------------------------------------------------------------
Clock Name:         builder_clock
Waveform(ns):       { 0.000 1.600 }
Period(ns):         3.200
Sources:            { clock_i }

Check Type        Corner  Lib Pin     Reference Pin  Required(ns)  Actual(ns)  Slack(ns)  Location  Pin
Min Period        n/a     RAMD32/CLK  n/a            1.524         3.200       1.676                descriptor_memory_s_reg_0_15_0_13/RAMA/CLK
Low Pulse Width   Slow    RAMD32/CLK  n/a            0.762         1.600       0.838                descriptor_memory_s_reg_0_15_0_13/RAMA/CLK
High Pulse Width  Slow    RAMD32/CLK  n/a            0.762         1.600       0.838                descriptor_memory_s_reg_0_15_0_13/RAMA/CLK



