Copyright 1986-2022 Xilinx, Inc. All Rights Reserved. Copyright 2022-2026 Advanced Micro Devices, Inc. All Rights Reserved.
---------------------------------------------------------------------------------------------------------------------------------------------------------------------------
| Tool Version      : Vivado v.2026.1 (lin64) Build 6511674 Tue Jun 16 11:01:26 MDT 2026
| Date              : Mon Sep 14 14:46:34 2026
| Host              : WL-144132 running 64-bit unknown
| Command           : report_timing_summary -file /home/marroyav/work/daphne-grouped32-1bae1c8-20260914/build/descriptor-pipeline-selected-ooc/pipeline_timing_summary.rpt
| Design            : fragment_peak_descriptors_banked
| Device            : xck26-sfvc784
| Speed File        : -2LV  PRODUCTION 1.31 12-08-2025
| Design State      : Synthesized
| Temperature Grade : C
---------------------------------------------------------------------------------------------------------------------------------------------------------------------------

Timing Summary Report

------------------------------------------------------------------------------------------------
| Timer Settings
| --------------
------------------------------------------------------------------------------------------------

  Enable Multi Corner Analysis               :  Yes
  Enable Pessimism Removal                   :  Yes
  Pessimism Removal Resolution               :  Nearest Common Node
  Enable Input Delay Default Clock           :  No
  Enable Preset / Clear Arcs                 :  No
  Disable Flight Delays                      :  No
  Ignore I/O Paths                           :  No
  Timing Early Launch at Borrowing Latches   :  No
  Borrow Time for Max Delay Exceptions       :  Yes
  Merge Timing Exceptions                    :  Yes
  Inter-SLR Compensation                     :  Conservative

  Corner  Analyze    Analyze    
  Name    Max Paths  Min Paths  
  ------  ---------  ---------  
  Slow    Yes        Yes        
  Fast    Yes        Yes        


------------------------------------------------------------------------------------------------
| Report Methodology
| ------------------
------------------------------------------------------------------------------------------------

No report available as report_methodology has not been run prior. Run report_methodology on the current design for the summary of methodology violations.



check_timing report

Table of Contents
-----------------
1. checking no_clock (0)
2. checking constant_clock (0)
3. checking pulse_width_clock (0)
4. checking unconstrained_internal_endpoints (0)
5. checking no_input_delay (55)
6. checking no_output_delay (66)
7. checking multiple_clock (0)
8. checking generated_clocks (0)
9. checking loops (0)
10. checking partial_input_delay (0)
11. checking partial_output_delay (0)
12. checking latch_loops (0)

1. checking no_clock (0)
------------------------
 There are 0 register/latch pins with no clock.


2. checking constant_clock (0)
------------------------------
 There are 0 register/latch pins with constant_clock.


3. checking pulse_width_clock (0)
---------------------------------
 There are 0 register/latch pins which need pulse_width check


4. checking unconstrained_internal_endpoints (0)
------------------------------------------------
 There are 0 pins that are not constrained for maximum delay.

 There are 0 pins that are not constrained for maximum delay due to constant clock.


5. checking no_input_delay (55)
-------------------------------
 There are 55 input ports with no input delay specified. (HIGH)

 There are 0 input ports with no input delay but user has a false path constraint.


6. checking no_output_delay (66)
--------------------------------
 There are 66 ports with no output delay specified. (HIGH)

 There are 0 ports with no output delay but user has a false path constraint

 There are 0 ports with no output delay but with a timing clock defined on it or propagating through it


7. checking multiple_clock (0)
------------------------------
 There are 0 register/latch pins with multiple clocks.


8. checking generated_clocks (0)
--------------------------------
 There are 0 generated clocks that are not connected to a clock source.


9. checking loops (0)
---------------------
 There are 0 combinational loops in the design.


10. checking partial_input_delay (0)
------------------------------------
 There are 0 input ports with partial input delay specified.


11. checking partial_output_delay (0)
-------------------------------------
 There are 0 ports with partial output delay specified.


12. checking latch_loops (0)
----------------------------
 There are 0 combinational latch loops in the design through latch input



------------------------------------------------------------------------------------------------
| Design Timing Summary
| ---------------------
------------------------------------------------------------------------------------------------

    WNS(ns)      TNS(ns)  TNS Failing Endpoints  TNS Total Endpoints      WHS(ns)      THS(ns)  THS Failing Endpoints  THS Total Endpoints     WPWS(ns)     TPWS(ns)  TPWS Failing Endpoints  TPWS Total Endpoints  
    -------      -------  ---------------------  -------------------      -------      -------  ---------------------  -------------------     --------     --------  ----------------------  --------------------  
      0.836        0.000                      0                  807        0.109        0.000                      0                  807        0.838        0.000                       0                   380  


All user specified timing constraints are met.


------------------------------------------------------------------------------------------------
| Clock Summary
| -------------
------------------------------------------------------------------------------------------------

Clock          Waveform(ns)         Period(ns)      Frequency(MHz)
-----          ------------         ----------      --------------
builder_clock  {0.000 1.600}        3.200           312.500         


------------------------------------------------------------------------------------------------
| Intra Clock Table
| -----------------
------------------------------------------------------------------------------------------------

Clock              WNS(ns)      TNS(ns)  TNS Failing Endpoints  TNS Total Endpoints      WHS(ns)      THS(ns)  THS Failing Endpoints  THS Total Endpoints     WPWS(ns)     TPWS(ns)  TPWS Failing Endpoints  TPWS Total Endpoints  
-----              -------      -------  ---------------------  -------------------      -------      -------  ---------------------  -------------------     --------     --------  ----------------------  --------------------  
builder_clock        0.836        0.000                      0                  807        0.109        0.000                      0                  807        0.838        0.000                       0                   380  


------------------------------------------------------------------------------------------------
| Inter Clock Table
| -----------------
------------------------------------------------------------------------------------------------

From Clock    To Clock          WNS(ns)      TNS(ns)  TNS Failing Endpoints  TNS Total Endpoints      WHS(ns)      THS(ns)  THS Failing Endpoints  THS Total Endpoints  
----------    --------          -------      -------  ---------------------  -------------------      -------      -------  ---------------------  -------------------  


------------------------------------------------------------------------------------------------
| Other Path Groups Table
| -----------------------
------------------------------------------------------------------------------------------------

Path Group    From Clock    To Clock          WNS(ns)      TNS(ns)  TNS Failing Endpoints  TNS Total Endpoints      WHS(ns)      THS(ns)  THS Failing Endpoints  THS Total Endpoints  
----------    ----------    --------          -------      -------  ---------------------  -------------------      -------      -------  ---------------------  -------------------  


------------------------------------------------------------------------------------------------
| Timing Details
| --------------
------------------------------------------------------------------------------------------------


---------------------------------------------------------------------------------------------------
From Clock:  builder_clock
  To Clock:  builder_clock

Setup :            0  Failing Endpoints,  Worst Slack        0.836ns,  Total Violation        0.000ns
Hold  :            0  Failing Endpoints,  Worst Slack        0.109ns,  Total Violation        0.000ns
PW    :            0  Failing Endpoints,  Worst Slack        0.838ns,  Total Violation        0.000ns
---------------------------------------------------------------------------------------------------


Max Delay Paths
--------------------------------------------------------------------------------------
Slack (MET) :             0.836ns  (required time - arrival time)
  Source:                 grouped_input.sample_start_s_reg_rep/C
                            (rising edge-triggered cell FDRE clocked by builder_clock  {rise@0.000ns fall@1.600ns period=3.200ns})
  Destination:            descriptor_memory_s_reg_0_15_0_13/RAMA/WE
                            (rising edge-triggered cell RAMD32 clocked by builder_clock  {rise@0.000ns fall@1.600ns period=3.200ns})
  Path Group:             builder_clock
  Path Type:              Setup (Max at Slow Process Corner)
  Requirement:            3.200ns  (builder_clock rise@3.200ns - builder_clock rise@0.000ns)
  Data Path Delay:        2.081ns  (logic 0.661ns (31.764%)  route 1.420ns (68.236%))
  Logic Levels:           5  (CARRY8=1 LUT2=1 LUT3=1 LUT6=2)
  Clock Path Skew:        0.018ns (DCD - SCD + CPR)
    Destination Clock Delay (DCD):    0.059ns = ( 3.259 - 3.200 ) 
    Source Clock Delay      (SCD):    0.041ns
    Clock Pessimism Removal (CPR):    0.000ns
  Clock Uncertainty:      0.035ns  ((TSJ^2 + TIJ^2)^1/2 + DJ) / 2 + PE
    Total System Jitter     (TSJ):    0.071ns
    Total Input Jitter      (TIJ):    0.000ns
    Discrete Jitter          (DJ):    0.000ns
    Phase Error              (PE):    0.000ns

    Location             Delay type                Incr(ns)  Path(ns)    Netlist Resource(s)
  -------------------------------------------------------------------    -------------------
                         (clock builder_clock rise edge)
                                                      0.000     0.000 r  <hidden>
                                                      0.000     0.000 r  clock_i
                         net (fo=379, unset)          0.041     0.041    clock_i
                         FDRE                                         r  grouped_input.sample_start_s_reg_rep/C
  -------------------------------------------------------------------    -------------------
                         FDRE (Prop_FDRE_C_Q)         0.114     0.155 r  grouped_input.sample_start_s_reg_rep/Q
                         net (fo=93, unplaced)        0.186     0.341    grouped_input.sample_start_s_reg_rep_n_0
                         LUT3 (Prop_LUT3_I1_O)        0.082     0.423 f  threshold_s[1]_i_1/O
                         net (fo=3, unplaced)         0.217     0.640    threshold_s[1]
                         LUT6 (Prop_LUT6_I5_O)        0.058     0.698 r  duration_s[0]_i_9/O
                         net (fo=1, unplaced)         0.227     0.925    duration_s[0]_i_9_n_0
                         CARRY8 (Prop_CARRY8_DI[0]_CO[6])
                                                      0.267     1.192 r  duration_s_reg[0]_i_2/CO[6]
                         net (fo=104, unplaced)       0.184     1.376    duration_s_reg[0]_i_2_n_1
                         LUT6 (Prop_LUT6_I1_O)        0.082     1.458 f  slot_s[2]_i_2/O
                         net (fo=114, unplaced)       0.299     1.757    slot_s[2]_i_2_n_0
                         LUT2 (Prop_LUT2_I0_O)        0.058     1.815 r  descriptor_memory_s_reg_0_15_0_13_i_1/O
                         net (fo=80, unplaced)        0.307     2.122    descriptor_memory_s_reg_0_15_0_13/WE
                         RAMD32                                       r  descriptor_memory_s_reg_0_15_0_13/RAMA/WE
  -------------------------------------------------------------------    -------------------

                         (clock builder_clock rise edge)
                                                      3.200     3.200 r  <hidden>
                                                      0.000     3.200 r  clock_i
                         net (fo=379, unset)          0.059     3.259    descriptor_memory_s_reg_0_15_0_13/WCLK
                         RAMD32                                       r  descriptor_memory_s_reg_0_15_0_13/RAMA/CLK
                         clock pessimism              0.000     3.259    <hidden>
                         clock uncertainty           -0.035     3.224    <hidden>
                         RAMD32 (Setup_RAMD32_CLK_WE)
                                                     -0.266     2.958    descriptor_memory_s_reg_0_15_0_13/RAMA
  -------------------------------------------------------------------
                         required time                          2.958    <hidden>
                         arrival time                          -2.122    <hidden>
  -------------------------------------------------------------------
                         slack                                  0.836    <hidden>





Min Delay Paths
--------------------------------------------------------------------------------------
Slack (MET) :             0.109ns  (arrival time - required time)
  Source:                 grouped_input.raw_index_s_reg[0]/C
                            (rising edge-triggered cell FDRE clocked by builder_clock  {rise@0.000ns fall@1.600ns period=3.200ns})
  Destination:            grouped_input.sample_index_s_reg[0]/D
                            (rising edge-triggered cell FDRE clocked by builder_clock  {rise@0.000ns fall@1.600ns period=3.200ns})
  Path Group:             builder_clock
  Path Type:              Hold (Min at Fast Process Corner)
  Requirement:            0.000ns  (builder_clock rise@0.000ns - builder_clock rise@0.000ns)
  Data Path Delay:        0.158ns  (logic 0.084ns (53.165%)  route 0.074ns (46.835%))
  Logic Levels:           0  
  Clock Path Skew:        0.005ns (DCD - SCD - CPR)
    Destination Clock Delay (DCD):    0.019ns
    Source Clock Delay      (SCD):    0.014ns
    Clock Pessimism Removal (CPR):    -0.000ns

    Location             Delay type                Incr(ns)  Path(ns)    Netlist Resource(s)
  -------------------------------------------------------------------    -------------------
                         (clock builder_clock rise edge)
                                                      0.000     0.000 r  <hidden>
                                                      0.000     0.000 r  clock_i
                         net (fo=379, unset)          0.014     0.014    clock_i
                         FDRE                                         r  grouped_input.raw_index_s_reg[0]/C
  -------------------------------------------------------------------    -------------------
                         FDRE (Prop_FDRE_C_Q)         0.084     0.098 r  grouped_input.raw_index_s_reg[0]/Q
                         net (fo=1, unplaced)         0.074     0.172    grouped_input.raw_index_s[0]
                         FDRE                                         r  grouped_input.sample_index_s_reg[0]/D
  -------------------------------------------------------------------    -------------------

                         (clock builder_clock rise edge)
                                                      0.000     0.000 r  <hidden>
                                                      0.000     0.000 r  clock_i
                         net (fo=379, unset)          0.019     0.019    clock_i
                         FDRE                                         r  grouped_input.sample_index_s_reg[0]/C
                         clock pessimism              0.000     0.019    <hidden>
                         FDRE (Hold_FDRE_C_D)         0.044     0.063    grouped_input.sample_index_s_reg[0]
  -------------------------------------------------------------------
                         required time                         -0.063    <hidden>
                         arrival time                           0.172    <hidden>
  -------------------------------------------------------------------
                         slack                                  0.109    <hidden>





Pulse Width Checks
--------------------------------------------------------------------------------------
Clock Name:         builder_clock
Waveform(ns):       { 0.000 1.600 }
Period(ns):         3.200
Sources:            { clock_i }

Check Type        Corner  Lib Pin     Reference Pin  Required(ns)  Actual(ns)  Slack(ns)  Location  Pin
Min Period        n/a     RAMD32/CLK  n/a            1.524         3.200       1.676                descriptor_memory_s_reg_0_15_0_13/RAMA/CLK
Low Pulse Width   Slow    RAMD32/CLK  n/a            0.762         1.600       0.838                descriptor_memory_s_reg_0_15_0_13/RAMA/CLK
High Pulse Width  Slow    RAMD32/CLK  n/a            0.762         1.600       0.838                descriptor_memory_s_reg_0_15_0_13/RAMA/CLK



