Copyright 1986-2022 Xilinx, Inc. All Rights Reserved. Copyright 2022-2026 Advanced Micro Devices, Inc. All Rights Reserved.
----------------------------------------------------------------------------------------------------------------------------------------------------
| Tool Version : Vivado v.2026.1 (lin64) Build 6511674 Tue Jun 16 11:01:26 MDT 2026
| Date         : Mon Sep 14 17:48:27 2026
| Host         : WL-144132 running 64-bit unknown
| Command      : report_methodology -file /home/marroyav/work/daphne-grouped32-1bae1c8-20260914/build/audit-5f00fb5-routed-20260914/methodology.rpt
| Design       : daphne_selftrigger_bd_wrapper
| Device       : xck26-sfvc784-2LV-c
| Speed File   : -2LV
| Design State : Fully Routed
----------------------------------------------------------------------------------------------------------------------------------------------------

Report Methodology

Table of Contents
-----------------
1. REPORT SUMMARY
2. REPORT DETAILS

1. REPORT SUMMARY
-----------------
            Netlist: netlist
          Floorplan: checkpoint_daphne_selftrigger_bd_post_route
      Design limits: <entire design considered>
             Max checks: <unlimited>
             Checks found: 147
+-----------+------------------+-------------------------------------------------------------+--------+
| Rule      | Severity         | Description                                                 | Checks |
+-----------+------------------+-------------------------------------------------------------+--------+
| TIMING-6  | Critical Warning | No common primary clock between related clocks              | 12     |
| TIMING-7  | Critical Warning | No common node between related clocks                       | 20     |
| LUTAR-1   | Warning          | LUT drives async reset alert                                | 24     |
| NTCN-11   | Warning          | CLOCK_DEDICATED_ROUTE net not driven by global clock buffer | 1      |
| PDRC-190  | Warning          | Suboptimally placed synchronized register chain             | 1      |
| TIMING-9  | Warning          | Unknown CDC Logic                                           | 1      |
| TIMING-16 | Warning          | Large setup violation                                       | 11     |
| TIMING-18 | Warning          | Missing input or output delay                               | 60     |
| TIMING-24 | Warning          | Overridden Max delay datapath only                          | 2      |
| TIMING-30 | Warning          | Sub-optimal master source pin selection for generated clock | 2      |
| ULMTCS-1  | Warning          | Control Sets use limits recommend reduction                 | 1      |
| XDCB-5    | Warning          | Runtime inefficient way to find pin objects                 | 4      |
| CLKC-22   | Advisory         | MMCME4 with ZHOLD does not drive sequential IO              | 1      |
| CLKC-26   | Advisory         | MMCME4 with BUF_IN drives sequential IO with CLKOUT0        | 1      |
| CLKC-30   | Advisory         | MMCME4 not driven by IO has BUFG in feedback loop           | 2      |
| CLKC-40   | Advisory         | Substitute PLLE4 for MMCME4 check                           | 1      |
| CLKC-56   | Advisory         | MMCME4 with global clock driver has no LOC                  | 3      |
+-----------+------------------+-------------------------------------------------------------+--------+

2. REPORT DETAILS
-----------------
TIMING-6#1 Critical Warning
No common primary clock between related clocks  
The clocks clk_pl_0 and tx_clk_array[0] are related (timed together) but they have no common primary clock. The design could fail in hardware. To find a timing path between these clocks, run the following command: report_timing -from [get_clocks clk_pl_0] -to [get_clocks tx_clk_array[0]]
Related violations: <none>

TIMING-6#2 Critical Warning
No common primary clock between related clocks  
The clocks clk_pl_0 and tx_clk_array[1] are related (timed together) but they have no common primary clock. The design could fail in hardware. To find a timing path between these clocks, run the following command: report_timing -from [get_clocks clk_pl_0] -to [get_clocks tx_clk_array[1]]
Related violations: <none>

TIMING-6#3 Critical Warning
No common primary clock between related clocks  
The clocks clk_pl_0 and tx_clk_array[2] are related (timed together) but they have no common primary clock. The design could fail in hardware. To find a timing path between these clocks, run the following command: report_timing -from [get_clocks clk_pl_0] -to [get_clocks tx_clk_array[2]]
Related violations: <none>

TIMING-6#4 Critical Warning
No common primary clock between related clocks  
The clocks clk_pl_0 and tx_clk_array[3] are related (timed together) but they have no common primary clock. The design could fail in hardware. To find a timing path between these clocks, run the following command: report_timing -from [get_clocks clk_pl_0] -to [get_clocks tx_clk_array[3]]
Related violations: <none>

TIMING-6#5 Critical Warning
No common primary clock between related clocks  
The clocks rx_clk_array[0] and clk_pl_0 are related (timed together) but they have no common primary clock. The design could fail in hardware. To find a timing path between these clocks, run the following command: report_timing -from [get_clocks rx_clk_array[0]] -to [get_clocks clk_pl_0]
Related violations: <none>

TIMING-6#6 Critical Warning
No common primary clock between related clocks  
The clocks rx_clk_array[1] and clk_pl_0 are related (timed together) but they have no common primary clock. The design could fail in hardware. To find a timing path between these clocks, run the following command: report_timing -from [get_clocks rx_clk_array[1]] -to [get_clocks clk_pl_0]
Related violations: <none>

TIMING-6#7 Critical Warning
No common primary clock between related clocks  
The clocks rx_clk_array[2] and clk_pl_0 are related (timed together) but they have no common primary clock. The design could fail in hardware. To find a timing path between these clocks, run the following command: report_timing -from [get_clocks rx_clk_array[2]] -to [get_clocks clk_pl_0]
Related violations: <none>

TIMING-6#8 Critical Warning
No common primary clock between related clocks  
The clocks rx_clk_array[3] and clk_pl_0 are related (timed together) but they have no common primary clock. The design could fail in hardware. To find a timing path between these clocks, run the following command: report_timing -from [get_clocks rx_clk_array[3]] -to [get_clocks clk_pl_0]
Related violations: <none>

TIMING-6#9 Critical Warning
No common primary clock between related clocks  
The clocks tx_clk_array[0] and clk_pl_0 are related (timed together) but they have no common primary clock. The design could fail in hardware. To find a timing path between these clocks, run the following command: report_timing -from [get_clocks tx_clk_array[0]] -to [get_clocks clk_pl_0]
Related violations: <none>

TIMING-6#10 Critical Warning
No common primary clock between related clocks  
The clocks tx_clk_array[1] and clk_pl_0 are related (timed together) but they have no common primary clock. The design could fail in hardware. To find a timing path between these clocks, run the following command: report_timing -from [get_clocks tx_clk_array[1]] -to [get_clocks clk_pl_0]
Related violations: <none>

TIMING-6#11 Critical Warning
No common primary clock between related clocks  
The clocks tx_clk_array[2] and clk_pl_0 are related (timed together) but they have no common primary clock. The design could fail in hardware. To find a timing path between these clocks, run the following command: report_timing -from [get_clocks tx_clk_array[2]] -to [get_clocks clk_pl_0]
Related violations: <none>

TIMING-6#12 Critical Warning
No common primary clock between related clocks  
The clocks tx_clk_array[3] and clk_pl_0 are related (timed together) but they have no common primary clock. The design could fail in hardware. To find a timing path between these clocks, run the following command: report_timing -from [get_clocks tx_clk_array[3]] -to [get_clocks clk_pl_0]
Related violations: <none>

TIMING-7#1 Critical Warning
No common node between related clocks  
The clocks clk_pl_0 and tx_clk_array[0] are related (timed together) but they have no common node. The design could fail in hardware. To find a timing path between these clocks, run the following command: report_timing -from [get_clocks clk_pl_0] -to [get_clocks tx_clk_array[0]]
Related violations: <none>

TIMING-7#2 Critical Warning
No common node between related clocks  
The clocks clk_pl_0 and tx_clk_array[1] are related (timed together) but they have no common node. The design could fail in hardware. To find a timing path between these clocks, run the following command: report_timing -from [get_clocks clk_pl_0] -to [get_clocks tx_clk_array[1]]
Related violations: <none>

TIMING-7#3 Critical Warning
No common node between related clocks  
The clocks clk_pl_0 and tx_clk_array[2] are related (timed together) but they have no common node. The design could fail in hardware. To find a timing path between these clocks, run the following command: report_timing -from [get_clocks clk_pl_0] -to [get_clocks tx_clk_array[2]]
Related violations: <none>

TIMING-7#4 Critical Warning
No common node between related clocks  
The clocks clk_pl_0 and tx_clk_array[3] are related (timed together) but they have no common node. The design could fail in hardware. To find a timing path between these clocks, run the following command: report_timing -from [get_clocks clk_pl_0] -to [get_clocks tx_clk_array[3]]
Related violations: <none>

TIMING-7#5 Critical Warning
No common node between related clocks  
The clocks rx_clk_array[0] and clk_pl_0 are related (timed together) but they have no common node. The design could fail in hardware. To find a timing path between these clocks, run the following command: report_timing -from [get_clocks rx_clk_array[0]] -to [get_clocks clk_pl_0]
Related violations: <none>

TIMING-7#6 Critical Warning
No common node between related clocks  
The clocks rx_clk_array[0] and tx_clk_array[0] are related (timed together) but they have no common node. The design could fail in hardware. To find a timing path between these clocks, run the following command: report_timing -from [get_clocks rx_clk_array[0]] -to [get_clocks tx_clk_array[0]]
Related violations: <none>

TIMING-7#7 Critical Warning
No common node between related clocks  
The clocks rx_clk_array[1] and clk_pl_0 are related (timed together) but they have no common node. The design could fail in hardware. To find a timing path between these clocks, run the following command: report_timing -from [get_clocks rx_clk_array[1]] -to [get_clocks clk_pl_0]
Related violations: <none>

TIMING-7#8 Critical Warning
No common node between related clocks  
The clocks rx_clk_array[1] and tx_clk_array[1] are related (timed together) but they have no common node. The design could fail in hardware. To find a timing path between these clocks, run the following command: report_timing -from [get_clocks rx_clk_array[1]] -to [get_clocks tx_clk_array[1]]
Related violations: <none>

TIMING-7#9 Critical Warning
No common node between related clocks  
The clocks rx_clk_array[2] and clk_pl_0 are related (timed together) but they have no common node. The design could fail in hardware. To find a timing path between these clocks, run the following command: report_timing -from [get_clocks rx_clk_array[2]] -to [get_clocks clk_pl_0]
Related violations: <none>

TIMING-7#10 Critical Warning
No common node between related clocks  
The clocks rx_clk_array[2] and tx_clk_array[2] are related (timed together) but they have no common node. The design could fail in hardware. To find a timing path between these clocks, run the following command: report_timing -from [get_clocks rx_clk_array[2]] -to [get_clocks tx_clk_array[2]]
Related violations: <none>

TIMING-7#11 Critical Warning
No common node between related clocks  
The clocks rx_clk_array[3] and clk_pl_0 are related (timed together) but they have no common node. The design could fail in hardware. To find a timing path between these clocks, run the following command: report_timing -from [get_clocks rx_clk_array[3]] -to [get_clocks clk_pl_0]
Related violations: <none>

TIMING-7#12 Critical Warning
No common node between related clocks  
The clocks rx_clk_array[3] and tx_clk_array[3] are related (timed together) but they have no common node. The design could fail in hardware. To find a timing path between these clocks, run the following command: report_timing -from [get_clocks rx_clk_array[3]] -to [get_clocks tx_clk_array[3]]
Related violations: <none>

TIMING-7#13 Critical Warning
No common node between related clocks  
The clocks tx_clk_array[0] and clk_pl_0 are related (timed together) but they have no common node. The design could fail in hardware. To find a timing path between these clocks, run the following command: report_timing -from [get_clocks tx_clk_array[0]] -to [get_clocks clk_pl_0]
Related violations: <none>

TIMING-7#14 Critical Warning
No common node between related clocks  
The clocks tx_clk_array[0] and rx_clk_array[0] are related (timed together) but they have no common node. The design could fail in hardware. To find a timing path between these clocks, run the following command: report_timing -from [get_clocks tx_clk_array[0]] -to [get_clocks rx_clk_array[0]]
Related violations: <none>

TIMING-7#15 Critical Warning
No common node between related clocks  
The clocks tx_clk_array[1] and clk_pl_0 are related (timed together) but they have no common node. The design could fail in hardware. To find a timing path between these clocks, run the following command: report_timing -from [get_clocks tx_clk_array[1]] -to [get_clocks clk_pl_0]
Related violations: <none>

TIMING-7#16 Critical Warning
No common node between related clocks  
The clocks tx_clk_array[1] and rx_clk_array[1] are related (timed together) but they have no common node. The design could fail in hardware. To find a timing path between these clocks, run the following command: report_timing -from [get_clocks tx_clk_array[1]] -to [get_clocks rx_clk_array[1]]
Related violations: <none>

TIMING-7#17 Critical Warning
No common node between related clocks  
The clocks tx_clk_array[2] and clk_pl_0 are related (timed together) but they have no common node. The design could fail in hardware. To find a timing path between these clocks, run the following command: report_timing -from [get_clocks tx_clk_array[2]] -to [get_clocks clk_pl_0]
Related violations: <none>

TIMING-7#18 Critical Warning
No common node between related clocks  
The clocks tx_clk_array[2] and rx_clk_array[2] are related (timed together) but they have no common node. The design could fail in hardware. To find a timing path between these clocks, run the following command: report_timing -from [get_clocks tx_clk_array[2]] -to [get_clocks rx_clk_array[2]]
Related violations: <none>

TIMING-7#19 Critical Warning
No common node between related clocks  
The clocks tx_clk_array[3] and clk_pl_0 are related (timed together) but they have no common node. The design could fail in hardware. To find a timing path between these clocks, run the following command: report_timing -from [get_clocks tx_clk_array[3]] -to [get_clocks clk_pl_0]
Related violations: <none>

TIMING-7#20 Critical Warning
No common node between related clocks  
The clocks tx_clk_array[3] and rx_clk_array[3] are related (timed together) but they have no common node. The design could fail in hardware. To find a timing path between these clocks, run the following command: report_timing -from [get_clocks tx_clk_array[3]] -to [get_clocks rx_clk_array[3]]
Related violations: <none>

LUTAR-1#1 Warning
LUT drives async reset alert  
LUT cell daphne_selftrigger_bd_i/daphne_selftrigger_top/U0/k26c_board_shell_inst/selftrigger_plane_inst/transport_plane_inst/hermes_transport_plane_inst/daphne_top_inst/mux/pcs_pma/meta_reset_n_i_1, with 2 or more inputs, drives asynchronous preset/clear pin(s) daphne_selftrigger_bd_i/daphne_selftrigger_top/U0/k26c_board_shell_inst/selftrigger_plane_inst/transport_plane_inst/hermes_transport_plane_inst/daphne_top_inst/mux/tx_path/src_gen[0].udp_core/tx_rst_sync_phy_clk_inst/int_synced_reset_n_reg/CLR
daphne_selftrigger_bd_i/daphne_selftrigger_top/U0/k26c_board_shell_inst/selftrigger_plane_inst/transport_plane_inst/hermes_transport_plane_inst/daphne_top_inst/mux/tx_path/src_gen[0].udp_core/tx_rst_sync_phy_clk_inst/meta_reset_n_reg/CLR. The LUT may glitch and trigger an unexpected reset, even if it is a properly timed path.
Related violations: <none>

LUTAR-1#2 Warning
LUT drives async reset alert  
LUT cell daphne_selftrigger_bd_i/daphne_selftrigger_top/U0/k26c_board_shell_inst/selftrigger_plane_inst/transport_plane_inst/hermes_transport_plane_inst/daphne_top_inst/mux/pcs_pma/meta_reset_n_i_1__0, with 2 or more inputs, drives asynchronous preset/clear pin(s) daphne_selftrigger_bd_i/daphne_selftrigger_top/U0/k26c_board_shell_inst/selftrigger_plane_inst/transport_plane_inst/hermes_transport_plane_inst/daphne_top_inst/mux/tx_path/src_gen[1].udp_core/tx_rst_sync_phy_clk_inst/int_synced_reset_n_reg/CLR
daphne_selftrigger_bd_i/daphne_selftrigger_top/U0/k26c_board_shell_inst/selftrigger_plane_inst/transport_plane_inst/hermes_transport_plane_inst/daphne_top_inst/mux/tx_path/src_gen[1].udp_core/tx_rst_sync_phy_clk_inst/meta_reset_n_reg/CLR. The LUT may glitch and trigger an unexpected reset, even if it is a properly timed path.
Related violations: <none>

LUTAR-1#3 Warning
LUT drives async reset alert  
LUT cell daphne_selftrigger_bd_i/daphne_selftrigger_top/U0/k26c_board_shell_inst/selftrigger_plane_inst/transport_plane_inst/hermes_transport_plane_inst/daphne_top_inst/mux/pcs_pma/meta_reset_n_i_1__1, with 2 or more inputs, drives asynchronous preset/clear pin(s) daphne_selftrigger_bd_i/daphne_selftrigger_top/U0/k26c_board_shell_inst/selftrigger_plane_inst/transport_plane_inst/hermes_transport_plane_inst/daphne_top_inst/mux/tx_path/src_gen[2].udp_core/tx_rst_sync_phy_clk_inst/int_synced_reset_n_reg/CLR
daphne_selftrigger_bd_i/daphne_selftrigger_top/U0/k26c_board_shell_inst/selftrigger_plane_inst/transport_plane_inst/hermes_transport_plane_inst/daphne_top_inst/mux/tx_path/src_gen[2].udp_core/tx_rst_sync_phy_clk_inst/meta_reset_n_reg/CLR. The LUT may glitch and trigger an unexpected reset, even if it is a properly timed path.
Related violations: <none>

LUTAR-1#4 Warning
LUT drives async reset alert  
LUT cell daphne_selftrigger_bd_i/daphne_selftrigger_top/U0/k26c_board_shell_inst/selftrigger_plane_inst/transport_plane_inst/hermes_transport_plane_inst/daphne_top_inst/mux/pcs_pma/meta_reset_n_i_1__2, with 2 or more inputs, drives asynchronous preset/clear pin(s) daphne_selftrigger_bd_i/daphne_selftrigger_top/U0/k26c_board_shell_inst/selftrigger_plane_inst/transport_plane_inst/hermes_transport_plane_inst/daphne_top_inst/mux/tx_path/src_gen[3].udp_core/tx_rst_sync_phy_clk_inst/int_synced_reset_n_reg/CLR
daphne_selftrigger_bd_i/daphne_selftrigger_top/U0/k26c_board_shell_inst/selftrigger_plane_inst/transport_plane_inst/hermes_transport_plane_inst/daphne_top_inst/mux/tx_path/src_gen[3].udp_core/tx_rst_sync_phy_clk_inst/meta_reset_n_reg/CLR. The LUT may glitch and trigger an unexpected reset, even if it is a properly timed path.
Related violations: <none>

LUTAR-1#5 Warning
LUT drives async reset alert  
LUT cell daphne_selftrigger_bd_i/daphne_selftrigger_top/U0/k26c_board_shell_inst/selftrigger_plane_inst/transport_plane_inst/hermes_transport_plane_inst/daphne_top_inst/mux/pcs_pma/phy_gen[0].phy_10gbe/inst/i_core_gtwiz_userclk_tx_inst_0/gen_gtwiz_userclk_tx_main.bufg_gt_usrclk2_inst_i_1, with 2 or more inputs, drives asynchronous preset/clear pin(s) daphne_selftrigger_bd_i/daphne_selftrigger_top/U0/k26c_board_shell_inst/selftrigger_plane_inst/transport_plane_inst/hermes_transport_plane_inst/daphne_top_inst/mux/pcs_pma/phy_gen[0].phy_10gbe/inst/i_core_gtwiz_userclk_tx_inst_0/gen_gtwiz_userclk_tx_main.gtwiz_userclk_tx_active_out_reg/CLR
daphne_selftrigger_bd_i/daphne_selftrigger_top/U0/k26c_board_shell_inst/selftrigger_plane_inst/transport_plane_inst/hermes_transport_plane_inst/daphne_top_inst/mux/pcs_pma/phy_gen[0].phy_10gbe/inst/i_xxv_ethernet_0_gt/inst/gen_gtwizard_gthe4_top.xxv_ethernet_0_gt_gtwizard_gthe4_inst/gen_gtwizard_gthe4.gen_channel_container[1].gen_enabled_channel.gthe4_channel_wrapper_inst/channel_inst/BUFG_GT_SYNC_1/CLR. The LUT may glitch and trigger an unexpected reset, even if it is a properly timed path.
Related violations: <none>

LUTAR-1#6 Warning
LUT drives async reset alert  
LUT cell daphne_selftrigger_bd_i/daphne_selftrigger_top/U0/k26c_board_shell_inst/selftrigger_plane_inst/transport_plane_inst/hermes_transport_plane_inst/daphne_top_inst/mux/pcs_pma/phy_gen[0].phy_10gbe/inst/i_xxv_ethernet_0_gt/inst/gen_gtwizard_gthe4_top.xxv_ethernet_0_gt_gtwizard_gthe4_inst/gen_gtwizard_gthe4.gen_reset_controller_internal.gen_single_instance.gtwiz_reset_inst/reset_synchronizer_gtwiz_reset_rx_any_inst/rst_in_meta_i_1, with 2 or more inputs, drives asynchronous preset/clear pin(s) daphne_selftrigger_bd_i/daphne_selftrigger_top/U0/k26c_board_shell_inst/selftrigger_plane_inst/transport_plane_inst/hermes_transport_plane_inst/daphne_top_inst/mux/pcs_pma/phy_gen[0].phy_10gbe/inst/i_xxv_ethernet_0_gt/inst/gen_gtwizard_gthe4_top.xxv_ethernet_0_gt_gtwizard_gthe4_inst/gen_gtwizard_gthe4.gen_reset_controller_internal.gen_single_instance.gtwiz_reset_inst/reset_synchronizer_gtwiz_reset_rx_any_inst/rst_in_meta_reg/PRE,
daphne_selftrigger_bd_i/daphne_selftrigger_top/U0/k26c_board_shell_inst/selftrigger_plane_inst/transport_plane_inst/hermes_transport_plane_inst/daphne_top_inst/mux/pcs_pma/phy_gen[0].phy_10gbe/inst/i_xxv_ethernet_0_gt/inst/gen_gtwizard_gthe4_top.xxv_ethernet_0_gt_gtwizard_gthe4_inst/gen_gtwizard_gthe4.gen_reset_controller_internal.gen_single_instance.gtwiz_reset_inst/reset_synchronizer_gtwiz_reset_rx_any_inst/rst_in_out_reg/PRE,
daphne_selftrigger_bd_i/daphne_selftrigger_top/U0/k26c_board_shell_inst/selftrigger_plane_inst/transport_plane_inst/hermes_transport_plane_inst/daphne_top_inst/mux/pcs_pma/phy_gen[0].phy_10gbe/inst/i_xxv_ethernet_0_gt/inst/gen_gtwizard_gthe4_top.xxv_ethernet_0_gt_gtwizard_gthe4_inst/gen_gtwizard_gthe4.gen_reset_controller_internal.gen_single_instance.gtwiz_reset_inst/reset_synchronizer_gtwiz_reset_rx_any_inst/rst_in_sync1_reg/PRE,
daphne_selftrigger_bd_i/daphne_selftrigger_top/U0/k26c_board_shell_inst/selftrigger_plane_inst/transport_plane_inst/hermes_transport_plane_inst/daphne_top_inst/mux/pcs_pma/phy_gen[0].phy_10gbe/inst/i_xxv_ethernet_0_gt/inst/gen_gtwizard_gthe4_top.xxv_ethernet_0_gt_gtwizard_gthe4_inst/gen_gtwizard_gthe4.gen_reset_controller_internal.gen_single_instance.gtwiz_reset_inst/reset_synchronizer_gtwiz_reset_rx_any_inst/rst_in_sync2_reg/PRE
daphne_selftrigger_bd_i/daphne_selftrigger_top/U0/k26c_board_shell_inst/selftrigger_plane_inst/transport_plane_inst/hermes_transport_plane_inst/daphne_top_inst/mux/pcs_pma/phy_gen[0].phy_10gbe/inst/i_xxv_ethernet_0_gt/inst/gen_gtwizard_gthe4_top.xxv_ethernet_0_gt_gtwizard_gthe4_inst/gen_gtwizard_gthe4.gen_reset_controller_internal.gen_single_instance.gtwiz_reset_inst/reset_synchronizer_gtwiz_reset_rx_any_inst/rst_in_sync3_reg/PRE. The LUT may glitch and trigger an unexpected reset, even if it is a properly timed path.
Related violations: <none>

LUTAR-1#7 Warning
LUT drives async reset alert  
LUT cell daphne_selftrigger_bd_i/daphne_selftrigger_top/U0/k26c_board_shell_inst/selftrigger_plane_inst/transport_plane_inst/hermes_transport_plane_inst/daphne_top_inst/mux/pcs_pma/phy_gen[0].phy_10gbe/inst/i_xxv_ethernet_0_gt/inst/gen_gtwizard_gthe4_top.xxv_ethernet_0_gt_gtwizard_gthe4_inst/gen_gtwizard_gthe4.gen_reset_controller_internal.gen_single_instance.gtwiz_reset_inst/reset_synchronizer_gtwiz_reset_rx_datapath_inst/rst_in_meta_i_1__0, with 2 or more inputs, drives asynchronous preset/clear pin(s) daphne_selftrigger_bd_i/daphne_selftrigger_top/U0/k26c_board_shell_inst/selftrigger_plane_inst/transport_plane_inst/hermes_transport_plane_inst/daphne_top_inst/mux/pcs_pma/phy_gen[0].phy_10gbe/inst/i_xxv_ethernet_0_gt/inst/gen_gtwizard_gthe4_top.xxv_ethernet_0_gt_gtwizard_gthe4_inst/gen_gtwizard_gthe4.gen_reset_controller_internal.gen_single_instance.gtwiz_reset_inst/reset_synchronizer_gtwiz_reset_rx_datapath_inst/rst_in_meta_reg/PRE,
daphne_selftrigger_bd_i/daphne_selftrigger_top/U0/k26c_board_shell_inst/selftrigger_plane_inst/transport_plane_inst/hermes_transport_plane_inst/daphne_top_inst/mux/pcs_pma/phy_gen[0].phy_10gbe/inst/i_xxv_ethernet_0_gt/inst/gen_gtwizard_gthe4_top.xxv_ethernet_0_gt_gtwizard_gthe4_inst/gen_gtwizard_gthe4.gen_reset_controller_internal.gen_single_instance.gtwiz_reset_inst/reset_synchronizer_gtwiz_reset_rx_datapath_inst/rst_in_out_reg/PRE,
daphne_selftrigger_bd_i/daphne_selftrigger_top/U0/k26c_board_shell_inst/selftrigger_plane_inst/transport_plane_inst/hermes_transport_plane_inst/daphne_top_inst/mux/pcs_pma/phy_gen[0].phy_10gbe/inst/i_xxv_ethernet_0_gt/inst/gen_gtwizard_gthe4_top.xxv_ethernet_0_gt_gtwizard_gthe4_inst/gen_gtwizard_gthe4.gen_reset_controller_internal.gen_single_instance.gtwiz_reset_inst/reset_synchronizer_gtwiz_reset_rx_datapath_inst/rst_in_sync1_reg/PRE,
daphne_selftrigger_bd_i/daphne_selftrigger_top/U0/k26c_board_shell_inst/selftrigger_plane_inst/transport_plane_inst/hermes_transport_plane_inst/daphne_top_inst/mux/pcs_pma/phy_gen[0].phy_10gbe/inst/i_xxv_ethernet_0_gt/inst/gen_gtwizard_gthe4_top.xxv_ethernet_0_gt_gtwizard_gthe4_inst/gen_gtwizard_gthe4.gen_reset_controller_internal.gen_single_instance.gtwiz_reset_inst/reset_synchronizer_gtwiz_reset_rx_datapath_inst/rst_in_sync2_reg/PRE
daphne_selftrigger_bd_i/daphne_selftrigger_top/U0/k26c_board_shell_inst/selftrigger_plane_inst/transport_plane_inst/hermes_transport_plane_inst/daphne_top_inst/mux/pcs_pma/phy_gen[0].phy_10gbe/inst/i_xxv_ethernet_0_gt/inst/gen_gtwizard_gthe4_top.xxv_ethernet_0_gt_gtwizard_gthe4_inst/gen_gtwizard_gthe4.gen_reset_controller_internal.gen_single_instance.gtwiz_reset_inst/reset_synchronizer_gtwiz_reset_rx_datapath_inst/rst_in_sync3_reg/PRE. The LUT may glitch and trigger an unexpected reset, even if it is a properly timed path.
Related violations: <none>

LUTAR-1#8 Warning
LUT drives async reset alert  
LUT cell daphne_selftrigger_bd_i/daphne_selftrigger_top/U0/k26c_board_shell_inst/selftrigger_plane_inst/transport_plane_inst/hermes_transport_plane_inst/daphne_top_inst/mux/pcs_pma/phy_gen[1].phy_10gbe/inst/i_core_gtwiz_userclk_tx_inst_0/gen_gtwiz_userclk_tx_main.bufg_gt_usrclk2_inst_i_1, with 2 or more inputs, drives asynchronous preset/clear pin(s) daphne_selftrigger_bd_i/daphne_selftrigger_top/U0/k26c_board_shell_inst/selftrigger_plane_inst/transport_plane_inst/hermes_transport_plane_inst/daphne_top_inst/mux/pcs_pma/phy_gen[1].phy_10gbe/inst/i_core_gtwiz_userclk_tx_inst_0/gen_gtwiz_userclk_tx_main.gtwiz_userclk_tx_active_out_reg/CLR
daphne_selftrigger_bd_i/daphne_selftrigger_top/U0/k26c_board_shell_inst/selftrigger_plane_inst/transport_plane_inst/hermes_transport_plane_inst/daphne_top_inst/mux/pcs_pma/phy_gen[1].phy_10gbe/inst/i_xxv_ethernet_0_gt/inst/gen_gtwizard_gthe4_top.xxv_ethernet_0_gt_gtwizard_gthe4_inst/gen_gtwizard_gthe4.gen_channel_container[1].gen_enabled_channel.gthe4_channel_wrapper_inst/channel_inst/BUFG_GT_SYNC_1/CLR. The LUT may glitch and trigger an unexpected reset, even if it is a properly timed path.
Related violations: <none>

LUTAR-1#9 Warning
LUT drives async reset alert  
LUT cell daphne_selftrigger_bd_i/daphne_selftrigger_top/U0/k26c_board_shell_inst/selftrigger_plane_inst/transport_plane_inst/hermes_transport_plane_inst/daphne_top_inst/mux/pcs_pma/phy_gen[1].phy_10gbe/inst/i_xxv_ethernet_0_gt/inst/gen_gtwizard_gthe4_top.xxv_ethernet_0_gt_gtwizard_gthe4_inst/gen_gtwizard_gthe4.gen_reset_controller_internal.gen_single_instance.gtwiz_reset_inst/reset_synchronizer_gtwiz_reset_rx_any_inst/rst_in_meta_i_1, with 2 or more inputs, drives asynchronous preset/clear pin(s) daphne_selftrigger_bd_i/daphne_selftrigger_top/U0/k26c_board_shell_inst/selftrigger_plane_inst/transport_plane_inst/hermes_transport_plane_inst/daphne_top_inst/mux/pcs_pma/phy_gen[1].phy_10gbe/inst/i_xxv_ethernet_0_gt/inst/gen_gtwizard_gthe4_top.xxv_ethernet_0_gt_gtwizard_gthe4_inst/gen_gtwizard_gthe4.gen_reset_controller_internal.gen_single_instance.gtwiz_reset_inst/reset_synchronizer_gtwiz_reset_rx_any_inst/rst_in_meta_reg/PRE,
daphne_selftrigger_bd_i/daphne_selftrigger_top/U0/k26c_board_shell_inst/selftrigger_plane_inst/transport_plane_inst/hermes_transport_plane_inst/daphne_top_inst/mux/pcs_pma/phy_gen[1].phy_10gbe/inst/i_xxv_ethernet_0_gt/inst/gen_gtwizard_gthe4_top.xxv_ethernet_0_gt_gtwizard_gthe4_inst/gen_gtwizard_gthe4.gen_reset_controller_internal.gen_single_instance.gtwiz_reset_inst/reset_synchronizer_gtwiz_reset_rx_any_inst/rst_in_out_reg/PRE,
daphne_selftrigger_bd_i/daphne_selftrigger_top/U0/k26c_board_shell_inst/selftrigger_plane_inst/transport_plane_inst/hermes_transport_plane_inst/daphne_top_inst/mux/pcs_pma/phy_gen[1].phy_10gbe/inst/i_xxv_ethernet_0_gt/inst/gen_gtwizard_gthe4_top.xxv_ethernet_0_gt_gtwizard_gthe4_inst/gen_gtwizard_gthe4.gen_reset_controller_internal.gen_single_instance.gtwiz_reset_inst/reset_synchronizer_gtwiz_reset_rx_any_inst/rst_in_sync1_reg/PRE,
daphne_selftrigger_bd_i/daphne_selftrigger_top/U0/k26c_board_shell_inst/selftrigger_plane_inst/transport_plane_inst/hermes_transport_plane_inst/daphne_top_inst/mux/pcs_pma/phy_gen[1].phy_10gbe/inst/i_xxv_ethernet_0_gt/inst/gen_gtwizard_gthe4_top.xxv_ethernet_0_gt_gtwizard_gthe4_inst/gen_gtwizard_gthe4.gen_reset_controller_internal.gen_single_instance.gtwiz_reset_inst/reset_synchronizer_gtwiz_reset_rx_any_inst/rst_in_sync2_reg/PRE
daphne_selftrigger_bd_i/daphne_selftrigger_top/U0/k26c_board_shell_inst/selftrigger_plane_inst/transport_plane_inst/hermes_transport_plane_inst/daphne_top_inst/mux/pcs_pma/phy_gen[1].phy_10gbe/inst/i_xxv_ethernet_0_gt/inst/gen_gtwizard_gthe4_top.xxv_ethernet_0_gt_gtwizard_gthe4_inst/gen_gtwizard_gthe4.gen_reset_controller_internal.gen_single_instance.gtwiz_reset_inst/reset_synchronizer_gtwiz_reset_rx_any_inst/rst_in_sync3_reg/PRE. The LUT may glitch and trigger an unexpected reset, even if it is a properly timed path.
Related violations: <none>

LUTAR-1#10 Warning
LUT drives async reset alert  
LUT cell daphne_selftrigger_bd_i/daphne_selftrigger_top/U0/k26c_board_shell_inst/selftrigger_plane_inst/transport_plane_inst/hermes_transport_plane_inst/daphne_top_inst/mux/pcs_pma/phy_gen[1].phy_10gbe/inst/i_xxv_ethernet_0_gt/inst/gen_gtwizard_gthe4_top.xxv_ethernet_0_gt_gtwizard_gthe4_inst/gen_gtwizard_gthe4.gen_reset_controller_internal.gen_single_instance.gtwiz_reset_inst/reset_synchronizer_gtwiz_reset_rx_datapath_inst/rst_in_meta_i_1__0, with 2 or more inputs, drives asynchronous preset/clear pin(s) daphne_selftrigger_bd_i/daphne_selftrigger_top/U0/k26c_board_shell_inst/selftrigger_plane_inst/transport_plane_inst/hermes_transport_plane_inst/daphne_top_inst/mux/pcs_pma/phy_gen[1].phy_10gbe/inst/i_xxv_ethernet_0_gt/inst/gen_gtwizard_gthe4_top.xxv_ethernet_0_gt_gtwizard_gthe4_inst/gen_gtwizard_gthe4.gen_reset_controller_internal.gen_single_instance.gtwiz_reset_inst/reset_synchronizer_gtwiz_reset_rx_datapath_inst/rst_in_meta_reg/PRE,
daphne_selftrigger_bd_i/daphne_selftrigger_top/U0/k26c_board_shell_inst/selftrigger_plane_inst/transport_plane_inst/hermes_transport_plane_inst/daphne_top_inst/mux/pcs_pma/phy_gen[1].phy_10gbe/inst/i_xxv_ethernet_0_gt/inst/gen_gtwizard_gthe4_top.xxv_ethernet_0_gt_gtwizard_gthe4_inst/gen_gtwizard_gthe4.gen_reset_controller_internal.gen_single_instance.gtwiz_reset_inst/reset_synchronizer_gtwiz_reset_rx_datapath_inst/rst_in_out_reg/PRE,
daphne_selftrigger_bd_i/daphne_selftrigger_top/U0/k26c_board_shell_inst/selftrigger_plane_inst/transport_plane_inst/hermes_transport_plane_inst/daphne_top_inst/mux/pcs_pma/phy_gen[1].phy_10gbe/inst/i_xxv_ethernet_0_gt/inst/gen_gtwizard_gthe4_top.xxv_ethernet_0_gt_gtwizard_gthe4_inst/gen_gtwizard_gthe4.gen_reset_controller_internal.gen_single_instance.gtwiz_reset_inst/reset_synchronizer_gtwiz_reset_rx_datapath_inst/rst_in_sync1_reg/PRE,
daphne_selftrigger_bd_i/daphne_selftrigger_top/U0/k26c_board_shell_inst/selftrigger_plane_inst/transport_plane_inst/hermes_transport_plane_inst/daphne_top_inst/mux/pcs_pma/phy_gen[1].phy_10gbe/inst/i_xxv_ethernet_0_gt/inst/gen_gtwizard_gthe4_top.xxv_ethernet_0_gt_gtwizard_gthe4_inst/gen_gtwizard_gthe4.gen_reset_controller_internal.gen_single_instance.gtwiz_reset_inst/reset_synchronizer_gtwiz_reset_rx_datapath_inst/rst_in_sync2_reg/PRE
daphne_selftrigger_bd_i/daphne_selftrigger_top/U0/k26c_board_shell_inst/selftrigger_plane_inst/transport_plane_inst/hermes_transport_plane_inst/daphne_top_inst/mux/pcs_pma/phy_gen[1].phy_10gbe/inst/i_xxv_ethernet_0_gt/inst/gen_gtwizard_gthe4_top.xxv_ethernet_0_gt_gtwizard_gthe4_inst/gen_gtwizard_gthe4.gen_reset_controller_internal.gen_single_instance.gtwiz_reset_inst/reset_synchronizer_gtwiz_reset_rx_datapath_inst/rst_in_sync3_reg/PRE. The LUT may glitch and trigger an unexpected reset, even if it is a properly timed path.
Related violations: <none>

LUTAR-1#11 Warning
LUT drives async reset alert  
LUT cell daphne_selftrigger_bd_i/daphne_selftrigger_top/U0/k26c_board_shell_inst/selftrigger_plane_inst/transport_plane_inst/hermes_transport_plane_inst/daphne_top_inst/mux/pcs_pma/phy_gen[2].phy_10gbe/inst/i_core_gtwiz_userclk_tx_inst_0/gen_gtwiz_userclk_tx_main.bufg_gt_usrclk2_inst_i_1, with 2 or more inputs, drives asynchronous preset/clear pin(s) daphne_selftrigger_bd_i/daphne_selftrigger_top/U0/k26c_board_shell_inst/selftrigger_plane_inst/transport_plane_inst/hermes_transport_plane_inst/daphne_top_inst/mux/pcs_pma/phy_gen[2].phy_10gbe/inst/i_core_gtwiz_userclk_tx_inst_0/gen_gtwiz_userclk_tx_main.gtwiz_userclk_tx_active_out_reg/CLR
daphne_selftrigger_bd_i/daphne_selftrigger_top/U0/k26c_board_shell_inst/selftrigger_plane_inst/transport_plane_inst/hermes_transport_plane_inst/daphne_top_inst/mux/pcs_pma/phy_gen[2].phy_10gbe/inst/i_xxv_ethernet_0_gt/inst/gen_gtwizard_gthe4_top.xxv_ethernet_0_gt_gtwizard_gthe4_inst/gen_gtwizard_gthe4.gen_channel_container[1].gen_enabled_channel.gthe4_channel_wrapper_inst/channel_inst/BUFG_GT_SYNC_1/CLR. The LUT may glitch and trigger an unexpected reset, even if it is a properly timed path.
Related violations: <none>

LUTAR-1#12 Warning
LUT drives async reset alert  
LUT cell daphne_selftrigger_bd_i/daphne_selftrigger_top/U0/k26c_board_shell_inst/selftrigger_plane_inst/transport_plane_inst/hermes_transport_plane_inst/daphne_top_inst/mux/pcs_pma/phy_gen[2].phy_10gbe/inst/i_xxv_ethernet_0_gt/inst/gen_gtwizard_gthe4_top.xxv_ethernet_0_gt_gtwizard_gthe4_inst/gen_gtwizard_gthe4.gen_reset_controller_internal.gen_single_instance.gtwiz_reset_inst/reset_synchronizer_gtwiz_reset_rx_any_inst/rst_in_meta_i_1, with 2 or more inputs, drives asynchronous preset/clear pin(s) daphne_selftrigger_bd_i/daphne_selftrigger_top/U0/k26c_board_shell_inst/selftrigger_plane_inst/transport_plane_inst/hermes_transport_plane_inst/daphne_top_inst/mux/pcs_pma/phy_gen[2].phy_10gbe/inst/i_xxv_ethernet_0_gt/inst/gen_gtwizard_gthe4_top.xxv_ethernet_0_gt_gtwizard_gthe4_inst/gen_gtwizard_gthe4.gen_reset_controller_internal.gen_single_instance.gtwiz_reset_inst/reset_synchronizer_gtwiz_reset_rx_any_inst/rst_in_meta_reg/PRE,
daphne_selftrigger_bd_i/daphne_selftrigger_top/U0/k26c_board_shell_inst/selftrigger_plane_inst/transport_plane_inst/hermes_transport_plane_inst/daphne_top_inst/mux/pcs_pma/phy_gen[2].phy_10gbe/inst/i_xxv_ethernet_0_gt/inst/gen_gtwizard_gthe4_top.xxv_ethernet_0_gt_gtwizard_gthe4_inst/gen_gtwizard_gthe4.gen_reset_controller_internal.gen_single_instance.gtwiz_reset_inst/reset_synchronizer_gtwiz_reset_rx_any_inst/rst_in_out_reg/PRE,
daphne_selftrigger_bd_i/daphne_selftrigger_top/U0/k26c_board_shell_inst/selftrigger_plane_inst/transport_plane_inst/hermes_transport_plane_inst/daphne_top_inst/mux/pcs_pma/phy_gen[2].phy_10gbe/inst/i_xxv_ethernet_0_gt/inst/gen_gtwizard_gthe4_top.xxv_ethernet_0_gt_gtwizard_gthe4_inst/gen_gtwizard_gthe4.gen_reset_controller_internal.gen_single_instance.gtwiz_reset_inst/reset_synchronizer_gtwiz_reset_rx_any_inst/rst_in_sync1_reg/PRE,
daphne_selftrigger_bd_i/daphne_selftrigger_top/U0/k26c_board_shell_inst/selftrigger_plane_inst/transport_plane_inst/hermes_transport_plane_inst/daphne_top_inst/mux/pcs_pma/phy_gen[2].phy_10gbe/inst/i_xxv_ethernet_0_gt/inst/gen_gtwizard_gthe4_top.xxv_ethernet_0_gt_gtwizard_gthe4_inst/gen_gtwizard_gthe4.gen_reset_controller_internal.gen_single_instance.gtwiz_reset_inst/reset_synchronizer_gtwiz_reset_rx_any_inst/rst_in_sync2_reg/PRE
daphne_selftrigger_bd_i/daphne_selftrigger_top/U0/k26c_board_shell_inst/selftrigger_plane_inst/transport_plane_inst/hermes_transport_plane_inst/daphne_top_inst/mux/pcs_pma/phy_gen[2].phy_10gbe/inst/i_xxv_ethernet_0_gt/inst/gen_gtwizard_gthe4_top.xxv_ethernet_0_gt_gtwizard_gthe4_inst/gen_gtwizard_gthe4.gen_reset_controller_internal.gen_single_instance.gtwiz_reset_inst/reset_synchronizer_gtwiz_reset_rx_any_inst/rst_in_sync3_reg/PRE. The LUT may glitch and trigger an unexpected reset, even if it is a properly timed path.
Related violations: <none>

LUTAR-1#13 Warning
LUT drives async reset alert  
LUT cell daphne_selftrigger_bd_i/daphne_selftrigger_top/U0/k26c_board_shell_inst/selftrigger_plane_inst/transport_plane_inst/hermes_transport_plane_inst/daphne_top_inst/mux/pcs_pma/phy_gen[2].phy_10gbe/inst/i_xxv_ethernet_0_gt/inst/gen_gtwizard_gthe4_top.xxv_ethernet_0_gt_gtwizard_gthe4_inst/gen_gtwizard_gthe4.gen_reset_controller_internal.gen_single_instance.gtwiz_reset_inst/reset_synchronizer_gtwiz_reset_rx_datapath_inst/rst_in_meta_i_1__0, with 2 or more inputs, drives asynchronous preset/clear pin(s) daphne_selftrigger_bd_i/daphne_selftrigger_top/U0/k26c_board_shell_inst/selftrigger_plane_inst/transport_plane_inst/hermes_transport_plane_inst/daphne_top_inst/mux/pcs_pma/phy_gen[2].phy_10gbe/inst/i_xxv_ethernet_0_gt/inst/gen_gtwizard_gthe4_top.xxv_ethernet_0_gt_gtwizard_gthe4_inst/gen_gtwizard_gthe4.gen_reset_controller_internal.gen_single_instance.gtwiz_reset_inst/reset_synchronizer_gtwiz_reset_rx_datapath_inst/rst_in_meta_reg/PRE,
daphne_selftrigger_bd_i/daphne_selftrigger_top/U0/k26c_board_shell_inst/selftrigger_plane_inst/transport_plane_inst/hermes_transport_plane_inst/daphne_top_inst/mux/pcs_pma/phy_gen[2].phy_10gbe/inst/i_xxv_ethernet_0_gt/inst/gen_gtwizard_gthe4_top.xxv_ethernet_0_gt_gtwizard_gthe4_inst/gen_gtwizard_gthe4.gen_reset_controller_internal.gen_single_instance.gtwiz_reset_inst/reset_synchronizer_gtwiz_reset_rx_datapath_inst/rst_in_out_reg/PRE,
daphne_selftrigger_bd_i/daphne_selftrigger_top/U0/k26c_board_shell_inst/selftrigger_plane_inst/transport_plane_inst/hermes_transport_plane_inst/daphne_top_inst/mux/pcs_pma/phy_gen[2].phy_10gbe/inst/i_xxv_ethernet_0_gt/inst/gen_gtwizard_gthe4_top.xxv_ethernet_0_gt_gtwizard_gthe4_inst/gen_gtwizard_gthe4.gen_reset_controller_internal.gen_single_instance.gtwiz_reset_inst/reset_synchronizer_gtwiz_reset_rx_datapath_inst/rst_in_sync1_reg/PRE,
daphne_selftrigger_bd_i/daphne_selftrigger_top/U0/k26c_board_shell_inst/selftrigger_plane_inst/transport_plane_inst/hermes_transport_plane_inst/daphne_top_inst/mux/pcs_pma/phy_gen[2].phy_10gbe/inst/i_xxv_ethernet_0_gt/inst/gen_gtwizard_gthe4_top.xxv_ethernet_0_gt_gtwizard_gthe4_inst/gen_gtwizard_gthe4.gen_reset_controller_internal.gen_single_instance.gtwiz_reset_inst/reset_synchronizer_gtwiz_reset_rx_datapath_inst/rst_in_sync2_reg/PRE
daphne_selftrigger_bd_i/daphne_selftrigger_top/U0/k26c_board_shell_inst/selftrigger_plane_inst/transport_plane_inst/hermes_transport_plane_inst/daphne_top_inst/mux/pcs_pma/phy_gen[2].phy_10gbe/inst/i_xxv_ethernet_0_gt/inst/gen_gtwizard_gthe4_top.xxv_ethernet_0_gt_gtwizard_gthe4_inst/gen_gtwizard_gthe4.gen_reset_controller_internal.gen_single_instance.gtwiz_reset_inst/reset_synchronizer_gtwiz_reset_rx_datapath_inst/rst_in_sync3_reg/PRE. The LUT may glitch and trigger an unexpected reset, even if it is a properly timed path.
Related violations: <none>

LUTAR-1#14 Warning
LUT drives async reset alert  
LUT cell daphne_selftrigger_bd_i/daphne_selftrigger_top/U0/k26c_board_shell_inst/selftrigger_plane_inst/transport_plane_inst/hermes_transport_plane_inst/daphne_top_inst/mux/pcs_pma/phy_gen[3].phy_10gbe/inst/i_core_gtwiz_userclk_tx_inst_0/gen_gtwiz_userclk_tx_main.bufg_gt_usrclk2_inst_i_1, with 2 or more inputs, drives asynchronous preset/clear pin(s) daphne_selftrigger_bd_i/daphne_selftrigger_top/U0/k26c_board_shell_inst/selftrigger_plane_inst/transport_plane_inst/hermes_transport_plane_inst/daphne_top_inst/mux/pcs_pma/phy_gen[3].phy_10gbe/inst/i_core_gtwiz_userclk_tx_inst_0/gen_gtwiz_userclk_tx_main.gtwiz_userclk_tx_active_out_reg/CLR
daphne_selftrigger_bd_i/daphne_selftrigger_top/U0/k26c_board_shell_inst/selftrigger_plane_inst/transport_plane_inst/hermes_transport_plane_inst/daphne_top_inst/mux/pcs_pma/phy_gen[3].phy_10gbe/inst/i_xxv_ethernet_0_gt/inst/gen_gtwizard_gthe4_top.xxv_ethernet_0_gt_gtwizard_gthe4_inst/gen_gtwizard_gthe4.gen_channel_container[1].gen_enabled_channel.gthe4_channel_wrapper_inst/channel_inst/BUFG_GT_SYNC_1/CLR. The LUT may glitch and trigger an unexpected reset, even if it is a properly timed path.
Related violations: <none>

LUTAR-1#15 Warning
LUT drives async reset alert  
LUT cell daphne_selftrigger_bd_i/daphne_selftrigger_top/U0/k26c_board_shell_inst/selftrigger_plane_inst/transport_plane_inst/hermes_transport_plane_inst/daphne_top_inst/mux/pcs_pma/phy_gen[3].phy_10gbe/inst/i_xxv_ethernet_0_gt/inst/gen_gtwizard_gthe4_top.xxv_ethernet_0_gt_gtwizard_gthe4_inst/gen_gtwizard_gthe4.gen_reset_controller_internal.gen_single_instance.gtwiz_reset_inst/reset_synchronizer_gtwiz_reset_rx_any_inst/rst_in_meta_i_1, with 2 or more inputs, drives asynchronous preset/clear pin(s) daphne_selftrigger_bd_i/daphne_selftrigger_top/U0/k26c_board_shell_inst/selftrigger_plane_inst/transport_plane_inst/hermes_transport_plane_inst/daphne_top_inst/mux/pcs_pma/phy_gen[3].phy_10gbe/inst/i_xxv_ethernet_0_gt/inst/gen_gtwizard_gthe4_top.xxv_ethernet_0_gt_gtwizard_gthe4_inst/gen_gtwizard_gthe4.gen_reset_controller_internal.gen_single_instance.gtwiz_reset_inst/reset_synchronizer_gtwiz_reset_rx_any_inst/rst_in_meta_reg/PRE,
daphne_selftrigger_bd_i/daphne_selftrigger_top/U0/k26c_board_shell_inst/selftrigger_plane_inst/transport_plane_inst/hermes_transport_plane_inst/daphne_top_inst/mux/pcs_pma/phy_gen[3].phy_10gbe/inst/i_xxv_ethernet_0_gt/inst/gen_gtwizard_gthe4_top.xxv_ethernet_0_gt_gtwizard_gthe4_inst/gen_gtwizard_gthe4.gen_reset_controller_internal.gen_single_instance.gtwiz_reset_inst/reset_synchronizer_gtwiz_reset_rx_any_inst/rst_in_out_reg/PRE,
daphne_selftrigger_bd_i/daphne_selftrigger_top/U0/k26c_board_shell_inst/selftrigger_plane_inst/transport_plane_inst/hermes_transport_plane_inst/daphne_top_inst/mux/pcs_pma/phy_gen[3].phy_10gbe/inst/i_xxv_ethernet_0_gt/inst/gen_gtwizard_gthe4_top.xxv_ethernet_0_gt_gtwizard_gthe4_inst/gen_gtwizard_gthe4.gen_reset_controller_internal.gen_single_instance.gtwiz_reset_inst/reset_synchronizer_gtwiz_reset_rx_any_inst/rst_in_sync1_reg/PRE,
daphne_selftrigger_bd_i/daphne_selftrigger_top/U0/k26c_board_shell_inst/selftrigger_plane_inst/transport_plane_inst/hermes_transport_plane_inst/daphne_top_inst/mux/pcs_pma/phy_gen[3].phy_10gbe/inst/i_xxv_ethernet_0_gt/inst/gen_gtwizard_gthe4_top.xxv_ethernet_0_gt_gtwizard_gthe4_inst/gen_gtwizard_gthe4.gen_reset_controller_internal.gen_single_instance.gtwiz_reset_inst/reset_synchronizer_gtwiz_reset_rx_any_inst/rst_in_sync2_reg/PRE
daphne_selftrigger_bd_i/daphne_selftrigger_top/U0/k26c_board_shell_inst/selftrigger_plane_inst/transport_plane_inst/hermes_transport_plane_inst/daphne_top_inst/mux/pcs_pma/phy_gen[3].phy_10gbe/inst/i_xxv_ethernet_0_gt/inst/gen_gtwizard_gthe4_top.xxv_ethernet_0_gt_gtwizard_gthe4_inst/gen_gtwizard_gthe4.gen_reset_controller_internal.gen_single_instance.gtwiz_reset_inst/reset_synchronizer_gtwiz_reset_rx_any_inst/rst_in_sync3_reg/PRE. The LUT may glitch and trigger an unexpected reset, even if it is a properly timed path.
Related violations: <none>

LUTAR-1#16 Warning
LUT drives async reset alert  
LUT cell daphne_selftrigger_bd_i/daphne_selftrigger_top/U0/k26c_board_shell_inst/selftrigger_plane_inst/transport_plane_inst/hermes_transport_plane_inst/daphne_top_inst/mux/pcs_pma/phy_gen[3].phy_10gbe/inst/i_xxv_ethernet_0_gt/inst/gen_gtwizard_gthe4_top.xxv_ethernet_0_gt_gtwizard_gthe4_inst/gen_gtwizard_gthe4.gen_reset_controller_internal.gen_single_instance.gtwiz_reset_inst/reset_synchronizer_gtwiz_reset_rx_datapath_inst/rst_in_meta_i_1__0, with 2 or more inputs, drives asynchronous preset/clear pin(s) daphne_selftrigger_bd_i/daphne_selftrigger_top/U0/k26c_board_shell_inst/selftrigger_plane_inst/transport_plane_inst/hermes_transport_plane_inst/daphne_top_inst/mux/pcs_pma/phy_gen[3].phy_10gbe/inst/i_xxv_ethernet_0_gt/inst/gen_gtwizard_gthe4_top.xxv_ethernet_0_gt_gtwizard_gthe4_inst/gen_gtwizard_gthe4.gen_reset_controller_internal.gen_single_instance.gtwiz_reset_inst/reset_synchronizer_gtwiz_reset_rx_datapath_inst/rst_in_meta_reg/PRE,
daphne_selftrigger_bd_i/daphne_selftrigger_top/U0/k26c_board_shell_inst/selftrigger_plane_inst/transport_plane_inst/hermes_transport_plane_inst/daphne_top_inst/mux/pcs_pma/phy_gen[3].phy_10gbe/inst/i_xxv_ethernet_0_gt/inst/gen_gtwizard_gthe4_top.xxv_ethernet_0_gt_gtwizard_gthe4_inst/gen_gtwizard_gthe4.gen_reset_controller_internal.gen_single_instance.gtwiz_reset_inst/reset_synchronizer_gtwiz_reset_rx_datapath_inst/rst_in_out_reg/PRE,
daphne_selftrigger_bd_i/daphne_selftrigger_top/U0/k26c_board_shell_inst/selftrigger_plane_inst/transport_plane_inst/hermes_transport_plane_inst/daphne_top_inst/mux/pcs_pma/phy_gen[3].phy_10gbe/inst/i_xxv_ethernet_0_gt/inst/gen_gtwizard_gthe4_top.xxv_ethernet_0_gt_gtwizard_gthe4_inst/gen_gtwizard_gthe4.gen_reset_controller_internal.gen_single_instance.gtwiz_reset_inst/reset_synchronizer_gtwiz_reset_rx_datapath_inst/rst_in_sync1_reg/PRE,
daphne_selftrigger_bd_i/daphne_selftrigger_top/U0/k26c_board_shell_inst/selftrigger_plane_inst/transport_plane_inst/hermes_transport_plane_inst/daphne_top_inst/mux/pcs_pma/phy_gen[3].phy_10gbe/inst/i_xxv_ethernet_0_gt/inst/gen_gtwizard_gthe4_top.xxv_ethernet_0_gt_gtwizard_gthe4_inst/gen_gtwizard_gthe4.gen_reset_controller_internal.gen_single_instance.gtwiz_reset_inst/reset_synchronizer_gtwiz_reset_rx_datapath_inst/rst_in_sync2_reg/PRE
daphne_selftrigger_bd_i/daphne_selftrigger_top/U0/k26c_board_shell_inst/selftrigger_plane_inst/transport_plane_inst/hermes_transport_plane_inst/daphne_top_inst/mux/pcs_pma/phy_gen[3].phy_10gbe/inst/i_xxv_ethernet_0_gt/inst/gen_gtwizard_gthe4_top.xxv_ethernet_0_gt_gtwizard_gthe4_inst/gen_gtwizard_gthe4.gen_reset_controller_internal.gen_single_instance.gtwiz_reset_inst/reset_synchronizer_gtwiz_reset_rx_datapath_inst/rst_in_sync3_reg/PRE. The LUT may glitch and trigger an unexpected reset, even if it is a properly timed path.
Related violations: <none>

LUTAR-1#17 Warning
LUT drives async reset alert  
LUT cell daphne_selftrigger_bd_i/daphne_selftrigger_top/U0/k26c_board_shell_inst/selftrigger_plane_inst/transport_plane_inst/hermes_transport_plane_inst/daphne_top_inst/mux/pcs_pma/tx_path_csr/phy_gen[0].phy_10gbe_i_1, with 2 or more inputs, drives asynchronous preset/clear pin(s) daphne_selftrigger_bd_i/daphne_selftrigger_top/U0/k26c_board_shell_inst/selftrigger_plane_inst/transport_plane_inst/hermes_transport_plane_inst/daphne_top_inst/mux/pcs_pma/phy_gen[0].tx_reset_sync_s_reg[0]/PRE
daphne_selftrigger_bd_i/daphne_selftrigger_top/U0/k26c_board_shell_inst/selftrigger_plane_inst/transport_plane_inst/hermes_transport_plane_inst/daphne_top_inst/mux/pcs_pma/phy_gen[0].tx_reset_sync_s_reg[1]/PRE. The LUT may glitch and trigger an unexpected reset, even if it is a properly timed path.
Related violations: <none>

LUTAR-1#18 Warning
LUT drives async reset alert  
LUT cell daphne_selftrigger_bd_i/daphne_selftrigger_top/U0/k26c_board_shell_inst/selftrigger_plane_inst/transport_plane_inst/hermes_transport_plane_inst/daphne_top_inst/mux/pcs_pma/tx_path_csr/phy_gen[0].phy_10gbe_i_1_replica, with 2 or more inputs, drives asynchronous preset/clear pin(s) daphne_selftrigger_bd_i/daphne_selftrigger_top/U0/k26c_board_shell_inst/selftrigger_plane_inst/transport_plane_inst/hermes_transport_plane_inst/daphne_top_inst/mux/pcs_pma/phy_gen[0].phy_10gbe/inst/i_xxv_ethernet_0_top_0/i_xxv_ethernet_0_CORE/i_TX_TOP/i_CORE_RESET_SYNC/reset_pipe_stretch_reg[0]/PRE,
daphne_selftrigger_bd_i/daphne_selftrigger_top/U0/k26c_board_shell_inst/selftrigger_plane_inst/transport_plane_inst/hermes_transport_plane_inst/daphne_top_inst/mux/pcs_pma/phy_gen[0].phy_10gbe/inst/i_xxv_ethernet_0_top_0/i_xxv_ethernet_0_CORE/i_TX_TOP/i_CORE_RESET_SYNC/reset_pipe_stretch_reg[1]/PRE
daphne_selftrigger_bd_i/daphne_selftrigger_top/U0/k26c_board_shell_inst/selftrigger_plane_inst/transport_plane_inst/hermes_transport_plane_inst/daphne_top_inst/mux/pcs_pma/phy_gen[0].phy_10gbe/inst/i_xxv_ethernet_0_top_0/i_xxv_ethernet_0_CORE/i_TX_TOP/i_CORE_RESET_SYNC/reset_pipe_stretch_reg[2]/PRE. The LUT may glitch and trigger an unexpected reset, even if it is a properly timed path.
Related violations: <none>

LUTAR-1#19 Warning
LUT drives async reset alert  
LUT cell daphne_selftrigger_bd_i/daphne_selftrigger_top/U0/k26c_board_shell_inst/selftrigger_plane_inst/transport_plane_inst/hermes_transport_plane_inst/daphne_top_inst/mux/pcs_pma/tx_path_csr/phy_gen[0].phy_10gbe_i_2, with 2 or more inputs, drives asynchronous preset/clear pin(s) daphne_selftrigger_bd_i/daphne_selftrigger_top/U0/k26c_board_shell_inst/selftrigger_plane_inst/transport_plane_inst/hermes_transport_plane_inst/daphne_top_inst/mux/pcs_pma/phy_gen[0].phy_10gbe/inst/i_xxv_ethernet_0_gt/inst/gen_gtwizard_gthe4_top.xxv_ethernet_0_gt_gtwizard_gthe4_inst/gen_gtwizard_gthe4.gen_reset_controller_internal.gen_single_instance.gtwiz_reset_inst/reset_synchronizer_gtwiz_reset_all_inst/rst_in_meta_reg/PRE,
daphne_selftrigger_bd_i/daphne_selftrigger_top/U0/k26c_board_shell_inst/selftrigger_plane_inst/transport_plane_inst/hermes_transport_plane_inst/daphne_top_inst/mux/pcs_pma/phy_gen[0].phy_10gbe/inst/i_xxv_ethernet_0_gt/inst/gen_gtwizard_gthe4_top.xxv_ethernet_0_gt_gtwizard_gthe4_inst/gen_gtwizard_gthe4.gen_reset_controller_internal.gen_single_instance.gtwiz_reset_inst/reset_synchronizer_gtwiz_reset_all_inst/rst_in_out_reg/PRE,
daphne_selftrigger_bd_i/daphne_selftrigger_top/U0/k26c_board_shell_inst/selftrigger_plane_inst/transport_plane_inst/hermes_transport_plane_inst/daphne_top_inst/mux/pcs_pma/phy_gen[0].phy_10gbe/inst/i_xxv_ethernet_0_gt/inst/gen_gtwizard_gthe4_top.xxv_ethernet_0_gt_gtwizard_gthe4_inst/gen_gtwizard_gthe4.gen_reset_controller_internal.gen_single_instance.gtwiz_reset_inst/reset_synchronizer_gtwiz_reset_all_inst/rst_in_sync1_reg/PRE,
daphne_selftrigger_bd_i/daphne_selftrigger_top/U0/k26c_board_shell_inst/selftrigger_plane_inst/transport_plane_inst/hermes_transport_plane_inst/daphne_top_inst/mux/pcs_pma/phy_gen[0].phy_10gbe/inst/i_xxv_ethernet_0_gt/inst/gen_gtwizard_gthe4_top.xxv_ethernet_0_gt_gtwizard_gthe4_inst/gen_gtwizard_gthe4.gen_reset_controller_internal.gen_single_instance.gtwiz_reset_inst/reset_synchronizer_gtwiz_reset_all_inst/rst_in_sync2_reg/PRE,
daphne_selftrigger_bd_i/daphne_selftrigger_top/U0/k26c_board_shell_inst/selftrigger_plane_inst/transport_plane_inst/hermes_transport_plane_inst/daphne_top_inst/mux/pcs_pma/phy_gen[0].phy_10gbe/inst/i_xxv_ethernet_0_gt/inst/gen_gtwizard_gthe4_top.xxv_ethernet_0_gt_gtwizard_gthe4_inst/gen_gtwizard_gthe4.gen_reset_controller_internal.gen_single_instance.gtwiz_reset_inst/reset_synchronizer_gtwiz_reset_all_inst/rst_in_sync3_reg/PRE,
daphne_selftrigger_bd_i/daphne_selftrigger_top/U0/k26c_board_shell_inst/selftrigger_plane_inst/transport_plane_inst/hermes_transport_plane_inst/daphne_top_inst/mux/pcs_pma/phy_gen[1].phy_10gbe/inst/i_xxv_ethernet_0_gt/inst/gen_gtwizard_gthe4_top.xxv_ethernet_0_gt_gtwizard_gthe4_inst/gen_gtwizard_gthe4.gen_reset_controller_internal.gen_single_instance.gtwiz_reset_inst/reset_synchronizer_gtwiz_reset_all_inst/rst_in_meta_reg/PRE,
daphne_selftrigger_bd_i/daphne_selftrigger_top/U0/k26c_board_shell_inst/selftrigger_plane_inst/transport_plane_inst/hermes_transport_plane_inst/daphne_top_inst/mux/pcs_pma/phy_gen[1].phy_10gbe/inst/i_xxv_ethernet_0_gt/inst/gen_gtwizard_gthe4_top.xxv_ethernet_0_gt_gtwizard_gthe4_inst/gen_gtwizard_gthe4.gen_reset_controller_internal.gen_single_instance.gtwiz_reset_inst/reset_synchronizer_gtwiz_reset_all_inst/rst_in_out_reg/PRE,
daphne_selftrigger_bd_i/daphne_selftrigger_top/U0/k26c_board_shell_inst/selftrigger_plane_inst/transport_plane_inst/hermes_transport_plane_inst/daphne_top_inst/mux/pcs_pma/phy_gen[1].phy_10gbe/inst/i_xxv_ethernet_0_gt/inst/gen_gtwizard_gthe4_top.xxv_ethernet_0_gt_gtwizard_gthe4_inst/gen_gtwizard_gthe4.gen_reset_controller_internal.gen_single_instance.gtwiz_reset_inst/reset_synchronizer_gtwiz_reset_all_inst/rst_in_sync1_reg/PRE,
daphne_selftrigger_bd_i/daphne_selftrigger_top/U0/k26c_board_shell_inst/selftrigger_plane_inst/transport_plane_inst/hermes_transport_plane_inst/daphne_top_inst/mux/pcs_pma/phy_gen[1].phy_10gbe/inst/i_xxv_ethernet_0_gt/inst/gen_gtwizard_gthe4_top.xxv_ethernet_0_gt_gtwizard_gthe4_inst/gen_gtwizard_gthe4.gen_reset_controller_internal.gen_single_instance.gtwiz_reset_inst/reset_synchronizer_gtwiz_reset_all_inst/rst_in_sync2_reg/PRE,
daphne_selftrigger_bd_i/daphne_selftrigger_top/U0/k26c_board_shell_inst/selftrigger_plane_inst/transport_plane_inst/hermes_transport_plane_inst/daphne_top_inst/mux/pcs_pma/phy_gen[1].phy_10gbe/inst/i_xxv_ethernet_0_gt/inst/gen_gtwizard_gthe4_top.xxv_ethernet_0_gt_gtwizard_gthe4_inst/gen_gtwizard_gthe4.gen_reset_controller_internal.gen_single_instance.gtwiz_reset_inst/reset_synchronizer_gtwiz_reset_all_inst/rst_in_sync3_reg/PRE,
daphne_selftrigger_bd_i/daphne_selftrigger_top/U0/k26c_board_shell_inst/selftrigger_plane_inst/transport_plane_inst/hermes_transport_plane_inst/daphne_top_inst/mux/pcs_pma/phy_gen[2].phy_10gbe/inst/i_xxv_ethernet_0_gt/inst/gen_gtwizard_gthe4_top.xxv_ethernet_0_gt_gtwizard_gthe4_inst/gen_gtwizard_gthe4.gen_reset_controller_internal.gen_single_instance.gtwiz_reset_inst/reset_synchronizer_gtwiz_reset_all_inst/rst_in_meta_reg/PRE,
daphne_selftrigger_bd_i/daphne_selftrigger_top/U0/k26c_board_shell_inst/selftrigger_plane_inst/transport_plane_inst/hermes_transport_plane_inst/daphne_top_inst/mux/pcs_pma/phy_gen[2].phy_10gbe/inst/i_xxv_ethernet_0_gt/inst/gen_gtwizard_gthe4_top.xxv_ethernet_0_gt_gtwizard_gthe4_inst/gen_gtwizard_gthe4.gen_reset_controller_internal.gen_single_instance.gtwiz_reset_inst/reset_synchronizer_gtwiz_reset_all_inst/rst_in_out_reg/PRE,
daphne_selftrigger_bd_i/daphne_selftrigger_top/U0/k26c_board_shell_inst/selftrigger_plane_inst/transport_plane_inst/hermes_transport_plane_inst/daphne_top_inst/mux/pcs_pma/phy_gen[2].phy_10gbe/inst/i_xxv_ethernet_0_gt/inst/gen_gtwizard_gthe4_top.xxv_ethernet_0_gt_gtwizard_gthe4_inst/gen_gtwizard_gthe4.gen_reset_controller_internal.gen_single_instance.gtwiz_reset_inst/reset_synchronizer_gtwiz_reset_all_inst/rst_in_sync1_reg/PRE,
daphne_selftrigger_bd_i/daphne_selftrigger_top/U0/k26c_board_shell_inst/selftrigger_plane_inst/transport_plane_inst/hermes_transport_plane_inst/daphne_top_inst/mux/pcs_pma/phy_gen[2].phy_10gbe/inst/i_xxv_ethernet_0_gt/inst/gen_gtwizard_gthe4_top.xxv_ethernet_0_gt_gtwizard_gthe4_inst/gen_gtwizard_gthe4.gen_reset_controller_internal.gen_single_instance.gtwiz_reset_inst/reset_synchronizer_gtwiz_reset_all_inst/rst_in_sync2_reg/PRE,
daphne_selftrigger_bd_i/daphne_selftrigger_top/U0/k26c_board_shell_inst/selftrigger_plane_inst/transport_plane_inst/hermes_transport_plane_inst/daphne_top_inst/mux/pcs_pma/phy_gen[2].phy_10gbe/inst/i_xxv_ethernet_0_gt/inst/gen_gtwizard_gthe4_top.xxv_ethernet_0_gt_gtwizard_gthe4_inst/gen_gtwizard_gthe4.gen_reset_controller_internal.gen_single_instance.gtwiz_reset_inst/reset_synchronizer_gtwiz_reset_all_inst/rst_in_sync3_reg/PRE
 (the first 15 of 20 listed). The LUT may glitch and trigger an unexpected reset, even if it is a properly timed path.
Related violations: <none>

LUTAR-1#20 Warning
LUT drives async reset alert  
LUT cell daphne_selftrigger_bd_i/daphne_selftrigger_top/U0/k26c_board_shell_inst/selftrigger_plane_inst/transport_plane_inst/hermes_transport_plane_inst/daphne_top_inst/mux/pcs_pma/tx_path_csr/phy_gen[1].phy_10gbe_i_1, with 2 or more inputs, drives asynchronous preset/clear pin(s) daphne_selftrigger_bd_i/daphne_selftrigger_top/U0/k26c_board_shell_inst/selftrigger_plane_inst/transport_plane_inst/hermes_transport_plane_inst/daphne_top_inst/mux/pcs_pma/phy_gen[1].phy_10gbe/inst/i_xxv_ethernet_0_top_0/i_xxv_ethernet_0_CORE/i_TX_TOP/i_CORE_RESET_SYNC/reset_pipe_stretch_reg[0]/PRE,
daphne_selftrigger_bd_i/daphne_selftrigger_top/U0/k26c_board_shell_inst/selftrigger_plane_inst/transport_plane_inst/hermes_transport_plane_inst/daphne_top_inst/mux/pcs_pma/phy_gen[1].phy_10gbe/inst/i_xxv_ethernet_0_top_0/i_xxv_ethernet_0_CORE/i_TX_TOP/i_CORE_RESET_SYNC/reset_pipe_stretch_reg[1]/PRE,
daphne_selftrigger_bd_i/daphne_selftrigger_top/U0/k26c_board_shell_inst/selftrigger_plane_inst/transport_plane_inst/hermes_transport_plane_inst/daphne_top_inst/mux/pcs_pma/phy_gen[1].phy_10gbe/inst/i_xxv_ethernet_0_top_0/i_xxv_ethernet_0_CORE/i_TX_TOP/i_CORE_RESET_SYNC/reset_pipe_stretch_reg[2]/PRE,
daphne_selftrigger_bd_i/daphne_selftrigger_top/U0/k26c_board_shell_inst/selftrigger_plane_inst/transport_plane_inst/hermes_transport_plane_inst/daphne_top_inst/mux/pcs_pma/phy_gen[1].tx_reset_sync_s_reg[0]/PRE
daphne_selftrigger_bd_i/daphne_selftrigger_top/U0/k26c_board_shell_inst/selftrigger_plane_inst/transport_plane_inst/hermes_transport_plane_inst/daphne_top_inst/mux/pcs_pma/phy_gen[1].tx_reset_sync_s_reg[1]/PRE. The LUT may glitch and trigger an unexpected reset, even if it is a properly timed path.
Related violations: <none>

LUTAR-1#21 Warning
LUT drives async reset alert  
LUT cell daphne_selftrigger_bd_i/daphne_selftrigger_top/U0/k26c_board_shell_inst/selftrigger_plane_inst/transport_plane_inst/hermes_transport_plane_inst/daphne_top_inst/mux/pcs_pma/tx_path_csr/phy_gen[2].phy_10gbe_i_1, with 2 or more inputs, drives asynchronous preset/clear pin(s) daphne_selftrigger_bd_i/daphne_selftrigger_top/U0/k26c_board_shell_inst/selftrigger_plane_inst/transport_plane_inst/hermes_transport_plane_inst/daphne_top_inst/mux/pcs_pma/phy_gen[2].phy_10gbe/inst/i_xxv_ethernet_0_top_0/i_xxv_ethernet_0_CORE/i_TX_TOP/i_CORE_RESET_SYNC/reset_pipe_stretch_reg[0]/PRE,
daphne_selftrigger_bd_i/daphne_selftrigger_top/U0/k26c_board_shell_inst/selftrigger_plane_inst/transport_plane_inst/hermes_transport_plane_inst/daphne_top_inst/mux/pcs_pma/phy_gen[2].phy_10gbe/inst/i_xxv_ethernet_0_top_0/i_xxv_ethernet_0_CORE/i_TX_TOP/i_CORE_RESET_SYNC/reset_pipe_stretch_reg[1]/PRE,
daphne_selftrigger_bd_i/daphne_selftrigger_top/U0/k26c_board_shell_inst/selftrigger_plane_inst/transport_plane_inst/hermes_transport_plane_inst/daphne_top_inst/mux/pcs_pma/phy_gen[2].phy_10gbe/inst/i_xxv_ethernet_0_top_0/i_xxv_ethernet_0_CORE/i_TX_TOP/i_CORE_RESET_SYNC/reset_pipe_stretch_reg[2]/PRE,
daphne_selftrigger_bd_i/daphne_selftrigger_top/U0/k26c_board_shell_inst/selftrigger_plane_inst/transport_plane_inst/hermes_transport_plane_inst/daphne_top_inst/mux/pcs_pma/phy_gen[2].tx_reset_sync_s_reg[0]/PRE
daphne_selftrigger_bd_i/daphne_selftrigger_top/U0/k26c_board_shell_inst/selftrigger_plane_inst/transport_plane_inst/hermes_transport_plane_inst/daphne_top_inst/mux/pcs_pma/phy_gen[2].tx_reset_sync_s_reg[1]/PRE. The LUT may glitch and trigger an unexpected reset, even if it is a properly timed path.
Related violations: <none>

LUTAR-1#22 Warning
LUT drives async reset alert  
LUT cell daphne_selftrigger_bd_i/daphne_selftrigger_top/U0/k26c_board_shell_inst/selftrigger_plane_inst/transport_plane_inst/hermes_transport_plane_inst/daphne_top_inst/mux/pcs_pma/tx_path_csr/phy_gen[3].phy_10gbe_i_1, with 2 or more inputs, drives asynchronous preset/clear pin(s) daphne_selftrigger_bd_i/daphne_selftrigger_top/U0/k26c_board_shell_inst/selftrigger_plane_inst/transport_plane_inst/hermes_transport_plane_inst/daphne_top_inst/mux/pcs_pma/phy_gen[3].phy_10gbe/inst/i_xxv_ethernet_0_top_0/i_xxv_ethernet_0_CORE/i_TX_TOP/i_CORE_RESET_SYNC/reset_pipe_stretch_reg[0]/PRE,
daphne_selftrigger_bd_i/daphne_selftrigger_top/U0/k26c_board_shell_inst/selftrigger_plane_inst/transport_plane_inst/hermes_transport_plane_inst/daphne_top_inst/mux/pcs_pma/phy_gen[3].phy_10gbe/inst/i_xxv_ethernet_0_top_0/i_xxv_ethernet_0_CORE/i_TX_TOP/i_CORE_RESET_SYNC/reset_pipe_stretch_reg[1]/PRE,
daphne_selftrigger_bd_i/daphne_selftrigger_top/U0/k26c_board_shell_inst/selftrigger_plane_inst/transport_plane_inst/hermes_transport_plane_inst/daphne_top_inst/mux/pcs_pma/phy_gen[3].phy_10gbe/inst/i_xxv_ethernet_0_top_0/i_xxv_ethernet_0_CORE/i_TX_TOP/i_CORE_RESET_SYNC/reset_pipe_stretch_reg[2]/PRE,
daphne_selftrigger_bd_i/daphne_selftrigger_top/U0/k26c_board_shell_inst/selftrigger_plane_inst/transport_plane_inst/hermes_transport_plane_inst/daphne_top_inst/mux/pcs_pma/phy_gen[3].tx_reset_sync_s_reg[0]/PRE
daphne_selftrigger_bd_i/daphne_selftrigger_top/U0/k26c_board_shell_inst/selftrigger_plane_inst/transport_plane_inst/hermes_transport_plane_inst/daphne_top_inst/mux/pcs_pma/phy_gen[3].tx_reset_sync_s_reg[1]/PRE. The LUT may glitch and trigger an unexpected reset, even if it is a properly timed path.
Related violations: <none>

LUTAR-1#23 Warning
LUT drives async reset alert  
LUT cell daphne_selftrigger_bd_i/daphne_selftrigger_top/U0/k26c_board_shell_inst/timing_bridge_inst/endpoint_inst/control_cdc/reset_base_cdc_i_1, with 2 or more inputs, drives asynchronous preset/clear pin(s) daphne_selftrigger_bd_i/daphne_selftrigger_top/U0/k26c_board_shell_inst/timing_bridge_inst/endpoint_inst/pdts_endpoint_inst/pdts_endpoint_inst/ep/reset_base_cdc/arststages_ff_reg[0]/PRE,
daphne_selftrigger_bd_i/daphne_selftrigger_top/U0/k26c_board_shell_inst/timing_bridge_inst/endpoint_inst/pdts_endpoint_inst/pdts_endpoint_inst/ep/reset_base_cdc/arststages_ff_reg[1]/PRE
daphne_selftrigger_bd_i/daphne_selftrigger_top/U0/k26c_board_shell_inst/timing_bridge_inst/endpoint_inst/pdts_endpoint_inst/pdts_endpoint_inst/ep/reset_base_cdc/arststages_ff_reg[2]/PRE. The LUT may glitch and trigger an unexpected reset, even if it is a properly timed path.
Related violations: <none>

LUTAR-1#24 Warning
LUT drives async reset alert  
LUT cell daphne_selftrigger_bd_i/daphne_selftrigger_top/U0/k26c_board_shell_inst/timing_bridge_inst/endpoint_inst/pdts_endpoint_inst/pdts_endpoint_inst/ep/sm/mmcm_i_1, with 2 or more inputs, drives asynchronous preset/clear pin(s) daphne_selftrigger_bd_i/daphne_selftrigger_top/U0/k26c_board_shell_inst/timing_bridge_inst/endpoint_inst/pdts_endpoint_inst/pdts_endpoint_inst/rxcdr/mmcm/RST. The LUT may glitch and trigger an unexpected reset, even if it is a properly timed path.
Related violations: <none>

NTCN-11#1 Warning
CLOCK_DEDICATED_ROUTE net not driven by global clock buffer  
Net daphne_selftrigger_bd_i/daphne_selftrigger_top/U0/k26c_board_shell_inst/timing_bridge_inst/endpoint_inst/pdts_endpoint_inst/pdts_endpoint_inst/rxcdr/clku is assigned constraint CLOCK_DEDICATED_ROUTE 'ANY_CMT_COLUMN' and is not driven by a global clock buffer. Instead the driver is MMCME4_ADV cell daphne_selftrigger_bd_i/daphne_selftrigger_top/U0/k26c_board_shell_inst/timing_bridge_inst/endpoint_inst/pdts_endpoint_inst/pdts_endpoint_inst/rxcdr/mmcm. The CLOCK_DEDICATED_ROUTE constraint may not be properly applied. Please check your design.
Related violations: <none>

PDRC-190#1 Warning
Suboptimally placed synchronized register chain  
The FDPE cell daphne_selftrigger_bd_i/daphne_selftrigger_top/U0/k26c_board_shell_inst/selftrigger_plane_inst/transport_plane_inst/hermes_transport_plane_inst/daphne_top_inst/mux/pcs_pma/phy_gen[2].phy_10gbe/inst/i_xxv_ethernet_0_top_0/i_xxv_ethernet_0_CORE/i_TX_TOP/i_CORE_RESET_SYNC/reset_pipe_stretch_reg[2] in site SLICE_X48Y71 is part of a synchronized register chain that is suboptimally placed as the load FDRE cell daphne_selftrigger_bd_i/daphne_selftrigger_top/U0/k26c_board_shell_inst/selftrigger_plane_inst/transport_plane_inst/hermes_transport_plane_inst/daphne_top_inst/mux/pcs_pma/phy_gen[2].phy_10gbe/inst/i_xxv_ethernet_0_top_0/i_xxv_ethernet_0_CORE/i_TX_TOP/i_CORE_RESET_SYNC/reset_pipe_retime_reg[0] is not placed in the same (SLICE) site.
Related violations: <none>

TIMING-9#1 Warning
Unknown CDC Logic  
One or more asynchronous Clock Domain Crossing has been detected between 2 clock domains through a set_false_path or a set_clock_groups or set_max_delay -datapath_only constraint but no double-registers logic synchronizer has been found on the side of the capture clock. It is recommended to run report_cdc for a complete and detailed CDC coverage. Please consider using XPM_CDC to avoid Critical severities
Related violations: <none>

TIMING-16#1 Warning
Large setup violation  
There is a large setup violation of -1.147 ns between daphne_selftrigger_bd_i/daphne_selftrigger_top/U0/k26c_board_shell_inst/selftrigger_plane_inst/transport_plane_inst/hermes_transport_plane_inst/daphne_top_inst/mux/pcs_pma/tx_path_csr/reg_reg[0][16]/C (clocked by clk_pl_0) and daphne_selftrigger_bd_i/daphne_selftrigger_top/U0/k26c_board_shell_inst/selftrigger_plane_inst/transport_plane_inst/hermes_transport_plane_inst/daphne_top_inst/mux/pcs_pma/phy_gen[1].phy_reset/rx_reset_done_async_r_reg/D (clocked by tx_clk_array[1]). Large setup violations at the end of those stages might be difficult to fix during the post-placement implementation flow and could be the result of non-optimal XDC constraints or non-optimal design architecture
Related violations: <none>

TIMING-16#2 Warning
Large setup violation  
There is a large setup violation of -1.152 ns between daphne_selftrigger_bd_i/daphne_selftrigger_top/U0/k26c_board_shell_inst/selftrigger_plane_inst/transport_plane_inst/hermes_transport_plane_inst/daphne_top_inst/mux/pcs_pma/tx_path_csr/reg_reg[0][16]/C (clocked by clk_pl_0) and daphne_selftrigger_bd_i/daphne_selftrigger_top/U0/k26c_board_shell_inst/selftrigger_plane_inst/transport_plane_inst/hermes_transport_plane_inst/daphne_top_inst/mux/pcs_pma/phy_gen[0].phy_reset/rx_reset_done_async_r_reg/D (clocked by tx_clk_array[0]). Large setup violations at the end of those stages might be difficult to fix during the post-placement implementation flow and could be the result of non-optimal XDC constraints or non-optimal design architecture
Related violations: <none>

TIMING-16#3 Warning
Large setup violation  
There is a large setup violation of -1.310 ns between daphne_selftrigger_bd_i/daphne_selftrigger_top/U0/k26c_board_shell_inst/selftrigger_plane_inst/transport_plane_inst/hermes_transport_plane_inst/daphne_top_inst/mux/pcs_pma/tx_path_csr/reg_reg[0][16]/C (clocked by clk_pl_0) and daphne_selftrigger_bd_i/daphne_selftrigger_top/U0/k26c_board_shell_inst/selftrigger_plane_inst/transport_plane_inst/hermes_transport_plane_inst/daphne_top_inst/mux/pcs_pma/phy_gen[3].phy_reset/rx_reset_done_async_r_reg/D (clocked by tx_clk_array[3]). Large setup violations at the end of those stages might be difficult to fix during the post-placement implementation flow and could be the result of non-optimal XDC constraints or non-optimal design architecture
Related violations: <none>

TIMING-16#4 Warning
Large setup violation  
There is a large setup violation of -1.398 ns between daphne_selftrigger_bd_i/daphne_selftrigger_top/U0/k26c_board_shell_inst/selftrigger_plane_inst/transport_plane_inst/hermes_transport_plane_inst/daphne_top_inst/mux/pcs_pma/phy_gen[2].phy_reset/i_xxv_ethernet_0_cdc_sync_gt_tx_resetdone/s_out_d4_reg/C (clocked by tx_clk_array[2]) and daphne_selftrigger_bd_i/daphne_selftrigger_top/U0/k26c_board_shell_inst/selftrigger_plane_inst/transport_plane_inst/hermes_transport_plane_inst/daphne_top_inst/mux/pcs_pma/phy_gen[2].phy_10gbe/inst/i_xxv_ethernet_0_core_cdc_sync_tx_resetdone_dclk_0/s_out_d2_cdc_to_reg/D (clocked by clk_pl_0). Large setup violations at the end of those stages might be difficult to fix during the post-placement implementation flow and could be the result of non-optimal XDC constraints or non-optimal design architecture
Related violations: <none>

TIMING-16#5 Warning
Large setup violation  
There is a large setup violation of -1.461 ns between daphne_selftrigger_bd_i/daphne_selftrigger_top/U0/k26c_board_shell_inst/selftrigger_plane_inst/transport_plane_inst/hermes_transport_plane_inst/daphne_top_inst/mux/pcs_pma/phy_gen[3].phy_reset/i_xxv_ethernet_0_cdc_sync_gt_tx_resetdone/s_out_d4_reg/C (clocked by tx_clk_array[3]) and daphne_selftrigger_bd_i/daphne_selftrigger_top/U0/k26c_board_shell_inst/selftrigger_plane_inst/transport_plane_inst/hermes_transport_plane_inst/daphne_top_inst/mux/pcs_pma/phy_gen[3].phy_10gbe/inst/i_xxv_ethernet_0_core_cdc_sync_tx_resetdone_dclk_0/s_out_d2_cdc_to_reg/D (clocked by clk_pl_0). Large setup violations at the end of those stages might be difficult to fix during the post-placement implementation flow and could be the result of non-optimal XDC constraints or non-optimal design architecture
Related violations: <none>

TIMING-16#6 Warning
Large setup violation  
There is a large setup violation of -1.506 ns between daphne_selftrigger_bd_i/daphne_selftrigger_top/U0/k26c_board_shell_inst/selftrigger_plane_inst/transport_plane_inst/hermes_transport_plane_inst/daphne_top_inst/mux/pcs_pma/phy_gen[3].phy_10gbe/inst/i_xxv_ethernet_0_top_0/i_xxv_ethernet_0_CORE/i_RX_TOP/i_RX_LANE/i_RX_WD_ALIGN/align_status_reg[0]/C (clocked by rx_clk_array[3]) and daphne_selftrigger_bd_i/daphne_selftrigger_top/U0/k26c_board_shell_inst/selftrigger_plane_inst/transport_plane_inst/hermes_transport_plane_inst/daphne_top_inst/mux/pcs_pma/phy_gen[3].phy_10gbe/inst/i_xxv_ethernet_0_core_cdc_sync_stat_rx_block_lock_dclk_0/s_out_d2_cdc_to_reg/D (clocked by clk_pl_0). Large setup violations at the end of those stages might be difficult to fix during the post-placement implementation flow and could be the result of non-optimal XDC constraints or non-optimal design architecture
Related violations: <none>

TIMING-16#7 Warning
Large setup violation  
There is a large setup violation of -1.575 ns between daphne_selftrigger_bd_i/daphne_selftrigger_top/U0/k26c_board_shell_inst/selftrigger_plane_inst/transport_plane_inst/hermes_transport_plane_inst/daphne_top_inst/mux/pcs_pma/phy_gen[0].phy_reset/i_xxv_ethernet_0_cdc_sync_gt_tx_resetdone/s_out_d4_reg/C (clocked by tx_clk_array[0]) and daphne_selftrigger_bd_i/daphne_selftrigger_top/U0/k26c_board_shell_inst/selftrigger_plane_inst/transport_plane_inst/hermes_transport_plane_inst/daphne_top_inst/mux/pcs_pma/phy_gen[0].phy_10gbe/inst/i_xxv_ethernet_0_core_cdc_sync_tx_resetdone_dclk_0/s_out_d2_cdc_to_reg/D (clocked by clk_pl_0). Large setup violations at the end of those stages might be difficult to fix during the post-placement implementation flow and could be the result of non-optimal XDC constraints or non-optimal design architecture
Related violations: <none>

TIMING-16#8 Warning
Large setup violation  
There is a large setup violation of -1.600 ns between daphne_selftrigger_bd_i/daphne_selftrigger_top/U0/k26c_board_shell_inst/selftrigger_plane_inst/transport_plane_inst/hermes_transport_plane_inst/daphne_top_inst/mux/pcs_pma/phy_gen[1].phy_10gbe/inst/i_xxv_ethernet_0_top_0/i_xxv_ethernet_0_CORE/i_RX_TOP/i_RX_LANE/i_RX_WD_ALIGN/align_status_reg[0]/C (clocked by rx_clk_array[1]) and daphne_selftrigger_bd_i/daphne_selftrigger_top/U0/k26c_board_shell_inst/selftrigger_plane_inst/transport_plane_inst/hermes_transport_plane_inst/daphne_top_inst/mux/pcs_pma/phy_gen[1].phy_10gbe/inst/i_xxv_ethernet_0_core_cdc_sync_stat_rx_block_lock_dclk_0/s_out_d2_cdc_to_reg/D (clocked by clk_pl_0). Large setup violations at the end of those stages might be difficult to fix during the post-placement implementation flow and could be the result of non-optimal XDC constraints or non-optimal design architecture
Related violations: <none>

TIMING-16#9 Warning
Large setup violation  
There is a large setup violation of -1.612 ns between daphne_selftrigger_bd_i/daphne_selftrigger_top/U0/k26c_board_shell_inst/selftrigger_plane_inst/transport_plane_inst/hermes_transport_plane_inst/daphne_top_inst/mux/pcs_pma/phy_gen[1].phy_reset/i_xxv_ethernet_0_cdc_sync_gt_tx_resetdone/s_out_d4_reg/C (clocked by tx_clk_array[1]) and daphne_selftrigger_bd_i/daphne_selftrigger_top/U0/k26c_board_shell_inst/selftrigger_plane_inst/transport_plane_inst/hermes_transport_plane_inst/daphne_top_inst/mux/pcs_pma/phy_gen[1].phy_10gbe/inst/i_xxv_ethernet_0_core_cdc_sync_tx_resetdone_dclk_0/s_out_d2_cdc_to_reg/D (clocked by clk_pl_0). Large setup violations at the end of those stages might be difficult to fix during the post-placement implementation flow and could be the result of non-optimal XDC constraints or non-optimal design architecture
Related violations: <none>

TIMING-16#10 Warning
Large setup violation  
There is a large setup violation of -1.684 ns between daphne_selftrigger_bd_i/daphne_selftrigger_top/U0/k26c_board_shell_inst/selftrigger_plane_inst/transport_plane_inst/hermes_transport_plane_inst/daphne_top_inst/mux/pcs_pma/phy_gen[0].phy_10gbe/inst/i_xxv_ethernet_0_top_0/i_xxv_ethernet_0_CORE/i_RX_TOP/i_RX_LANE/i_RX_WD_ALIGN/align_status_reg[0]/C (clocked by rx_clk_array[0]) and daphne_selftrigger_bd_i/daphne_selftrigger_top/U0/k26c_board_shell_inst/selftrigger_plane_inst/transport_plane_inst/hermes_transport_plane_inst/daphne_top_inst/mux/pcs_pma/phy_gen[0].phy_10gbe/inst/i_xxv_ethernet_0_core_cdc_sync_stat_rx_block_lock_dclk_0/s_out_d2_cdc_to_reg/D (clocked by clk_pl_0). Large setup violations at the end of those stages might be difficult to fix during the post-placement implementation flow and could be the result of non-optimal XDC constraints or non-optimal design architecture
Related violations: <none>

TIMING-16#11 Warning
Large setup violation  
There is a large setup violation of -1.715 ns between daphne_selftrigger_bd_i/daphne_selftrigger_top/U0/k26c_board_shell_inst/selftrigger_plane_inst/transport_plane_inst/hermes_transport_plane_inst/daphne_top_inst/mux/pcs_pma/phy_gen[2].phy_10gbe/inst/i_xxv_ethernet_0_top_0/i_xxv_ethernet_0_CORE/i_RX_TOP/i_RX_LANE/i_RX_WD_ALIGN/align_status_reg[0]/C (clocked by rx_clk_array[2]) and daphne_selftrigger_bd_i/daphne_selftrigger_top/U0/k26c_board_shell_inst/selftrigger_plane_inst/transport_plane_inst/hermes_transport_plane_inst/daphne_top_inst/mux/pcs_pma/phy_gen[2].phy_10gbe/inst/i_xxv_ethernet_0_core_cdc_sync_stat_rx_block_lock_dclk_0/s_out_d2_cdc_to_reg/D (clocked by clk_pl_0). Large setup violations at the end of those stages might be difficult to fix during the post-placement implementation flow and could be the result of non-optimal XDC constraints or non-optimal design architecture
Related violations: <none>

TIMING-18#1 Warning
Missing input or output delay  
An input delay is missing on AFE0_MISO relative to the rising and/or falling clock edge(s) of clk_pl_0.
Related violations: <none>

TIMING-18#2 Warning
Missing input or output delay  
An input delay is missing on AFE12_AFE_MISO relative to the rising and/or falling clock edge(s) of clk_pl_0.
Related violations: <none>

TIMING-18#3 Warning
Missing input or output delay  
An input delay is missing on AFE34_AFE_MISO relative to the rising and/or falling clock edge(s) of clk_pl_0.
Related violations: <none>

TIMING-18#4 Warning
Missing input or output delay  
An input delay is missing on CM_DOUT relative to the rising and/or falling clock edge(s) of clk_pl_1.
Related violations: <none>

TIMING-18#5 Warning
Missing input or output delay  
An input delay is missing on IIC_0_scl_io relative to the rising and/or falling clock edge(s) of clk_pl_1.
Related violations: <none>

TIMING-18#6 Warning
Missing input or output delay  
An input delay is missing on IIC_0_sda_io relative to the rising and/or falling clock edge(s) of clk_pl_1.
Related violations: <none>

TIMING-18#7 Warning
Missing input or output delay  
An input delay is missing on fan_tach[0] relative to the rising and/or falling clock edge(s) of clk_pl_0.
Related violations: <none>

TIMING-18#8 Warning
Missing input or output delay  
An input delay is missing on fan_tach[1] relative to the rising and/or falling clock edge(s) of clk_pl_0.
Related violations: <none>

TIMING-18#9 Warning
Missing input or output delay  
An input delay is missing on trig_IN relative to the rising and/or falling clock edge(s) of clk_pl_0, rx_tmg_clk.
Related violations: <none>

TIMING-18#10 Warning
Missing input or output delay  
An output delay is missing on AFE0_SCLK relative to the rising and/or falling clock edge(s) of clk_pl_0.
Related violations: <none>

TIMING-18#11 Warning
Missing input or output delay  
An output delay is missing on AFE0_SDATA relative to the rising and/or falling clock edge(s) of clk_pl_0.
Related violations: <none>

TIMING-18#12 Warning
Missing input or output delay  
An output delay is missing on AFE12_SCLK relative to the rising and/or falling clock edge(s) of clk_pl_0.
Related violations: <none>

TIMING-18#13 Warning
Missing input or output delay  
An output delay is missing on AFE12_SDATA relative to the rising and/or falling clock edge(s) of clk_pl_0.
Related violations: <none>

TIMING-18#14 Warning
Missing input or output delay  
An output delay is missing on AFE34_SCLK relative to the rising and/or falling clock edge(s) of clk_pl_0.
Related violations: <none>

TIMING-18#15 Warning
Missing input or output delay  
An output delay is missing on AFE34_SDATA relative to the rising and/or falling clock edge(s) of clk_pl_0.
Related violations: <none>

TIMING-18#16 Warning
Missing input or output delay  
An output delay is missing on AFE_PD relative to the rising and/or falling clock edge(s) of clk_pl_0.
Related violations: <none>

TIMING-18#17 Warning
Missing input or output delay  
An output delay is missing on AFE_RST relative to the rising and/or falling clock edge(s) of clk_pl_0.
Related violations: <none>

TIMING-18#18 Warning
Missing input or output delay  
An output delay is missing on CM_CSn[0] relative to the rising and/or falling clock edge(s) of clk_pl_1.
Related violations: <none>

TIMING-18#19 Warning
Missing input or output delay  
An output delay is missing on CM_DIN relative to the rising and/or falling clock edge(s) of clk_pl_1.
Related violations: <none>

TIMING-18#20 Warning
Missing input or output delay  
An output delay is missing on CM_SCLK relative to the rising and/or falling clock edge(s) of clk_pl_1.
Related violations: <none>

TIMING-18#21 Warning
Missing input or output delay  
An output delay is missing on DACS_CS relative to the rising and/or falling clock edge(s) of clk_pl_0.
Related violations: <none>

TIMING-18#22 Warning
Missing input or output delay  
An output delay is missing on DACS_LDACN relative to the rising and/or falling clock edge(s) of clk_pl_0.
Related violations: <none>

TIMING-18#23 Warning
Missing input or output delay  
An output delay is missing on DACS_MOSI relative to the rising and/or falling clock edge(s) of clk_pl_0.
Related violations: <none>

TIMING-18#24 Warning
Missing input or output delay  
An output delay is missing on DACS_SCLK relative to the rising and/or falling clock edge(s) of clk_pl_0.
Related violations: <none>

TIMING-18#25 Warning
Missing input or output delay  
An output delay is missing on FAN_CONTROL relative to the rising and/or falling clock edge(s) of clk_pl_0.
Related violations: <none>

TIMING-18#26 Warning
Missing input or output delay  
An output delay is missing on IIC_0_scl_io relative to the rising and/or falling clock edge(s) of clk_pl_1.
Related violations: <none>

TIMING-18#27 Warning
Missing input or output delay  
An output delay is missing on IIC_0_sda_io relative to the rising and/or falling clock edge(s) of clk_pl_1.
Related violations: <none>

TIMING-18#28 Warning
Missing input or output delay  
An output delay is missing on MUXA[0] relative to the rising and/or falling clock edge(s) of clk_pl_0.
Related violations: <none>

TIMING-18#29 Warning
Missing input or output delay  
An output delay is missing on MUXA[1] relative to the rising and/or falling clock edge(s) of clk_pl_0.
Related violations: <none>

TIMING-18#30 Warning
Missing input or output delay  
An output delay is missing on MUX_EN[0] relative to the rising and/or falling clock edge(s) of clk_pl_0.
Related violations: <none>

TIMING-18#31 Warning
Missing input or output delay  
An output delay is missing on MUX_EN[1] relative to the rising and/or falling clock edge(s) of clk_pl_0.
Related violations: <none>

TIMING-18#32 Warning
Missing input or output delay  
An output delay is missing on VBIAS_EN relative to the rising and/or falling clock edge(s) of clk_pl_0.
Related violations: <none>

TIMING-18#33 Warning
Missing input or output delay  
An output delay is missing on afe_clk_n relative to the rising and/or falling clock edge(s) of rx_tmg_clk.
Related violations: <none>

TIMING-18#34 Warning
Missing input or output delay  
An output delay is missing on afe_clk_p relative to the rising and/or falling clock edge(s) of rx_tmg_clk.
Related violations: <none>

TIMING-18#35 Warning
Missing input or output delay  
An output delay is missing on afe_sen[0] relative to the rising and/or falling clock edge(s) of clk_pl_0.
Related violations: <none>

TIMING-18#36 Warning
Missing input or output delay  
An output delay is missing on afe_sen[1] relative to the rising and/or falling clock edge(s) of clk_pl_0.
Related violations: <none>

TIMING-18#37 Warning
Missing input or output delay  
An output delay is missing on afe_sen[2] relative to the rising and/or falling clock edge(s) of clk_pl_0.
Related violations: <none>

TIMING-18#38 Warning
Missing input or output delay  
An output delay is missing on afe_sen[3] relative to the rising and/or falling clock edge(s) of clk_pl_0.
Related violations: <none>

TIMING-18#39 Warning
Missing input or output delay  
An output delay is missing on afe_sen[4] relative to the rising and/or falling clock edge(s) of clk_pl_0.
Related violations: <none>

TIMING-18#40 Warning
Missing input or output delay  
An output delay is missing on offset_ldac_n[0] relative to the rising and/or falling clock edge(s) of clk_pl_0.
Related violations: <none>

TIMING-18#41 Warning
Missing input or output delay  
An output delay is missing on offset_ldac_n[1] relative to the rising and/or falling clock edge(s) of clk_pl_0.
Related violations: <none>

TIMING-18#42 Warning
Missing input or output delay  
An output delay is missing on offset_ldac_n[2] relative to the rising and/or falling clock edge(s) of clk_pl_0.
Related violations: <none>

TIMING-18#43 Warning
Missing input or output delay  
An output delay is missing on offset_ldac_n[3] relative to the rising and/or falling clock edge(s) of clk_pl_0.
Related violations: <none>

TIMING-18#44 Warning
Missing input or output delay  
An output delay is missing on offset_ldac_n[4] relative to the rising and/or falling clock edge(s) of clk_pl_0.
Related violations: <none>

TIMING-18#45 Warning
Missing input or output delay  
An output delay is missing on offset_sync_n[0] relative to the rising and/or falling clock edge(s) of clk_pl_0.
Related violations: <none>

TIMING-18#46 Warning
Missing input or output delay  
An output delay is missing on offset_sync_n[1] relative to the rising and/or falling clock edge(s) of clk_pl_0.
Related violations: <none>

TIMING-18#47 Warning
Missing input or output delay  
An output delay is missing on offset_sync_n[2] relative to the rising and/or falling clock edge(s) of clk_pl_0.
Related violations: <none>

TIMING-18#48 Warning
Missing input or output delay  
An output delay is missing on offset_sync_n[3] relative to the rising and/or falling clock edge(s) of clk_pl_0.
Related violations: <none>

TIMING-18#49 Warning
Missing input or output delay  
An output delay is missing on offset_sync_n[4] relative to the rising and/or falling clock edge(s) of clk_pl_0.
Related violations: <none>

TIMING-18#50 Warning
Missing input or output delay  
An output delay is missing on sfp_tmg_tx_dis relative to the rising and/or falling clock edge(s) of rx_tmg_clk.
Related violations: <none>

TIMING-18#51 Warning
Missing input or output delay  
An output delay is missing on trim_ldac_n[0] relative to the rising and/or falling clock edge(s) of clk_pl_0.
Related violations: <none>

TIMING-18#52 Warning
Missing input or output delay  
An output delay is missing on trim_ldac_n[1] relative to the rising and/or falling clock edge(s) of clk_pl_0.
Related violations: <none>

TIMING-18#53 Warning
Missing input or output delay  
An output delay is missing on trim_ldac_n[2] relative to the rising and/or falling clock edge(s) of clk_pl_0.
Related violations: <none>

TIMING-18#54 Warning
Missing input or output delay  
An output delay is missing on trim_ldac_n[3] relative to the rising and/or falling clock edge(s) of clk_pl_0.
Related violations: <none>

TIMING-18#55 Warning
Missing input or output delay  
An output delay is missing on trim_ldac_n[4] relative to the rising and/or falling clock edge(s) of clk_pl_0.
Related violations: <none>

TIMING-18#56 Warning
Missing input or output delay  
An output delay is missing on trim_sync_n[0] relative to the rising and/or falling clock edge(s) of clk_pl_0.
Related violations: <none>

TIMING-18#57 Warning
Missing input or output delay  
An output delay is missing on trim_sync_n[1] relative to the rising and/or falling clock edge(s) of clk_pl_0.
Related violations: <none>

TIMING-18#58 Warning
Missing input or output delay  
An output delay is missing on trim_sync_n[2] relative to the rising and/or falling clock edge(s) of clk_pl_0.
Related violations: <none>

TIMING-18#59 Warning
Missing input or output delay  
An output delay is missing on trim_sync_n[3] relative to the rising and/or falling clock edge(s) of clk_pl_0.
Related violations: <none>

TIMING-18#60 Warning
Missing input or output delay  
An output delay is missing on trim_sync_n[4] relative to the rising and/or falling clock edge(s) of clk_pl_0.
Related violations: <none>

TIMING-24#1 Warning
Overridden Max delay datapath only  
An asynchronous set_clock_groups or a set_false path (see constraint position 823 in the Timing Constraints window in Vivado IDE) between clocks clk_pl_0 and frontend_clock overrides a set_max_delay -datapath_only (position 506). It is not recommended to override a set_max_delay -datapath_only constraint. Replace the set_clock_groups or set_false_path between clocks with point-to-point set_false_path constraints
Related violations: <none>

TIMING-24#2 Warning
Overridden Max delay datapath only  
An asynchronous set_clock_groups or a set_false path (see constraint position 823 in the Timing Constraints window in Vivado IDE) between clocks frontend_clock and clk_pl_0 overrides a set_max_delay -datapath_only (position 508). It is not recommended to override a set_max_delay -datapath_only constraint. Replace the set_clock_groups or set_false_path between clocks with point-to-point set_false_path constraints
Related violations: <none>

TIMING-30#1 Warning
Sub-optimal master source pin selection for generated clock  
The generated clock frontend_clock has a sub-optimal master source pin selection, timing can be pessimistic
Related violations: <none>

TIMING-30#2 Warning
Sub-optimal master source pin selection for generated clock  
The generated clock frontend_word_clk has a sub-optimal master source pin selection, timing can be pessimistic
Related violations: <none>

ULMTCS-1#1 Warning
Control Sets use limits recommend reduction  
This design uses 3263 control sets (vs. available limit of 29280, determined by 1 control set per CLB). This exceeds the control set use guideline of 7.5 percent. This is at a level where reduction is RECOMMENDED (see UG949). Use report_control_sets to get more details.
Related violations: <none>

XDCB-5#1 Warning
Runtime inefficient way to find pin objects  
The option '-to : [get_pins -hier -quiet -filter {
NAME =~ *fanmon*_inst/tach_meta_reg/D
}]' of constraint 'set_false_path' uses inefficient query to find pin objects (see constraint position '831' in the Timing Constraint window in Vivado IDE). To reduce runtime, it is recommended to get the pins through the cell objects. Please refer to Using Constraints Guide (Constraints Efficiency). An example of optimal query is: get_pins -filter {REF_PIN_NAME=~yy*} -of_objects [get_cells -hierarchical xx*].
Current XDC: /home/marroyav/work/daphne-grouped32-5f00fb5-impl-20260914/xilinx/fan_tach_cdc.tcl (Line: 11)
Related violations: <none>

XDCB-5#2 Warning
Runtime inefficient way to find pin objects  
The option '-to : [get_pins -hier -quiet -filter {
NAME =~ *pcs_pma/freq/t_in_reg/D
}]' of constraint 'set_false_path' uses inefficient query to find pin objects (see constraint position '829' in the Timing Constraint window in Vivado IDE). To reduce runtime, it is recommended to get the pins through the cell objects. Please refer to Using Constraints Guide (Constraints Efficiency). An example of optimal query is: get_pins -filter {REF_PIN_NAME=~yy*} -of_objects [get_cells -hierarchical xx*].
Current XDC: /home/marroyav/work/daphne-grouped32-5f00fb5-impl-20260914/xilinx/hermes_control_cdc.tcl (Line: 12)
Related violations: <none>

XDCB-5#3 Warning
Runtime inefficient way to find pin objects  
The option '-to : [get_pins -hier -quiet -filter {
NAME =~ *source_reset_sync_inst/reset_pipe_s_reg*/PRE
}]' of constraint 'set_false_path' uses inefficient query to find pin objects (see constraint position '830' in the Timing Constraint window in Vivado IDE). To reduce runtime, it is recommended to get the pins through the cell objects. Please refer to Using Constraints Guide (Constraints Efficiency). An example of optimal query is: get_pins -filter {REF_PIN_NAME=~yy*} -of_objects [get_cells -hierarchical xx*].
Current XDC: /home/marroyav/work/daphne-grouped32-5f00fb5-impl-20260914/xilinx/hermes_control_cdc.tcl (Line: 24)
Related violations: <none>

XDCB-5#4 Warning
Runtime inefficient way to find pin objects  
The option '-to : [get_pins -hier -quiet -filter {
NAME =~ *trig_in_meta_reg/D
}]' of constraint 'set_false_path' uses inefficient query to find pin objects (see constraint position '832' in the Timing Constraint window in Vivado IDE). To reduce runtime, it is recommended to get the pins through the cell objects. Please refer to Using Constraints Guide (Constraints Efficiency). An example of optimal query is: get_pins -filter {REF_PIN_NAME=~yy*} -of_objects [get_cells -hierarchical xx*].
Current XDC: /home/marroyav/work/daphne-grouped32-5f00fb5-impl-20260914/xilinx/external_trigger_cdc.tcl (Line: 10)
Related violations: <none>

CLKC-22#1 Advisory
MMCME4 with ZHOLD does not drive sequential IO  
The MMCME4 cell daphne_selftrigger_bd_i/daphne_selftrigger_top/U0/k26c_board_shell_inst/timing_bridge_inst/endpoint_inst/mmcm0_inst has COMPENSATION value ZHOLD, but CLKOUT0 output does not drive any sequential IO cells. It is recommended to use the MMCM without a feedback buffer and set COMPENSATION to INTERNAL.
Related violations: <none>

CLKC-26#1 Advisory
MMCME4 with BUF_IN drives sequential IO with CLKOUT0  
The MMCME4 cell daphne_selftrigger_bd_i/daphne_selftrigger_top/U0/k26c_board_shell_inst/timing_bridge_inst/endpoint_inst/mmcm1_inst has COMPENSATION value BUF_IN, but CLKOUT0 output drives sequential cells directly connected to ports. In order to achieve insertion delay and phase-alignment for the sequential cells directly connected to ports, a COMPENSATION of ZHOLD must be used. (The problem cell is daphne_selftrigger_bd_i/daphne_selftrigger_top/U0/k26c_board_shell_inst/frontend_plane_inst/frontend_island_inst/capture_bank_inst/gen_afe[0].active_afe_gen.afe_slice_inst/gen_lane[0].febit3_inst/ISERDESE3_inst.)
Related violations: <none>

CLKC-30#1 Advisory
MMCME4 not driven by IO has BUFG in feedback loop  
The MMCME4 cell daphne_selftrigger_bd_i/daphne_selftrigger_top/U0/k26c_board_shell_inst/selftrigger_plane_inst/datapath_plane_inst/grouped_clock_inst/mmcm_inst has a BUFGCE daphne_selftrigger_bd_i/daphne_selftrigger_top/U0/k26c_board_shell_inst/selftrigger_plane_inst/datapath_plane_inst/grouped_clock_inst/feedback_buf clock buffer in the feedback loop, but the clock input is not directly driven by an I/O to create a Zero Delay Buffer Clock (a common use for having a buffer in the feedback loop). If there is no specific need for this buffer in the feedback loop (e.g. no timing paths between CLKINx/CLKOUTx domains or low latency requirement), then it is suggested to remove that BUFG* from the feedback path. This will allow for a lower power solution and free the clock resource for other purposes.
Related violations: <none>

CLKC-30#2 Advisory
MMCME4 not driven by IO has BUFG in feedback loop  
The MMCME4 cell daphne_selftrigger_bd_i/daphne_selftrigger_top/U0/k26c_board_shell_inst/timing_bridge_inst/endpoint_inst/mmcm1_inst has a BUFGCE daphne_selftrigger_bd_i/daphne_selftrigger_top/U0/k26c_board_shell_inst/timing_bridge_inst/endpoint_inst/mmcm1_clkfb_inst clock buffer in the feedback loop, but the clock input is not directly driven by an I/O to create a Zero Delay Buffer Clock (a common use for having a buffer in the feedback loop). If there is no specific need for this buffer in the feedback loop (e.g. no timing paths between CLKINx/CLKOUTx domains or low latency requirement), then it is suggested to remove that BUFG* from the feedback path. This will allow for a lower power solution and free the clock resource for other purposes.
Related violations: <none>

CLKC-40#1 Advisory
Substitute PLLE4 for MMCME4 check  
The MMCME4 cell daphne_selftrigger_bd_i/daphne_selftrigger_top/U0/k26c_board_shell_inst/timing_bridge_inst/endpoint_inst/pdts_endpoint_inst/pdts_endpoint_inst/rxcdr/mmcm has a single input clock whose source driver, IBUFCTRL daphne_selftrigger_bd_i/daphne_selftrigger_top/U0/k26c_board_shell_inst/timing_bridge_inst/endpoint_inst/timing_rxclk_inst/IBUFCTRL_INST (in daphne_selftrigger_bd_i/daphne_selftrigger_top/U0/k26c_board_shell_inst/timing_bridge_inst/endpoint_inst/timing_rxclk_inst macro), is not optimally located and the MMCM has a configuration which could be accommodated by a PLL.  Consider changing the MMCM to a PLL which could align better with the input clock driver.
Related violations: <none>

CLKC-56#1 Advisory
MMCME4 with global clock driver has no LOC  
The MMCME4_ADV cell daphne_selftrigger_bd_i/daphne_selftrigger_top/U0/k26c_board_shell_inst/selftrigger_plane_inst/datapath_plane_inst/grouped_clock_inst/mmcm_inst CLKIN1 or CLKIN2 pin is driven by global Clock buffer(s) daphne_selftrigger_bd_i/daphne_selftrigger_top/U0/k26c_board_shell_inst/timing_bridge_inst/endpoint_inst/mmcm1_clk1_inst and does not have a LOC constraint. It is recommended to LOC the MMCM and use the CLOCK_DEDICATED_ROUTE constraint on the net(s) driven by the global Clock buffer(s).
Related violations: <none>

CLKC-56#2 Advisory
MMCME4 with global clock driver has no LOC  
The MMCME4_ADV cell daphne_selftrigger_bd_i/daphne_selftrigger_top/U0/k26c_board_shell_inst/timing_bridge_inst/endpoint_inst/mmcm1_inst CLKIN1 and CLKIN2 pins are driven by global Clock buffer(s) daphne_selftrigger_bd_i/daphne_selftrigger_top/U0/k26c_board_shell_inst/timing_bridge_inst/endpoint_inst/mmcm0_clk0_inst
daphne_selftrigger_bd_i/daphne_selftrigger_top/U0/k26c_board_shell_inst/timing_bridge_inst/endpoint_inst/pdts_endpoint_inst/pdts_endpoint_inst/rxcdr/bufg0 and does not have a LOC constraint. It is recommended to LOC the MMCM and use the CLOCK_DEDICATED_ROUTE constraint on the net(s) driven by the global Clock buffer(s).
Related violations: <none>

CLKC-56#3 Advisory
MMCME4 with global clock driver has no LOC  
The MMCME4_ADV cell daphne_selftrigger_bd_i/daphne_selftrigger_top/U0/k26c_board_shell_inst/timing_bridge_inst/endpoint_inst/pdts_endpoint_inst/pdts_endpoint_inst/rxcdr/mmcm CLKIN1 or CLKIN2 pin is driven by global Clock buffer(s) daphne_selftrigger_bd_i/daphne_selftrigger_top/U0/k26c_board_shell_inst/timing_bridge_inst/endpoint_inst/pdts_endpoint_inst/pdts_endpoint_inst/rxcdr/bufr0 and does not have a LOC constraint. It is recommended to LOC the MMCM and use the CLOCK_DEDICATED_ROUTE constraint on the net(s) driven by the global Clock buffer(s).
Related violations: <none>


