Copyright 1986-2022 Xilinx, Inc. All Rights Reserved. Copyright 2022-2026 Advanced Micro Devices, Inc. All Rights Reserved.
-------------------------------------------------------------------------------------------------------------------------------------------------------------------------------------------
| Tool Version      : Vivado v.2026.1 (lin64) Build 6511674 Tue Jun 16 11:01:26 MDT 2026
| Date              : Mon Sep 14 15:14:06 2026
| Host              : WL-144132 running 64-bit unknown
| Command           : report_clocks -file /home/marroyav/work/daphne-grouped32-1bae1c8-20260914/build/selftrigger-register-cdc-ooc-corrected-20260914/selftrigger_register_bank/clocks.rpt
| Design            : selftrigger_register_bank
| Device            : xck26-sfvc784
| Speed File        : -2LV  PRODUCTION 1.31 12-08-2025
| Design State      : Synthesized
| Temperature Grade : C
-------------------------------------------------------------------------------------------------------------------------------------------------------------------------------------------

Clock Report


Attributes
  P: Propagated
  G: Generated
  A: Auto-derived
  R: Renamed
  V: Virtual
  I: Inverted
  S: Pin phase-shifted with Latency mode

Clock          Period(ns)  Waveform(ns)   Attributes  Sources
axi_clock      10.000      {0.000 5.000}  P           {AXI_IN[ACLK]}
counter_clock  16.000      {0.000 8.000}  P           {counter_clock_i}


====================================================
Generated Clocks
====================================================



====================================================
User Uncertainty
====================================================



====================================================
User Jitter
====================================================


