Copyright 1986-2022 Xilinx, Inc. All Rights Reserved. Copyright 2022-2026 Advanced Micro Devices, Inc. All Rights Reserved.
-----------------------------------------------------------------------------------------------------------------------------------------------------------------------------------------------------------
| Tool Version      : Vivado v.2026.1 (lin64) Build 6511674 Tue Jun 16 11:01:26 MDT 2026
| Date              : Mon Sep 14 15:14:06 2026
| Host              : WL-144132 running 64-bit unknown
| Command           : report_timing_summary -file /home/marroyav/work/daphne-grouped32-1bae1c8-20260914/build/selftrigger-register-cdc-ooc-corrected-20260914/selftrigger_register_bank/timing_summary.rpt
| Design            : selftrigger_register_bank
| Device            : xck26-sfvc784
| Speed File        : -2LV  PRODUCTION 1.31 12-08-2025
| Design State      : Synthesized
| Temperature Grade : C
-----------------------------------------------------------------------------------------------------------------------------------------------------------------------------------------------------------

Timing Summary Report

------------------------------------------------------------------------------------------------
| Timer Settings
| --------------
------------------------------------------------------------------------------------------------

  Enable Multi Corner Analysis               :  Yes
  Enable Pessimism Removal                   :  Yes
  Pessimism Removal Resolution               :  Nearest Common Node
  Enable Input Delay Default Clock           :  No
  Enable Preset / Clear Arcs                 :  No
  Disable Flight Delays                      :  No
  Ignore I/O Paths                           :  No
  Timing Early Launch at Borrowing Latches   :  No
  Borrow Time for Max Delay Exceptions       :  Yes
  Merge Timing Exceptions                    :  Yes
  Inter-SLR Compensation                     :  Conservative

  Corner  Analyze    Analyze    
  Name    Max Paths  Min Paths  
  ------  ---------  ---------  
  Slow    Yes        Yes        
  Fast    Yes        Yes        


------------------------------------------------------------------------------------------------
| Report Methodology
| ------------------
------------------------------------------------------------------------------------------------

No report available as report_methodology has not been run prior. Run report_methodology on the current design for the summary of methodology violations.



check_timing report

Table of Contents
-----------------
1. checking no_clock (0)
2. checking constant_clock (0)
3. checking pulse_width_clock (0)
4. checking unconstrained_internal_endpoints (0)
5. checking no_input_delay (23103)
6. checking no_output_delay (2118)
7. checking multiple_clock (0)
8. checking generated_clocks (0)
9. checking loops (0)
10. checking partial_input_delay (0)
11. checking partial_output_delay (0)
12. checking latch_loops (0)

1. checking no_clock (0)
------------------------
 There are 0 register/latch pins with no clock.


2. checking constant_clock (0)
------------------------------
 There are 0 register/latch pins with constant_clock.


3. checking pulse_width_clock (0)
---------------------------------
 There are 0 register/latch pins which need pulse_width check


4. checking unconstrained_internal_endpoints (0)
------------------------------------------------
 There are 0 pins that are not constrained for maximum delay.

 There are 0 pins that are not constrained for maximum delay due to constant clock.


5. checking no_input_delay (23103)
----------------------------------
 There are 23103 input ports with no input delay specified. (HIGH)

 There are 0 input ports with no input delay but user has a false path constraint.


6. checking no_output_delay (2118)
----------------------------------
 There are 2118 ports with no output delay specified. (HIGH)

 There are 0 ports with no output delay but user has a false path constraint

 There are 0 ports with no output delay but with a timing clock defined on it or propagating through it


7. checking multiple_clock (0)
------------------------------
 There are 0 register/latch pins with multiple clocks.


8. checking generated_clocks (0)
--------------------------------
 There are 0 generated clocks that are not connected to a clock source.


9. checking loops (0)
---------------------
 There are 0 combinational loops in the design.


10. checking partial_input_delay (0)
------------------------------------
 There are 0 input ports with partial input delay specified.


11. checking partial_output_delay (0)
-------------------------------------
 There are 0 ports with partial output delay specified.


12. checking latch_loops (0)
----------------------------
 There are 0 combinational latch loops in the design through latch input



------------------------------------------------------------------------------------------------
| Design Timing Summary
| ---------------------
------------------------------------------------------------------------------------------------

    WNS(ns)      TNS(ns)  TNS Failing Endpoints  TNS Total Endpoints      WHS(ns)      THS(ns)  THS Failing Endpoints  THS Total Endpoints     WPWS(ns)     TPWS(ns)  TPWS Failing Endpoints  TPWS Total Endpoints  
    -------      -------  ---------------------  -------------------      -------      -------  ---------------------  -------------------     --------     --------  ----------------------  --------------------  
      1.700        0.000                      0                 2878        0.072        0.000                      0                 2878        4.725        0.000                       0                  2505  


All user specified timing constraints are met.


------------------------------------------------------------------------------------------------
| Clock Summary
| -------------
------------------------------------------------------------------------------------------------

Clock          Waveform(ns)       Period(ns)      Frequency(MHz)
-----          ------------       ----------      --------------
axi_clock      {0.000 5.000}      10.000          100.000         
counter_clock  {0.000 8.000}      16.000          62.500          


------------------------------------------------------------------------------------------------
| Intra Clock Table
| -----------------
------------------------------------------------------------------------------------------------

Clock              WNS(ns)      TNS(ns)  TNS Failing Endpoints  TNS Total Endpoints      WHS(ns)      THS(ns)  THS Failing Endpoints  THS Total Endpoints     WPWS(ns)     TPWS(ns)  TPWS Failing Endpoints  TPWS Total Endpoints  
-----              -------      -------  ---------------------  -------------------      -------      -------  ---------------------  -------------------     --------     --------  ----------------------  --------------------  
axi_clock            8.166        0.000                      0                 2522        0.107        0.000                      0                 2522        4.725        0.000                       0                  2355  
counter_clock       14.382        0.000                      0                  279        0.107        0.000                      0                  279        7.725        0.000                       0                   150  


------------------------------------------------------------------------------------------------
| Inter Clock Table
| -----------------
------------------------------------------------------------------------------------------------

From Clock     To Clock           WNS(ns)      TNS(ns)  TNS Failing Endpoints  TNS Total Endpoints      WHS(ns)      THS(ns)  THS Failing Endpoints  THS Total Endpoints  
----------     --------           -------      -------  ---------------------  -------------------      -------      -------  ---------------------  -------------------  
counter_clock  axi_clock            1.711        0.000                      0                   66        0.072        0.000                      0                   66  
axi_clock      counter_clock        1.700        0.000                      0                   11        0.072        0.000                      0                   11  


------------------------------------------------------------------------------------------------
| Other Path Groups Table
| -----------------------
------------------------------------------------------------------------------------------------

Path Group    From Clock    To Clock          WNS(ns)      TNS(ns)  TNS Failing Endpoints  TNS Total Endpoints      WHS(ns)      THS(ns)  THS Failing Endpoints  THS Total Endpoints  
----------    ----------    --------          -------      -------  ---------------------  -------------------      -------      -------  ---------------------  -------------------  


------------------------------------------------------------------------------------------------
| Timing Details
| --------------
------------------------------------------------------------------------------------------------


---------------------------------------------------------------------------------------------------
From Clock:  axi_clock
  To Clock:  axi_clock

Setup :            0  Failing Endpoints,  Worst Slack        8.166ns,  Total Violation        0.000ns
Hold  :            0  Failing Endpoints,  Worst Slack        0.107ns,  Total Violation        0.000ns
PW    :            0  Failing Endpoints,  Worst Slack        4.725ns,  Total Violation        0.000ns
---------------------------------------------------------------------------------------------------


Max Delay Paths
--------------------------------------------------------------------------------------
Slack (MET) :             8.166ns  (required time - arrival time)
  Source:                 continuation_config_reg_reg[3][11]/C
                            (rising edge-triggered cell FDRE clocked by axi_clock  {rise@0.000ns fall@5.000ns period=10.000ns})
  Destination:            axi_rdata_reg[11]/D
                            (rising edge-triggered cell FDRE clocked by axi_clock  {rise@0.000ns fall@5.000ns period=10.000ns})
  Path Group:             axi_clock
  Path Type:              Setup (Max at Slow Process Corner)
  Requirement:            10.000ns  (axi_clock rise@10.000ns - axi_clock rise@0.000ns)
  Data Path Delay:        1.831ns  (logic 0.769ns (41.999%)  route 1.062ns (58.001%))
  Logic Levels:           7  (LUT4=1 LUT6=4 MUXF7=1 MUXF8=1)
  Clock Path Skew:        -0.012ns (DCD - SCD + CPR)
    Destination Clock Delay (DCD):    0.029ns = ( 10.029 - 10.000 ) 
    Source Clock Delay      (SCD):    0.041ns
    Clock Pessimism Removal (CPR):    0.000ns
  Clock Uncertainty:      0.035ns  ((TSJ^2 + TIJ^2)^1/2 + DJ) / 2 + PE
    Total System Jitter     (TSJ):    0.071ns
    Total Input Jitter      (TIJ):    0.000ns
    Discrete Jitter          (DJ):    0.000ns
    Phase Error              (PE):    0.000ns

    Location             Delay type                Incr(ns)  Path(ns)    Netlist Resource(s)
  -------------------------------------------------------------------    -------------------
                         (clock axi_clock rise edge)
                                                      0.000     0.000 r  <hidden>
                                                      0.000     0.000 r  AXI_IN[ACLK]
                         net (fo=2354, unset)         0.041     0.041    AXI_IN[ACLK]
                         FDRE                                         r  continuation_config_reg_reg[3][11]/C
  -------------------------------------------------------------------    -------------------
                         FDRE (Prop_FDRE_C_Q)         0.114     0.155 r  continuation_config_reg_reg[3][11]/Q
                         net (fo=1, unplaced)         0.174     0.329    continuation_config_o[3][11]
                         LUT6 (Prop_LUT6_I0_O)        0.220     0.549 r  axi_rdata[11]_i_35/O
                         net (fo=1, unplaced)         0.040     0.589    axi_rdata[11]_i_35_n_0
                         MUXF7 (Prop_MUXF7_I0_O)      0.106     0.695 r  axi_rdata_reg[11]_i_21/O
                         net (fo=1, unplaced)         0.000     0.695    axi_rdata_reg[11]_i_21_n_0
                         MUXF8 (Prop_MUXF8_I0_O)      0.036     0.731 r  axi_rdata_reg[11]_i_14/O
                         net (fo=1, unplaced)         0.211     0.942    axi_rdata_reg[11]_i_14_n_0
                         LUT6 (Prop_LUT6_I5_O)        0.058     1.000 r  axi_rdata[11]_i_6/O
                         net (fo=1, unplaced)         0.211     1.211    continuation_config_reg[0][11]
                         LUT6 (Prop_LUT6_I3_O)        0.058     1.269 r  axi_rdata[11]_i_4/O
                         net (fo=1, unplaced)         0.211     1.480    axi_rdata[11]_i_4_n_0
                         LUT4 (Prop_LUT4_I3_O)        0.095     1.575 r  axi_rdata[11]_i_2/O
                         net (fo=1, unplaced)         0.148     1.723    axi_rdata[11]_i_2_n_0
                         LUT6 (Prop_LUT6_I2_O)        0.082     1.805 r  axi_rdata[11]_i_1/O
                         net (fo=1, unplaced)         0.067     1.872    axi_rdata[11]_i_1_n_0
                         FDRE                                         r  axi_rdata_reg[11]/D
  -------------------------------------------------------------------    -------------------

                         (clock axi_clock rise edge)
                                                     10.000    10.000 r  <hidden>
                                                      0.000    10.000 r  AXI_IN[ACLK]
                         net (fo=2354, unset)         0.029    10.029    AXI_IN[ACLK]
                         FDRE                                         r  axi_rdata_reg[11]/C
                         clock pessimism              0.000    10.029    <hidden>
                         clock uncertainty           -0.035     9.994    <hidden>
                         FDRE (Setup_FDRE_C_D)        0.044    10.038    axi_rdata_reg[11]
  -------------------------------------------------------------------
                         required time                         10.038    <hidden>
                         arrival time                          -1.872    <hidden>
  -------------------------------------------------------------------
                         slack                                  8.166    <hidden>





Min Delay Paths
--------------------------------------------------------------------------------------
Slack (MET) :             0.107ns  (arrival time - required time)
  Source:                 launch_selector_reg[3]/C
                            (rising edge-triggered cell FDRE clocked by axi_clock  {rise@0.000ns fall@5.000ns period=10.000ns})
  Destination:            cached_counter_reg[3]/D
                            (rising edge-triggered cell FDRE clocked by axi_clock  {rise@0.000ns fall@5.000ns period=10.000ns})
  Path Group:             axi_clock
  Path Type:              Hold (Min at Fast Process Corner)
  Requirement:            0.000ns  (axi_clock rise@0.000ns - axi_clock rise@0.000ns)
  Data Path Delay:        0.156ns  (logic 0.082ns (52.564%)  route 0.074ns (47.436%))
  Logic Levels:           0  
  Clock Path Skew:        0.005ns (DCD - SCD - CPR)
    Destination Clock Delay (DCD):    0.019ns
    Source Clock Delay      (SCD):    0.014ns
    Clock Pessimism Removal (CPR):    -0.000ns

    Location             Delay type                Incr(ns)  Path(ns)    Netlist Resource(s)
  -------------------------------------------------------------------    -------------------
                         (clock axi_clock rise edge)
                                                      0.000     0.000 r  <hidden>
                                                      0.000     0.000 r  AXI_IN[ACLK]
                         net (fo=2354, unset)         0.014     0.014    AXI_IN[ACLK]
                         FDRE                                         r  launch_selector_reg[3]/C
  -------------------------------------------------------------------    -------------------
                         FDRE (Prop_FDRE_C_Q)         0.082     0.096 r  launch_selector_reg[3]/Q
                         net (fo=2, unplaced)         0.074     0.170    read_counter[3]
                         FDRE                                         r  cached_counter_reg[3]/D
  -------------------------------------------------------------------    -------------------

                         (clock axi_clock rise edge)
                                                      0.000     0.000 r  <hidden>
                                                      0.000     0.000 r  AXI_IN[ACLK]
                         net (fo=2354, unset)         0.019     0.019    AXI_IN[ACLK]
                         FDRE                                         r  cached_counter_reg[3]/C
                         clock pessimism              0.000     0.019    <hidden>
                         FDRE (Hold_FDRE_C_D)         0.044     0.063    cached_counter_reg[3]
  -------------------------------------------------------------------
                         required time                         -0.063    <hidden>
                         arrival time                           0.170    <hidden>
  -------------------------------------------------------------------
                         slack                                  0.107    <hidden>





Pulse Width Checks
--------------------------------------------------------------------------------------
Clock Name:         axi_clock
Waveform(ns):       { 0.000 5.000 }
Period(ns):         10.000
Sources:            { AXI_IN[ACLK] }

Check Type        Corner  Lib Pin  Reference Pin  Required(ns)  Actual(ns)  Slack(ns)  Location  Pin
Min Period        n/a     FDRE/C   n/a            0.550         10.000      9.450                FSM_sequential_read_state_reg[0]/C
Low Pulse Width   Slow    FDRE/C   n/a            0.275         5.000       4.725                FSM_sequential_read_state_reg[0]/C
High Pulse Width  Slow    FDRE/C   n/a            0.275         5.000       4.725                FSM_sequential_read_state_reg[0]/C



---------------------------------------------------------------------------------------------------
From Clock:  counter_clock
  To Clock:  counter_clock

Setup :            0  Failing Endpoints,  Worst Slack       14.382ns,  Total Violation        0.000ns
Hold  :            0  Failing Endpoints,  Worst Slack        0.107ns,  Total Violation        0.000ns
PW    :            0  Failing Endpoints,  Worst Slack        7.725ns,  Total Violation        0.000ns
---------------------------------------------------------------------------------------------------


Max Delay Paths
--------------------------------------------------------------------------------------
Slack (MET) :             14.382ns  (required time - arrival time)
  Source:                 counter_request/dest_hsdata_ff_reg[1]/C
                            (rising edge-triggered cell FDRE clocked by counter_clock  {rise@0.000ns fall@8.000ns period=16.000ns})
  Destination:            response_hold_reg[0]/D
                            (rising edge-triggered cell FDRE clocked by counter_clock  {rise@0.000ns fall@8.000ns period=16.000ns})
  Path Group:             counter_clock
  Path Type:              Setup (Max at Slow Process Corner)
  Requirement:            16.000ns  (counter_clock rise@16.000ns - counter_clock rise@0.000ns)
  Data Path Delay:        1.615ns  (logic 0.758ns (46.935%)  route 0.857ns (53.065%))
  Logic Levels:           7  (LUT6=3 MUXF7=2 MUXF8=2)
  Clock Path Skew:        -0.012ns (DCD - SCD + CPR)
    Destination Clock Delay (DCD):    0.029ns = ( 16.029 - 16.000 ) 
    Source Clock Delay      (SCD):    0.041ns
    Clock Pessimism Removal (CPR):    0.000ns
  Clock Uncertainty:      0.035ns  ((TSJ^2 + TIJ^2)^1/2 + DJ) / 2 + PE
    Total System Jitter     (TSJ):    0.071ns
    Total Input Jitter      (TIJ):    0.000ns
    Discrete Jitter          (DJ):    0.000ns
    Phase Error              (PE):    0.000ns

    Location             Delay type                Incr(ns)  Path(ns)    Netlist Resource(s)
  -------------------------------------------------------------------    -------------------
                         (clock counter_clock rise edge)
                                                      0.000     0.000 r  <hidden>
                                                      0.000     0.000 r  counter_clock_i
                         net (fo=149, unset)          0.041     0.041    counter_request/dest_clk
                         FDRE                                         r  counter_request/dest_hsdata_ff_reg[1]/C
  -------------------------------------------------------------------    -------------------
                         FDRE (Prop_FDRE_C_Q)         0.114     0.155 r  counter_request/dest_hsdata_ff_reg[1]/Q
                         net (fo=5760, unplaced)      0.284     0.439    dest_out[1]
                         LUT6 (Prop_LUT6_I2_O)        0.151     0.590 r  response_hold[0]_i_103/O
                         net (fo=1, unplaced)         0.040     0.630    response_hold[0]_i_103_n_0
                         MUXF7 (Prop_MUXF7_I0_O)      0.106     0.736 r  response_hold_reg[0]_i_71/O
                         net (fo=1, unplaced)         0.000     0.736    response_hold_reg[0]_i_71_n_0
                         MUXF8 (Prop_MUXF8_I0_O)      0.036     0.772 r  response_hold_reg[0]_i_39/O
                         net (fo=1, unplaced)         0.215     0.987    response_hold_reg[0]_i_39_n_0
                         LUT6 (Prop_LUT6_I0_O)        0.151     1.138 r  response_hold[0]_i_27/O
                         net (fo=1, unplaced)         0.040     1.178    response_hold[0]_i_27_n_0
                         MUXF7 (Prop_MUXF7_I0_O)      0.106     1.284 r  response_hold_reg[0]_i_11/O
                         net (fo=1, unplaced)         0.000     1.284    response_hold_reg[0]_i_11_n_0
                         MUXF8 (Prop_MUXF8_I0_O)      0.036     1.320 r  response_hold_reg[0]_i_4/O
                         net (fo=1, unplaced)         0.211     1.531    response_hold_reg[0]_i_4_n_0
                         LUT6 (Prop_LUT6_I5_O)        0.058     1.589 r  response_hold[0]_i_1/O
                         net (fo=1, unplaced)         0.067     1.656    response_hold[0]_i_1_n_0
                         FDRE                                         r  response_hold_reg[0]/D
  -------------------------------------------------------------------    -------------------

                         (clock counter_clock rise edge)
                                                     16.000    16.000 r  <hidden>
                                                      0.000    16.000 r  counter_clock_i
                         net (fo=149, unset)          0.029    16.029    counter_clock_i
                         FDRE                                         r  response_hold_reg[0]/C
                         clock pessimism              0.000    16.029    <hidden>
                         clock uncertainty           -0.035    15.994    <hidden>
                         FDRE (Setup_FDRE_C_D)        0.044    16.038    response_hold_reg[0]
  -------------------------------------------------------------------
                         required time                         16.038    <hidden>
                         arrival time                          -1.656    <hidden>
  -------------------------------------------------------------------
                         slack                                 14.382    <hidden>





Min Delay Paths
--------------------------------------------------------------------------------------
Slack (MET) :             0.107ns  (arrival time - required time)
  Source:                 counter_request/xpm_cdc_single_src2dest_inst/syncstages_ff_reg[2]/C
                            (rising edge-triggered cell FDRE clocked by counter_clock  {rise@0.000ns fall@8.000ns period=16.000ns})
  Destination:            counter_request/dest_req_ff_reg/D
                            (rising edge-triggered cell FDRE clocked by counter_clock  {rise@0.000ns fall@8.000ns period=16.000ns})
  Path Group:             counter_clock
  Path Type:              Hold (Min at Fast Process Corner)
  Requirement:            0.000ns  (counter_clock rise@0.000ns - counter_clock rise@0.000ns)
  Data Path Delay:        0.156ns  (logic 0.082ns (52.564%)  route 0.074ns (47.436%))
  Logic Levels:           0  
  Clock Path Skew:        0.005ns (DCD - SCD - CPR)
    Destination Clock Delay (DCD):    0.019ns
    Source Clock Delay      (SCD):    0.014ns
    Clock Pessimism Removal (CPR):    -0.000ns

    Location             Delay type                Incr(ns)  Path(ns)    Netlist Resource(s)
  -------------------------------------------------------------------    -------------------
                         (clock counter_clock rise edge)
                                                      0.000     0.000 r  <hidden>
                                                      0.000     0.000 r  counter_clock_i
                         net (fo=149, unset)          0.014     0.014    counter_request/xpm_cdc_single_src2dest_inst/dest_clk
                         FDRE                                         r  counter_request/xpm_cdc_single_src2dest_inst/syncstages_ff_reg[2]/C
  -------------------------------------------------------------------    -------------------
                         FDRE (Prop_FDRE_C_Q)         0.082     0.096 r  counter_request/xpm_cdc_single_src2dest_inst/syncstages_ff_reg[2]/Q
                         net (fo=2, unplaced)         0.074     0.170    counter_request/dest_req_nxt
                         FDRE                                         r  counter_request/dest_req_ff_reg/D
  -------------------------------------------------------------------    -------------------

                         (clock counter_clock rise edge)
                                                      0.000     0.000 r  <hidden>
                                                      0.000     0.000 r  counter_clock_i
                         net (fo=149, unset)          0.019     0.019    counter_request/dest_clk
                         FDRE                                         r  counter_request/dest_req_ff_reg/C
                         clock pessimism              0.000     0.019    <hidden>
                         FDRE (Hold_FDRE_C_D)         0.044     0.063    counter_request/dest_req_ff_reg
  -------------------------------------------------------------------
                         required time                         -0.063    <hidden>
                         arrival time                           0.170    <hidden>
  -------------------------------------------------------------------
                         slack                                  0.107    <hidden>





Pulse Width Checks
--------------------------------------------------------------------------------------
Clock Name:         counter_clock
Waveform(ns):       { 0.000 8.000 }
Period(ns):         16.000
Sources:            { counter_clock_i }

Check Type        Corner  Lib Pin  Reference Pin  Required(ns)  Actual(ns)  Slack(ns)  Location  Pin
Min Period        n/a     FDRE/C   n/a            0.550         16.000      15.450               FSM_onehot_snapshot_state_reg[0]/C
Low Pulse Width   Slow    FDRE/C   n/a            0.275         8.000       7.725                FSM_onehot_snapshot_state_reg[0]/C
High Pulse Width  Slow    FDRE/C   n/a            0.275         8.000       7.725                FSM_onehot_snapshot_state_reg[0]/C



---------------------------------------------------------------------------------------------------
From Clock:  counter_clock
  To Clock:  axi_clock

Setup :            0  Failing Endpoints,  Worst Slack        1.711ns,  Total Violation        0.000ns
Hold  :            0  Failing Endpoints,  Worst Slack        0.072ns,  Total Violation        0.000ns
---------------------------------------------------------------------------------------------------


Max Delay Paths
--------------------------------------------------------------------------------------
Slack (MET) :             1.711ns  (required time - arrival time)
  Source:                 counter_response/src_hsdata_ff_reg[0]/C
                            (rising edge-triggered cell FDRE clocked by counter_clock  {rise@0.000ns fall@8.000ns period=16.000ns})
  Destination:            counter_response/dest_hsdata_ff_reg[0]/D
                            (rising edge-triggered cell FDRE clocked by axi_clock  {rise@0.000ns fall@5.000ns period=10.000ns})
  Path Group:             axi_clock
  Path Type:              Setup (Max at Slow Process Corner)
  Requirement:            2.000ns  (axi_clock rise@50.000ns - counter_clock rise@48.000ns)
  Data Path Delay:        0.286ns  (logic 0.114ns (39.860%)  route 0.172ns (60.140%))
  Logic Levels:           0  
  Clock Path Skew:        -0.012ns (DCD - SCD + CPR)
    Destination Clock Delay (DCD):    0.029ns = ( 50.029 - 50.000 ) 
    Source Clock Delay      (SCD):    0.041ns = ( 48.041 - 48.000 ) 
    Clock Pessimism Removal (CPR):    0.000ns
  Clock Uncertainty:      0.035ns  ((TSJ^2 + TIJ^2)^1/2 + DJ) / 2 + PE
    Total System Jitter     (TSJ):    0.071ns
    Total Input Jitter      (TIJ):    0.000ns
    Discrete Jitter          (DJ):    0.000ns
    Phase Error              (PE):    0.000ns
  Clock Domain Crossing:  Inter clock paths are considered valid unless explicitly excluded by timing constraints such as set_clock_groups or set_false_path.

    Location             Delay type                Incr(ns)  Path(ns)    Netlist Resource(s)
  -------------------------------------------------------------------    -------------------
                         (clock counter_clock rise edge)
                                                     48.000    48.000 r  <hidden>
                                                      0.000    48.000 r  counter_clock_i
                         net (fo=149, unset)          0.041    48.041    counter_response/src_clk
                         FDRE                                         r  counter_response/src_hsdata_ff_reg[0]/C
  -------------------------------------------------------------------    -------------------
                         FDRE (Prop_FDRE_C_Q)         0.114    48.155 r  counter_response/src_hsdata_ff_reg[0]/Q
                         net (fo=1, unplaced)         0.172    48.327    counter_response/src_hsdata_ff[0]
                         FDRE                                         r  counter_response/dest_hsdata_ff_reg[0]/D
  -------------------------------------------------------------------    -------------------

                         (clock axi_clock rise edge)
                                                     50.000    50.000 r  <hidden>
                                                      0.000    50.000 r  AXI_IN[ACLK]
                         net (fo=2354, unset)         0.029    50.029    counter_response/dest_clk
                         FDRE                                         r  counter_response/dest_hsdata_ff_reg[0]/C
                         clock pessimism              0.000    50.029    <hidden>
                         clock uncertainty           -0.035    49.994    <hidden>
                         FDRE (Setup_FDRE_C_D)        0.044    50.038    counter_response/dest_hsdata_ff_reg[0]
  -------------------------------------------------------------------
                         required time                         50.038    <hidden>
                         arrival time                         -48.327    <hidden>
  -------------------------------------------------------------------
                         slack                                  1.711    <hidden>





Min Delay Paths
--------------------------------------------------------------------------------------
Slack (MET) :             0.072ns  (arrival time - required time)
  Source:                 request_ack_reg/C
                            (rising edge-triggered cell FDRE clocked by counter_clock  {rise@0.000ns fall@8.000ns period=16.000ns})
  Destination:            counter_request/xpm_cdc_single_dest2src_inst/syncstages_ff_reg[0]/D
                            (rising edge-triggered cell FDRE clocked by axi_clock  {rise@0.000ns fall@5.000ns period=10.000ns})
  Path Group:             axi_clock
  Path Type:              Hold (Min at Fast Process Corner)
  Requirement:            0.000ns  (axi_clock rise@0.000ns - counter_clock rise@0.000ns)
  Data Path Delay:        0.158ns  (logic 0.084ns (53.165%)  route 0.074ns (46.835%))
  Logic Levels:           0  
  Clock Path Skew:        0.007ns (DCD - SCD - CPR)
    Destination Clock Delay (DCD):    0.021ns
    Source Clock Delay      (SCD):    0.014ns
    Clock Pessimism Removal (CPR):    -0.000ns
  Clock Uncertainty:      0.035ns  ((TSJ^2 + TIJ^2)^1/2 + DJ) / 2 + PE
    Total System Jitter     (TSJ):    0.071ns
    Total Input Jitter      (TIJ):    0.000ns
    Discrete Jitter          (DJ):    0.000ns
    Phase Error              (PE):    0.000ns
  Clock Domain Crossing:  Inter clock paths are considered valid unless explicitly excluded by timing constraints such as set_clock_groups or set_false_path.

    Location             Delay type                Incr(ns)  Path(ns)    Netlist Resource(s)
  -------------------------------------------------------------------    -------------------
                         (clock counter_clock rise edge)
                                                      0.000     0.000 r  <hidden>
                                                      0.000     0.000 r  counter_clock_i
                         net (fo=149, unset)          0.014     0.014    counter_clock_i
                         FDRE                                         r  request_ack_reg/C
  -------------------------------------------------------------------    -------------------
                         FDRE (Prop_FDRE_C_Q)         0.084     0.098 r  request_ack_reg/Q
                         net (fo=2, unplaced)         0.074     0.172    counter_request/xpm_cdc_single_dest2src_inst/src_in
                         FDRE                                         r  counter_request/xpm_cdc_single_dest2src_inst/syncstages_ff_reg[0]/D
  -------------------------------------------------------------------    -------------------

                         (clock axi_clock rise edge)
                                                      0.000     0.000 r  <hidden>
                                                      0.000     0.000 r  AXI_IN[ACLK]
                         net (fo=2354, unset)         0.021     0.021    counter_request/xpm_cdc_single_dest2src_inst/dest_clk
                         FDRE                                         r  counter_request/xpm_cdc_single_dest2src_inst/syncstages_ff_reg[0]/C
                         clock pessimism              0.000     0.021    <hidden>
                         clock uncertainty            0.035     0.056    <hidden>
                         FDRE (Hold_FDRE_C_D)         0.044     0.100    counter_request/xpm_cdc_single_dest2src_inst/syncstages_ff_reg[0]
  -------------------------------------------------------------------
                         required time                         -0.100    <hidden>
                         arrival time                           0.172    <hidden>
  -------------------------------------------------------------------
                         slack                                  0.072    <hidden>





---------------------------------------------------------------------------------------------------
From Clock:  axi_clock
  To Clock:  counter_clock

Setup :            0  Failing Endpoints,  Worst Slack        1.700ns,  Total Violation        0.000ns
Hold  :            0  Failing Endpoints,  Worst Slack        0.072ns,  Total Violation        0.000ns
---------------------------------------------------------------------------------------------------


Max Delay Paths
--------------------------------------------------------------------------------------
Slack (MET) :             1.700ns  (required time - arrival time)
  Source:                 response_ack_reg/C
                            (rising edge-triggered cell FDRE clocked by axi_clock  {rise@0.000ns fall@5.000ns period=10.000ns})
  Destination:            counter_response/xpm_cdc_single_dest2src_inst/syncstages_ff_reg[0]/D
                            (rising edge-triggered cell FDRE clocked by counter_clock  {rise@0.000ns fall@8.000ns period=16.000ns})
  Path Group:             counter_clock
  Path Type:              Setup (Max at Slow Process Corner)
  Requirement:            2.000ns  (counter_clock rise@32.000ns - axi_clock rise@30.000ns)
  Data Path Delay:        0.298ns  (logic 0.114ns (38.255%)  route 0.184ns (61.745%))
  Logic Levels:           0  
  Clock Path Skew:        -0.011ns (DCD - SCD + CPR)
    Destination Clock Delay (DCD):    0.030ns = ( 32.030 - 32.000 ) 
    Source Clock Delay      (SCD):    0.041ns = ( 30.041 - 30.000 ) 
    Clock Pessimism Removal (CPR):    0.000ns
  Clock Uncertainty:      0.035ns  ((TSJ^2 + TIJ^2)^1/2 + DJ) / 2 + PE
    Total System Jitter     (TSJ):    0.071ns
    Total Input Jitter      (TIJ):    0.000ns
    Discrete Jitter          (DJ):    0.000ns
    Phase Error              (PE):    0.000ns
  Clock Domain Crossing:  Inter clock paths are considered valid unless explicitly excluded by timing constraints such as set_clock_groups or set_false_path.

    Location             Delay type                Incr(ns)  Path(ns)    Netlist Resource(s)
  -------------------------------------------------------------------    -------------------
                         (clock axi_clock rise edge)
                                                     30.000    30.000 r  <hidden>
                                                      0.000    30.000 r  AXI_IN[ACLK]
                         net (fo=2354, unset)         0.041    30.041    AXI_IN[ACLK]
                         FDRE                                         r  response_ack_reg/C
  -------------------------------------------------------------------    -------------------
                         FDRE (Prop_FDRE_C_Q)         0.114    30.155 r  response_ack_reg/Q
                         net (fo=4, unplaced)         0.184    30.339    counter_response/xpm_cdc_single_dest2src_inst/src_in
                         FDRE                                         r  counter_response/xpm_cdc_single_dest2src_inst/syncstages_ff_reg[0]/D
  -------------------------------------------------------------------    -------------------

                         (clock counter_clock rise edge)
                                                     32.000    32.000 r  <hidden>
                                                      0.000    32.000 r  counter_clock_i
                         net (fo=149, unset)          0.030    32.030    counter_response/xpm_cdc_single_dest2src_inst/dest_clk
                         FDRE                                         r  counter_response/xpm_cdc_single_dest2src_inst/syncstages_ff_reg[0]/C
                         clock pessimism              0.000    32.030    <hidden>
                         clock uncertainty           -0.035    31.995    <hidden>
                         FDRE (Setup_FDRE_C_D)        0.044    32.039    counter_response/xpm_cdc_single_dest2src_inst/syncstages_ff_reg[0]
  -------------------------------------------------------------------
                         required time                         32.039    <hidden>
                         arrival time                         -30.339    <hidden>
  -------------------------------------------------------------------
                         slack                                  1.700    <hidden>





Min Delay Paths
--------------------------------------------------------------------------------------
Slack (MET) :             0.072ns  (arrival time - required time)
  Source:                 counter_request/src_sendd_ff_reg/C
                            (rising edge-triggered cell FDRE clocked by axi_clock  {rise@0.000ns fall@5.000ns period=10.000ns})
  Destination:            counter_request/xpm_cdc_single_src2dest_inst/syncstages_ff_reg[0]/D
                            (rising edge-triggered cell FDRE clocked by counter_clock  {rise@0.000ns fall@8.000ns period=16.000ns})
  Path Group:             counter_clock
  Path Type:              Hold (Min at Fast Process Corner)
  Requirement:            0.000ns  (counter_clock rise@0.000ns - axi_clock rise@0.000ns)
  Data Path Delay:        0.158ns  (logic 0.084ns (53.165%)  route 0.074ns (46.835%))
  Logic Levels:           0  
  Clock Path Skew:        0.007ns (DCD - SCD - CPR)
    Destination Clock Delay (DCD):    0.021ns
    Source Clock Delay      (SCD):    0.014ns
    Clock Pessimism Removal (CPR):    -0.000ns
  Clock Uncertainty:      0.035ns  ((TSJ^2 + TIJ^2)^1/2 + DJ) / 2 + PE
    Total System Jitter     (TSJ):    0.071ns
    Total Input Jitter      (TIJ):    0.000ns
    Discrete Jitter          (DJ):    0.000ns
    Phase Error              (PE):    0.000ns
  Clock Domain Crossing:  Inter clock paths are considered valid unless explicitly excluded by timing constraints such as set_clock_groups or set_false_path.

    Location             Delay type                Incr(ns)  Path(ns)    Netlist Resource(s)
  -------------------------------------------------------------------    -------------------
                         (clock axi_clock rise edge)
                                                      0.000     0.000 r  <hidden>
                                                      0.000     0.000 r  AXI_IN[ACLK]
                         net (fo=2354, unset)         0.014     0.014    counter_request/src_clk
                         FDRE                                         r  counter_request/src_sendd_ff_reg/C
  -------------------------------------------------------------------    -------------------
                         FDRE (Prop_FDRE_C_Q)         0.084     0.098 r  counter_request/src_sendd_ff_reg/Q
                         net (fo=2, unplaced)         0.074     0.172    counter_request/xpm_cdc_single_src2dest_inst/src_in
                         FDRE                                         r  counter_request/xpm_cdc_single_src2dest_inst/syncstages_ff_reg[0]/D
  -------------------------------------------------------------------    -------------------

                         (clock counter_clock rise edge)
                                                      0.000     0.000 r  <hidden>
                                                      0.000     0.000 r  counter_clock_i
                         net (fo=149, unset)          0.021     0.021    counter_request/xpm_cdc_single_src2dest_inst/dest_clk
                         FDRE                                         r  counter_request/xpm_cdc_single_src2dest_inst/syncstages_ff_reg[0]/C
                         clock pessimism              0.000     0.021    <hidden>
                         clock uncertainty            0.035     0.056    <hidden>
                         FDRE (Hold_FDRE_C_D)         0.044     0.100    counter_request/xpm_cdc_single_src2dest_inst/syncstages_ff_reg[0]
  -------------------------------------------------------------------
                         required time                         -0.100    <hidden>
                         arrival time                           0.172    <hidden>
  -------------------------------------------------------------------
                         slack                                  0.072    <hidden>





