INFO: [Common 17-3922] A valid Vivado Design Suite ENTERPRISE license has been detected. Your current license is active and will expire on Permanent.

****** Vivado v2026.1 (64-bit)
  **** SW Build 6511674 on Tue Jun 16 11:01:26 MDT 2026
  **** IP Build 6504888 on Tue Jun 09 09:05:25 MDT 2026
  **** SharedData Build 6501428 on Mon Jun 08 17:34:18 MDT 2026
  **** Start of session at: Mon Sep 14 15:12:19 2026
    ** Copyright 1986-2022 Xilinx, Inc. All Rights Reserved.
    ** Copyright 2022-2026 Advanced Micro Devices, Inc. All Rights Reserved.

source scripts/verification/cooper_ooc_synth.tcl
# if {$argc < 2 || $argc > 3} {
#     error "Usage: cooper_ooc_synth.tcl SOURCE_ROOT NEW_OUTPUT_DIRECTORY ?builder|descriptor|registers|both|all?"
# }
# set source_root [file normalize [lindex $argv 0]]
# set output_root [file normalize [lindex $argv 1]]
# set selection both
# if {$argc == 3} { set selection [lindex $argv 2] }
# switch -- $selection {
#     builder { set targets {stc3_record_builder} }
#     descriptor { set targets {fragment_peak_descriptors_banked} }
#     registers { set targets {selftrigger_register_bank} }
#     both { set targets {fragment_peak_descriptors_banked stc3_record_builder} }
#     all { set targets {fragment_peak_descriptors_banked stc3_record_builder selftrigger_register_bank} }
#     default { error "Unknown target selection: $selection" }
# }
# set directive PerformanceOptimized
# if {[info exists ::env(DAPHNE_OOC_SYNTH_DIRECTIVE)]} {
#     set directive $::env(DAPHNE_OOC_SYNTH_DIRECTIVE)
# }
# if {$directive ni {PerformanceOptimized AreaOptimized_high AreaOptimized_medium}} {
#     error "Unsupported DAPHNE_OOC_SYNTH_DIRECTIVE: $directive"
# }
# if {[file exists $output_root]} { error "Use a new output directory: $output_root" }
# file mkdir $output_root
# set part xck26-sfvc784-2LV-c
# set_param general.maxThreads 2
# set packages [list \
#     ip_repo/daphne_ip/rtl/daphne_package.vhd \
#     rtl/isolated/common/daphne_subsystem_pkg.vhd]
# set descriptor rtl/isolated/subsystems/trigger/fragment_peak_descriptors_banked.vhd
# set builder_sources [list \
#     rtl/isolated/common/primitives/sample_ring_buffer_single.vhd \
#     rtl/isolated/common/primitives/packet_frame_store.vhd \
#     rtl/isolated/subsystems/trigger/stc3_record_builder.vhd]
# set xpm_root [file join $::env(XILINX_VIVADO) data ip xpm]
# set summary [open [file join $output_root run-configuration.txt] w]
# puts $summary "source_root=$source_root"
# puts $summary "vivado=[version -short]"
# puts $summary "part=$part"
# puts $summary "synth_directive=$directive"
# puts $summary "clock_period_ns=16.000"
# puts $summary "selection=$selection"
# puts $summary "All top-level inputs and outputs retained; no board-level constant propagation/shared logic."
# close $summary
# foreach top $targets {
#     set target_dir [file join $output_root $top]
#     file mkdir $target_dir
#     create_project -in_memory -part $part
#     set_property target_language VHDL [current_project]
#     set_property default_lib work [current_project]
#     foreach source $packages {
#         read_vhdl -vhdl2008 -library work [file join $source_root $source]
#     }
#     if {$top eq "selftrigger_register_bank"} {
#         read_vhdl -library xpm [file join $xpm_root xpm_VCOMP.vhd]
#         read_verilog -sv -library xpm [file join $xpm_root xpm_cdc hdl xpm_cdc.sv]
#         read_vhdl -vhdl2008 -library work [file join $source_root rtl/isolated/subsystems/control/selftrigger_register_bank.vhd]
#     } else {
#         read_vhdl -vhdl2008 -library work [file join $source_root $descriptor]
#     }
#     if {$top eq "stc3_record_builder"} {
#         # Compile the installed vendor models, not the local GHDL substitutes.
#         read_vhdl -library xpm [file join $xpm_root xpm_VCOMP.vhd]
#         read_verilog -sv -library xpm [file join $xpm_root xpm_cdc hdl xpm_cdc.sv]
#         read_verilog -sv -library xpm [file join $xpm_root xpm_memory hdl xpm_memory.sv]
#         foreach source $builder_sources {
#             read_vhdl -vhdl2008 -library work [file join $source_root $source]
#         }
#     }
#     set clock_file [file join $target_dir clock.xdc]
#     set clock_handle [open $clock_file w]
#     if {$top eq "selftrigger_register_bank"} {
#         puts $clock_handle {create_clock -name axi_clock -period 10.000 [get_ports -filter {DIRECTION == IN && (NAME =~ *ACLK* || NAME =~ *aclk*)}]}
#         puts $clock_handle {create_clock -name counter_clock -period 16.000 [get_ports counter_clock_i]}
#     } else {
#         puts $clock_handle {create_clock -name sample_clock -period 16.000 [get_ports clock_i]}
#     }
#     close $clock_handle
#     read_xdc $clock_file
#     synth_design -top $top -part $part -mode out_of_context \
#         -flatten_hierarchy rebuilt -directive $directive
#     report_utilization -file [file join $target_dir utilization.rpt]
#     report_utilization -hierarchical -hierarchical_depth 8 \
#         -file [file join $target_dir hierarchical_utilization.rpt]
#     report_timing_summary -file [file join $target_dir timing_summary.rpt]
#     report_clocks -file [file join $target_dir clocks.rpt]
#     write_checkpoint [file join $target_dir synthesized.dcp]
#     close_project
# }
Command: synth_design -top selftrigger_register_bank -part xck26-sfvc784-2LV-c -mode out_of_context -flatten_hierarchy rebuilt -directive PerformanceOptimized
INFO: [Vivado_Tcl 97-128] Directive used for synth_design is: performanceoptimized
Starting synth_design
Attempting to get a license for feature 'Synthesis' and/or device 'xck26'
INFO: [Common 17-349] Got license for feature 'Synthesis' and/or device 'xck26'
INFO: [Common 17-1540] The version limit for your license is '2026.07' and has expired for new software. A version limit expiration means that, although you may be able to continue to use the current version of tools or IP with this license, you will not be eligible for new releases.
INFO: [Device 21-403] Loading part xck26-sfvc784-2LV-c
INFO: [Designutils 20-5008] Incremental synthesis strategy default
INFO: [Synth 8-7079] Multithreading enabled for synth_design using a maximum of 2 processes.
INFO: [Synth 8-7078] Launching helper process for spawning children vivado processes
INFO: [Synth 8-7075] Helper process launched with PID 60352
---------------------------------------------------------------------------------
Starting RTL Elaboration : Time (s): cpu = 00:00:04 ; elapsed = 00:00:04 . Memory (MB): peak = 2908.340 ; gain = 169.852 ; free physical = 6132 ; free virtual = 19584
---------------------------------------------------------------------------------
INFO: [Synth 8-638] synthesizing module 'selftrigger_register_bank' [/home/marroyav/work/daphne-grouped32-1bae1c8-20260914/rtl/isolated/subsystems/control/selftrigger_register_bank.vhd:34]
	Parameter DEST_EXT_HSK bound to: 1 - type: integer 
	Parameter DEST_SYNC_FF bound to: 3 - type: integer 
	Parameter INIT_SYNC_FF bound to: 1 - type: integer 
	Parameter SIM_ASSERT_CHK bound to: 1 - type: integer 
	Parameter SRC_SYNC_FF bound to: 3 - type: integer 
	Parameter WIDTH bound to: 9 - type: integer 
INFO: [Synth 8-3491] module 'xpm_cdc_handshake' declared at '/opt/Xilinx/2026.1/Vivado/data/ip/xpm/xpm_cdc/hdl/xpm_cdc.sv:468' bound to instance 'counter_request' of component 'xpm_cdc_handshake' [/home/marroyav/work/daphne-grouped32-1bae1c8-20260914/rtl/isolated/subsystems/control/selftrigger_register_bank.vhd:342]
INFO: [Synth 8-6157] synthesizing module 'xpm_cdc_handshake' from library 'xpm' [/opt/Xilinx/2026.1/Vivado/data/ip/xpm/xpm_cdc/hdl/xpm_cdc.sv:468]
	Parameter DEST_EXT_HSK bound to: 1 - type: integer 
	Parameter DEST_SYNC_FF bound to: 3 - type: integer 
	Parameter INIT_SYNC_FF bound to: 1 - type: integer 
	Parameter SIM_ASSERT_CHK bound to: 1 - type: integer 
	Parameter SRC_SYNC_FF bound to: 3 - type: integer 
	Parameter WIDTH bound to: 9 - type: integer 
INFO: [Synth 8-6157] synthesizing module 'xpm_cdc_single' from library 'xpm' [/opt/Xilinx/2026.1/Vivado/data/ip/xpm/xpm_cdc/hdl/xpm_cdc.sv:152]
INFO: [Synth 8-6155] done synthesizing module 'xpm_cdc_single' from library 'xpm' (0#1) [/opt/Xilinx/2026.1/Vivado/data/ip/xpm/xpm_cdc/hdl/xpm_cdc.sv:152]
INFO: [Synth 8-6155] done synthesizing module 'xpm_cdc_handshake' from library 'xpm' (0#1) [/opt/Xilinx/2026.1/Vivado/data/ip/xpm/xpm_cdc/hdl/xpm_cdc.sv:468]
	Parameter DEST_EXT_HSK bound to: 1 - type: integer 
	Parameter DEST_SYNC_FF bound to: 3 - type: integer 
	Parameter INIT_SYNC_FF bound to: 1 - type: integer 
	Parameter SIM_ASSERT_CHK bound to: 1 - type: integer 
	Parameter SRC_SYNC_FF bound to: 3 - type: integer 
	Parameter WIDTH bound to: 64 - type: integer 
INFO: [Synth 8-3491] module 'xpm_cdc_handshake' declared at '/opt/Xilinx/2026.1/Vivado/data/ip/xpm/xpm_cdc/hdl/xpm_cdc.sv:468' bound to instance 'counter_response' of component 'xpm_cdc_handshake' [/home/marroyav/work/daphne-grouped32-1bae1c8-20260914/rtl/isolated/subsystems/control/selftrigger_register_bank.vhd:387]
INFO: [Synth 8-6157] synthesizing module 'xpm_cdc_handshake__parameterized1' from library 'xpm' [/opt/Xilinx/2026.1/Vivado/data/ip/xpm/xpm_cdc/hdl/xpm_cdc.sv:468]
	Parameter DEST_EXT_HSK bound to: 1 - type: integer 
	Parameter DEST_SYNC_FF bound to: 3 - type: integer 
	Parameter INIT_SYNC_FF bound to: 1 - type: integer 
	Parameter SIM_ASSERT_CHK bound to: 1 - type: integer 
	Parameter SRC_SYNC_FF bound to: 3 - type: integer 
	Parameter WIDTH bound to: 64 - type: integer 
INFO: [Synth 8-6155] done synthesizing module 'xpm_cdc_handshake__parameterized1' from library 'xpm' (0#1) [/opt/Xilinx/2026.1/Vivado/data/ip/xpm/xpm_cdc/hdl/xpm_cdc.sv:468]
INFO: [Synth 8-256] done synthesizing module 'selftrigger_register_bank' (0#1) [/home/marroyav/work/daphne-grouped32-1bae1c8-20260914/rtl/isolated/subsystems/control/selftrigger_register_bank.vhd:34]
WARNING: [Synth 8-6014] Unused sequential element dest_req_ext_ff_reg was removed.  [/opt/Xilinx/2026.1/Vivado/data/ip/xpm/xpm_cdc/hdl/xpm_cdc.sv:623]
WARNING: [Synth 8-6014] Unused sequential element dest_req_ext_ff_reg was removed.  [/opt/Xilinx/2026.1/Vivado/data/ip/xpm/xpm_cdc/hdl/xpm_cdc.sv:623]
WARNING: [Synth 8-7129] Port src_clk in module xpm_cdc_single is either unconnected or has no load
WARNING: [Synth 8-7129] Port AXI_IN[AWPROT][2] in module selftrigger_register_bank is either unconnected or has no load
WARNING: [Synth 8-7129] Port AXI_IN[AWPROT][1] in module selftrigger_register_bank is either unconnected or has no load
WARNING: [Synth 8-7129] Port AXI_IN[AWPROT][0] in module selftrigger_register_bank is either unconnected or has no load
WARNING: [Synth 8-7129] Port AXI_IN[ARADDR][31] in module selftrigger_register_bank is either unconnected or has no load
WARNING: [Synth 8-7129] Port AXI_IN[ARADDR][30] in module selftrigger_register_bank is either unconnected or has no load
WARNING: [Synth 8-7129] Port AXI_IN[ARADDR][29] in module selftrigger_register_bank is either unconnected or has no load
WARNING: [Synth 8-7129] Port AXI_IN[ARADDR][28] in module selftrigger_register_bank is either unconnected or has no load
WARNING: [Synth 8-7129] Port AXI_IN[ARADDR][27] in module selftrigger_register_bank is either unconnected or has no load
WARNING: [Synth 8-7129] Port AXI_IN[ARADDR][26] in module selftrigger_register_bank is either unconnected or has no load
WARNING: [Synth 8-7129] Port AXI_IN[ARADDR][25] in module selftrigger_register_bank is either unconnected or has no load
WARNING: [Synth 8-7129] Port AXI_IN[ARADDR][24] in module selftrigger_register_bank is either unconnected or has no load
WARNING: [Synth 8-7129] Port AXI_IN[ARADDR][23] in module selftrigger_register_bank is either unconnected or has no load
WARNING: [Synth 8-7129] Port AXI_IN[ARADDR][22] in module selftrigger_register_bank is either unconnected or has no load
WARNING: [Synth 8-7129] Port AXI_IN[ARADDR][21] in module selftrigger_register_bank is either unconnected or has no load
WARNING: [Synth 8-7129] Port AXI_IN[ARADDR][20] in module selftrigger_register_bank is either unconnected or has no load
WARNING: [Synth 8-7129] Port AXI_IN[ARADDR][19] in module selftrigger_register_bank is either unconnected or has no load
WARNING: [Synth 8-7129] Port AXI_IN[ARADDR][18] in module selftrigger_register_bank is either unconnected or has no load
WARNING: [Synth 8-7129] Port AXI_IN[ARADDR][17] in module selftrigger_register_bank is either unconnected or has no load
WARNING: [Synth 8-7129] Port AXI_IN[ARADDR][16] in module selftrigger_register_bank is either unconnected or has no load
WARNING: [Synth 8-7129] Port AXI_IN[ARADDR][15] in module selftrigger_register_bank is either unconnected or has no load
WARNING: [Synth 8-7129] Port AXI_IN[ARADDR][14] in module selftrigger_register_bank is either unconnected or has no load
WARNING: [Synth 8-7129] Port AXI_IN[ARADDR][13] in module selftrigger_register_bank is either unconnected or has no load
WARNING: [Synth 8-7129] Port AXI_IN[ARADDR][12] in module selftrigger_register_bank is either unconnected or has no load
WARNING: [Synth 8-7129] Port AXI_IN[ARPROT][2] in module selftrigger_register_bank is either unconnected or has no load
WARNING: [Synth 8-7129] Port AXI_IN[ARPROT][1] in module selftrigger_register_bank is either unconnected or has no load
WARNING: [Synth 8-7129] Port AXI_IN[ARPROT][0] in module selftrigger_register_bank is either unconnected or has no load
---------------------------------------------------------------------------------
Finished RTL Elaboration : Time (s): cpu = 00:00:06 ; elapsed = 00:00:06 . Memory (MB): peak = 3049.309 ; gain = 310.820 ; free physical = 5954 ; free virtual = 19407
---------------------------------------------------------------------------------
---------------------------------------------------------------------------------
Start Handling Custom Attributes
---------------------------------------------------------------------------------
---------------------------------------------------------------------------------
Finished Handling Custom Attributes : Time (s): cpu = 00:00:06 ; elapsed = 00:00:06 . Memory (MB): peak = 3049.309 ; gain = 310.820 ; free physical = 5954 ; free virtual = 19407
---------------------------------------------------------------------------------
---------------------------------------------------------------------------------
Finished RTL Optimization Phase 1 : Time (s): cpu = 00:00:06 ; elapsed = 00:00:06 . Memory (MB): peak = 3049.309 ; gain = 310.820 ; free physical = 5954 ; free virtual = 19407
---------------------------------------------------------------------------------
Netlist sorting complete. Time (s): cpu = 00:00:00.09 ; elapsed = 00:00:00.08 . Memory (MB): peak = 3049.309 ; gain = 0.000 ; free physical = 5954 ; free virtual = 19407
INFO: [Project 1-570] Preparing netlist for logic optimization

Processing XDC Constraints
Initializing timing engine
Parsing XDC File [/home/marroyav/work/daphne-grouped32-1bae1c8-20260914/build/selftrigger-register-cdc-ooc-corrected-20260914/selftrigger_register_bank/clock.xdc]
Finished Parsing XDC File [/home/marroyav/work/daphne-grouped32-1bae1c8-20260914/build/selftrigger-register-cdc-ooc-corrected-20260914/selftrigger_register_bank/clock.xdc]
Completed Processing XDC Constraints

Netlist sorting complete. Time (s): cpu = 00:00:00 ; elapsed = 00:00:00 . Memory (MB): peak = 3147.695 ; gain = 0.000 ; free physical = 5959 ; free virtual = 19412
INFO: [Project 1-111] Unisim Transformation Summary:
No Unisim elements were transformed.

Constraint Validation Runtime : Time (s): cpu = 00:00:00.08 ; elapsed = 00:00:00.08 . Memory (MB): peak = 3147.730 ; gain = 0.000 ; free physical = 5960 ; free virtual = 19413
---------------------------------------------------------------------------------
Finished Constraint Validation : Time (s): cpu = 00:00:18 ; elapsed = 00:00:19 . Memory (MB): peak = 3147.730 ; gain = 409.242 ; free physical = 5987 ; free virtual = 19443
---------------------------------------------------------------------------------
---------------------------------------------------------------------------------
Start Loading Part and Timing Information
---------------------------------------------------------------------------------
Loading part: xck26-sfvc784-2LV-c
INFO: [Synth 8-6742] Reading net delay rules and data
---------------------------------------------------------------------------------
Finished Loading Part and Timing Information : Time (s): cpu = 00:00:18 ; elapsed = 00:00:19 . Memory (MB): peak = 3155.699 ; gain = 417.211 ; free physical = 5987 ; free virtual = 19443
---------------------------------------------------------------------------------
---------------------------------------------------------------------------------
Start Applying 'set_property' XDC Constraints
---------------------------------------------------------------------------------
---------------------------------------------------------------------------------
Finished applying 'set_property' XDC Constraints : Time (s): cpu = 00:00:18 ; elapsed = 00:00:19 . Memory (MB): peak = 3155.699 ; gain = 417.211 ; free physical = 5987 ; free virtual = 19443
---------------------------------------------------------------------------------
INFO: [Synth 8-802] inferred FSM for state register 'read_state_reg' in module 'selftrigger_register_bank'
INFO: [Synth 8-802] inferred FSM for state register 'request_state_reg' in module 'selftrigger_register_bank'
INFO: [Synth 8-802] inferred FSM for state register 'snapshot_state_reg' in module 'selftrigger_register_bank'
---------------------------------------------------------------------------------------------------
                   State |                     New Encoding |                Previous Encoding 
---------------------------------------------------------------------------------------------------
            request_idle |                               00 |                               00
        request_wait_ack |                               01 |                               01
        request_response |                               10 |                               10
           request_drain |                               11 |                               11
---------------------------------------------------------------------------------------------------
INFO: [Synth 8-3354] encoded FSM with state register 'request_state_reg' using encoding 'User encoding' in module 'selftrigger_register_bank'
WARNING: [Synth 8-13157] FSM with state register 'request_state_reg' is not having reset. This may cause incorrect behavior. User should consider using FSM_SAFE_STATE attribute on the register
---------------------------------------------------------------------------------------------------
                   State |                     New Encoding |                Previous Encoding 
---------------------------------------------------------------------------------------------------
               read_idle |                               00 |                               00
             read_launch |                               01 |                               01
          read_wait_data |                               10 |                               10
           read_response |                               11 |                               11
---------------------------------------------------------------------------------------------------
INFO: [Synth 8-3354] encoded FSM with state register 'read_state_reg' using encoding 'sequential' in module 'selftrigger_register_bank'
---------------------------------------------------------------------------------------------------
                   State |                     New Encoding |                Previous Encoding 
---------------------------------------------------------------------------------------------------
*
           snapshot_idle |                              001 |                               00
           snapshot_send |                              010 |                               01
          snapshot_drain |                              100 |                               10
---------------------------------------------------------------------------------------------------
INFO: [Synth 8-3354] encoded FSM with state register 'snapshot_state_reg' using encoding 'one-hot' in module 'selftrigger_register_bank'
---------------------------------------------------------------------------------
Finished RTL Optimization Phase 2 : Time (s): cpu = 00:00:20 ; elapsed = 00:00:22 . Memory (MB): peak = 3155.699 ; gain = 417.211 ; free physical = 5978 ; free virtual = 19436
---------------------------------------------------------------------------------
---------------------------------------------------------------------------------
Start RTL Component Statistics 
---------------------------------------------------------------------------------
Detailed RTL Component Info : 
+---Adders : 
	   2 Input   31 Bit       Adders := 40    
	   2 Input   13 Bit       Adders := 78    
	   2 Input   12 Bit       Adders := 1     
	   2 Input   10 Bit       Adders := 41    
+---Registers : 
	               64 Bit    Registers := 5     
	               32 Bit    Registers := 42    
	               28 Bit    Registers := 40    
	               10 Bit    Registers := 1     
	                9 Bit    Registers := 5     
	                3 Bit    Registers := 4     
	                2 Bit    Registers := 2     
	                1 Bit    Registers := 18    
+---Muxes : 
	   4 Input   32 Bit        Muxes := 1     
	   2 Input   32 Bit        Muxes := 5     
	   4 Input   10 Bit        Muxes := 1     
	   2 Input   10 Bit        Muxes := 238   
	   6 Input   10 Bit        Muxes := 39    
	   3 Input   10 Bit        Muxes := 39    
	   2 Input    4 Bit        Muxes := 1     
	   3 Input    4 Bit        Muxes := 1     
	   2 Input    3 Bit        Muxes := 1     
	   6 Input    3 Bit        Muxes := 1     
	   4 Input    2 Bit        Muxes := 3     
	   2 Input    2 Bit        Muxes := 4     
	   2 Input    1 Bit        Muxes := 446   
	   4 Input    1 Bit        Muxes := 24    
	   3 Input    1 Bit        Muxes := 41    
	   6 Input    1 Bit        Muxes := 80    
---------------------------------------------------------------------------------
Finished RTL Component Statistics 
---------------------------------------------------------------------------------
---------------------------------------------------------------------------------
Start Part Resource Summary
---------------------------------------------------------------------------------
Part Resources:
DSPs: 1248 (col length:96)
BRAMs: 288 (col length: RAMB18 96 RAMB36 48)
---------------------------------------------------------------------------------
Finished Part Resource Summary
---------------------------------------------------------------------------------
---------------------------------------------------------------------------------
Start Cross Boundary and Area Optimization
---------------------------------------------------------------------------------
WARNING: [Synth 8-7129] Port AXI_IN[AWPROT][2] in module selftrigger_register_bank is either unconnected or has no load
WARNING: [Synth 8-7129] Port AXI_IN[AWPROT][1] in module selftrigger_register_bank is either unconnected or has no load
WARNING: [Synth 8-7129] Port AXI_IN[AWPROT][0] in module selftrigger_register_bank is either unconnected or has no load
WARNING: [Synth 8-7129] Port AXI_IN[WDATA][30] in module selftrigger_register_bank is either unconnected or has no load
WARNING: [Synth 8-7129] Port AXI_IN[WDATA][29] in module selftrigger_register_bank is either unconnected or has no load
WARNING: [Synth 8-7129] Port AXI_IN[WDATA][28] in module selftrigger_register_bank is either unconnected or has no load
WARNING: [Synth 8-7129] Port AXI_IN[ARADDR][31] in module selftrigger_register_bank is either unconnected or has no load
WARNING: [Synth 8-7129] Port AXI_IN[ARADDR][30] in module selftrigger_register_bank is either unconnected or has no load
WARNING: [Synth 8-7129] Port AXI_IN[ARADDR][29] in module selftrigger_register_bank is either unconnected or has no load
WARNING: [Synth 8-7129] Port AXI_IN[ARADDR][28] in module selftrigger_register_bank is either unconnected or has no load
WARNING: [Synth 8-7129] Port AXI_IN[ARADDR][27] in module selftrigger_register_bank is either unconnected or has no load
WARNING: [Synth 8-7129] Port AXI_IN[ARADDR][26] in module selftrigger_register_bank is either unconnected or has no load
WARNING: [Synth 8-7129] Port AXI_IN[ARADDR][25] in module selftrigger_register_bank is either unconnected or has no load
WARNING: [Synth 8-7129] Port AXI_IN[ARADDR][24] in module selftrigger_register_bank is either unconnected or has no load
WARNING: [Synth 8-7129] Port AXI_IN[ARADDR][23] in module selftrigger_register_bank is either unconnected or has no load
WARNING: [Synth 8-7129] Port AXI_IN[ARADDR][22] in module selftrigger_register_bank is either unconnected or has no load
WARNING: [Synth 8-7129] Port AXI_IN[ARADDR][21] in module selftrigger_register_bank is either unconnected or has no load
WARNING: [Synth 8-7129] Port AXI_IN[ARADDR][20] in module selftrigger_register_bank is either unconnected or has no load
WARNING: [Synth 8-7129] Port AXI_IN[ARADDR][19] in module selftrigger_register_bank is either unconnected or has no load
WARNING: [Synth 8-7129] Port AXI_IN[ARADDR][18] in module selftrigger_register_bank is either unconnected or has no load
WARNING: [Synth 8-7129] Port AXI_IN[ARADDR][17] in module selftrigger_register_bank is either unconnected or has no load
WARNING: [Synth 8-7129] Port AXI_IN[ARADDR][16] in module selftrigger_register_bank is either unconnected or has no load
WARNING: [Synth 8-7129] Port AXI_IN[ARADDR][15] in module selftrigger_register_bank is either unconnected or has no load
WARNING: [Synth 8-7129] Port AXI_IN[ARADDR][14] in module selftrigger_register_bank is either unconnected or has no load
WARNING: [Synth 8-7129] Port AXI_IN[ARADDR][13] in module selftrigger_register_bank is either unconnected or has no load
WARNING: [Synth 8-7129] Port AXI_IN[ARADDR][12] in module selftrigger_register_bank is either unconnected or has no load
WARNING: [Synth 8-7129] Port AXI_IN[ARPROT][2] in module selftrigger_register_bank is either unconnected or has no load
WARNING: [Synth 8-7129] Port AXI_IN[ARPROT][1] in module selftrigger_register_bank is either unconnected or has no load
WARNING: [Synth 8-7129] Port AXI_IN[ARPROT][0] in module selftrigger_register_bank is either unconnected or has no load
---------------------------------------------------------------------------------
Finished Cross Boundary and Area Optimization : Time (s): cpu = 00:00:44 ; elapsed = 00:00:45 . Memory (MB): peak = 3400.895 ; gain = 662.406 ; free physical = 11706 ; free virtual = 25246
---------------------------------------------------------------------------------
---------------------------------------------------------------------------------
Start Applying XDC Timing Constraints
---------------------------------------------------------------------------------
---------------------------------------------------------------------------------
Finished Applying XDC Timing Constraints : Time (s): cpu = 00:00:51 ; elapsed = 00:00:53 . Memory (MB): peak = 3811.094 ; gain = 1072.605 ; free physical = 11334 ; free virtual = 24875
---------------------------------------------------------------------------------
---------------------------------------------------------------------------------
Start Timing Optimization
---------------------------------------------------------------------------------
---------------------------------------------------------------------------------
Finished Timing Optimization : Time (s): cpu = 00:00:54 ; elapsed = 00:00:56 . Memory (MB): peak = 3873.094 ; gain = 1134.605 ; free physical = 11270 ; free virtual = 24814
---------------------------------------------------------------------------------
---------------------------------------------------------------------------------
Start Technology Mapping
---------------------------------------------------------------------------------
---------------------------------------------------------------------------------
Finished Technology Mapping : Time (s): cpu = 00:00:57 ; elapsed = 00:00:59 . Memory (MB): peak = 3918.141 ; gain = 1179.652 ; free physical = 11246 ; free virtual = 24788
---------------------------------------------------------------------------------
---------------------------------------------------------------------------------
Start IO Insertion
---------------------------------------------------------------------------------
---------------------------------------------------------------------------------
Start Flattening Before IO Insertion
---------------------------------------------------------------------------------
---------------------------------------------------------------------------------
Finished Flattening Before IO Insertion
---------------------------------------------------------------------------------
---------------------------------------------------------------------------------
Start Final Netlist Cleanup
---------------------------------------------------------------------------------
---------------------------------------------------------------------------------
Finished Final Netlist Cleanup
---------------------------------------------------------------------------------
---------------------------------------------------------------------------------
Finished IO Insertion : Time (s): cpu = 00:01:01 ; elapsed = 00:01:03 . Memory (MB): peak = 4041.953 ; gain = 1303.465 ; free physical = 11148 ; free virtual = 24691
---------------------------------------------------------------------------------
---------------------------------------------------------------------------------
Start Renaming Generated Instances
---------------------------------------------------------------------------------
---------------------------------------------------------------------------------
Finished Renaming Generated Instances : Time (s): cpu = 00:01:01 ; elapsed = 00:01:03 . Memory (MB): peak = 4041.953 ; gain = 1303.465 ; free physical = 11141 ; free virtual = 24683
---------------------------------------------------------------------------------
---------------------------------------------------------------------------------
Start Rebuilding User Hierarchy
---------------------------------------------------------------------------------
---------------------------------------------------------------------------------
Finished Rebuilding User Hierarchy : Time (s): cpu = 00:01:01 ; elapsed = 00:01:03 . Memory (MB): peak = 4041.953 ; gain = 1303.465 ; free physical = 11142 ; free virtual = 24684
---------------------------------------------------------------------------------
---------------------------------------------------------------------------------
Start Renaming Generated Ports
---------------------------------------------------------------------------------
---------------------------------------------------------------------------------
Finished Renaming Generated Ports : Time (s): cpu = 00:01:01 ; elapsed = 00:01:03 . Memory (MB): peak = 4041.953 ; gain = 1303.465 ; free physical = 11142 ; free virtual = 24684
---------------------------------------------------------------------------------
---------------------------------------------------------------------------------
Start Handling Custom Attributes
---------------------------------------------------------------------------------
---------------------------------------------------------------------------------
Finished Handling Custom Attributes : Time (s): cpu = 00:01:01 ; elapsed = 00:01:03 . Memory (MB): peak = 4041.953 ; gain = 1303.465 ; free physical = 11142 ; free virtual = 24684
---------------------------------------------------------------------------------
---------------------------------------------------------------------------------
Start Renaming Generated Nets
---------------------------------------------------------------------------------
---------------------------------------------------------------------------------
Finished Renaming Generated Nets : Time (s): cpu = 00:01:01 ; elapsed = 00:01:03 . Memory (MB): peak = 4041.953 ; gain = 1303.465 ; free physical = 11142 ; free virtual = 24685
---------------------------------------------------------------------------------
---------------------------------------------------------------------------------
Start Writing Synthesis Report
---------------------------------------------------------------------------------

Report BlackBoxes: 
+-+--------------+----------+
| |BlackBox name |Instances |
+-+--------------+----------+
+-+--------------+----------+

Report Cell Usage: 
+------+------+------+
|      |Cell  |Count |
+------+------+------+
|1     |LUT1  |     4|
|2     |LUT2  |    17|
|3     |LUT3  |    15|
|4     |LUT4  |    43|
|5     |LUT5  |   144|
|6     |LUT6  |  7012|
|7     |MUXF7 |  3231|
|8     |MUXF8 |  1449|
|9     |FDRE  |  1264|
|10    |FDSE  |  1241|
+------+------+------+
---------------------------------------------------------------------------------
Finished Writing Synthesis Report : Time (s): cpu = 00:01:01 ; elapsed = 00:01:03 . Memory (MB): peak = 4041.953 ; gain = 1303.465 ; free physical = 11142 ; free virtual = 24685
---------------------------------------------------------------------------------
Synthesis finished with 0 errors, 0 critical warnings and 30 warnings.
Synthesis Optimization Runtime : Time (s): cpu = 00:00:55 ; elapsed = 00:00:56 . Memory (MB): peak = 4041.953 ; gain = 1205.043 ; free physical = 11143 ; free virtual = 24685
Synthesis Optimization Complete : Time (s): cpu = 00:01:02 ; elapsed = 00:01:04 . Memory (MB): peak = 4041.953 ; gain = 1303.465 ; free physical = 11143 ; free virtual = 24685
INFO: [Project 1-571] Translating synthesized netlist
Netlist sorting complete. Time (s): cpu = 00:00:00.11 ; elapsed = 00:00:00.11 . Memory (MB): peak = 4041.953 ; gain = 0.000 ; free physical = 11296 ; free virtual = 24838
INFO: [Netlist 29-17] Analyzing 4680 Unisim elements for replacement
INFO: [Netlist 29-28] Unisim Transformation completed in 0 CPU seconds
WARNING: [Netlist 29-101] Netlist 'selftrigger_register_bank' is not ideal for floorplanning, since the cellview 'selftrigger_register_bank' contains a large number of primitives.  Please consider enabling hierarchy in synthesis if you want to do floorplanning.
INFO: [Project 1-570] Preparing netlist for logic optimization
Parsing XDC File [/home/marroyav/work/daphne-grouped32-1bae1c8-20260914/build/selftrigger-register-cdc-ooc-corrected-20260914/selftrigger_register_bank/clock.xdc]
Finished Parsing XDC File [/home/marroyav/work/daphne-grouped32-1bae1c8-20260914/build/selftrigger-register-cdc-ooc-corrected-20260914/selftrigger_register_bank/clock.xdc]
INFO: [Opt 31-138] Pushed 0 inverter(s) to 0 load pin(s).
Netlist sorting complete. Time (s): cpu = 00:00:00 ; elapsed = 00:00:00 . Memory (MB): peak = 4041.953 ; gain = 0.000 ; free physical = 11315 ; free virtual = 24857
INFO: [Project 1-111] Unisim Transformation Summary:
No Unisim elements were transformed.

Synth Design complete | Checksum: 96710ecd
INFO: [Common 17-83] Releasing license: Synthesis
34 Infos, 60 Warnings, 0 Critical Warnings and 0 Errors encountered.
synth_design completed successfully
synth_design: Time (s): cpu = 00:01:18 ; elapsed = 00:01:20 . Memory (MB): peak = 4041.953 ; gain = 2370.121 ; free physical = 11317 ; free virtual = 24860
INFO: [Common 17-2834] synth_design peak Physical Memory [PSS] (MB): overall = 3146.837; main = 3029.291; forked = 282.251
INFO: [Common 17-2834] synth_design peak Virtual Memory [VSS] (MB): overall = 4948.117; main = 3967.969; forked = 1029.977
INFO: [Timing 38-35] Done setting XDC timing constraints.
INFO: [Timing 38-91] UpdateTimingParams: Speed grade: -2LV, Temperature grade: C, Delay Type: min_max.
INFO: [Timing 38-191] Multithreading enabled for timing update using a maximum of 2 CPUs
WARNING: [Timing 38-242] The property HD.CLK_SRC of clock port "AXI_IN[ACLK]" is not set. In out-of-context mode, this prevents timing estimation for clock delay/skew
Resolution: Set the HD.CLK_SRC property of the out-of-context port to the location of the clock buffer instance in the top-level design
WARNING: [Timing 38-242] The property HD.CLK_SRC of clock port "counter_clock_i" is not set. In out-of-context mode, this prevents timing estimation for clock delay/skew
Resolution: Set the HD.CLK_SRC property of the out-of-context port to the location of the clock buffer instance in the top-level design
report_timing_summary: Time (s): cpu = 00:00:20 ; elapsed = 00:00:20 . Memory (MB): peak = 4308.621 ; gain = 266.668 ; free physical = 11102 ; free virtual = 24645
INFO: [Timing 38-480] Writing timing data to binary archive.
Write ShapeDB Complete: Time (s): cpu = 00:00:00.08 ; elapsed = 00:00:00.02 . Memory (MB): peak = 4340.637 ; gain = 0.000 ; free physical = 11087 ; free virtual = 24632
INFO: [Common 17-1381] The checkpoint '/home/marroyav/work/daphne-grouped32-1bae1c8-20260914/build/selftrigger-register-cdc-ooc-corrected-20260914/selftrigger_register_bank/synthesized.dcp' has been generated.
# puts "DAPHNE_OOC_SYNTH_PASS: $selection"
DAPHNE_OOC_SYNTH_PASS: registers
INFO: [Common 17-206] Exiting Vivado at Mon Sep 14 15:14:07 2026...
