#-----------------------------------------------------------
# xsim v2026.1 (64-bit)
# SW Build 6511674 on Tue Jun 16 11:01:26 MDT 2026
# IP Build 6504888 on Tue Jun 09 09:05:25 MDT 2026
# SharedData Build 6501428 on Mon Jun 08 17:34:18 MDT 2026
# Start of session at: Mon Sep 14 17:49:13 2026
# Process ID         : 266048
# Current directory  : /home/marroyav/work/daphne-grouped32-5d83890-impl-20260914/build/vendor-mode0-5d83890-20260914
# Command line       : xsim -log simulate-stc3_continuation_edges_tb.log -mode tcl -source {xsim.dir/stc3_continuation_edges_tb/xsim_script.tcl}
# Log file           : /home/marroyav/work/daphne-grouped32-5d83890-impl-20260914/build/vendor-mode0-5d83890-20260914/simulate-stc3_continuation_edges_tb.log
# Journal file       : /home/marroyav/work/daphne-grouped32-5d83890-impl-20260914/build/vendor-mode0-5d83890-20260914/xsim.jou
# Running On         : WL-144132
# Platform           : unknown
# Operating System   : unknown
# Processor Detail   : 13th Gen Intel(R) Core(TM) i9-13950HX
# CPU Frequency      : 2419.199 MHz
# CPU Physical cores : 14
# CPU Logical cores  : 28
# Host memory        : 25195 MB
# Swap memory        : 12884 MB
# Total Virtual      : 38080 MB
# Available Virtual  : 28610 MB
#-----------------------------------------------------------
source xsim.dir/stc3_continuation_edges_tb/xsim_script.tcl
# xsim {stc3_continuation_edges_tb} -autoloadwcfg -runall -onerror quit
Time resolution is 1 ps
run -all
Warning: SIM_ASSERT_CHK (1) specifies simulation message reporting, messages related to potential misuse will be reported.
Time: 1 ps  Iteration: 0  Process: /stc3_continuation_edges_tb/dut/engine/write_fifo/gnuram_async_fifo.xpm_fifo_base_inst/Initial1559_262  Scope: stc3_continuation_edges_tb.dut.engine.write_fifo.gnuram_async_fifo.xpm_fifo_base_inst  File: /home/marroyav/tools/Xilinx/2026.1/data/ip/xpm/xpm_fifo/hdl/xpm_fifo.sv Line: 1566
Note: stc3_continuation_edges_tb PASS
Time: 678825 ns  Iteration: 0  Process: /stc3_continuation_edges_tb/stimulus  File: /home/marroyav/work/daphne-grouped32-5d83890-impl-20260914/build/vendor-mode0-5d83890-20260914/stc3_continuation_edges_tb.vhd
$stop called at time : 678825 ns : File "/home/marroyav/work/daphne-grouped32-5d83890-impl-20260914/build/vendor-mode0-5d83890-20260914/stc3_continuation_edges_tb.vhd" Line 187
exit
INFO: xsimkernel Simulation Memory Usage: 294636 KB (Peak: 343968 KB), Simulation CPU Usage: 3060 ms
INFO: [Common 17-206] Exiting xsim at Mon Sep 14 17:49:19 2026...
