#-----------------------------------------------------------
# xsim v2026.1 (64-bit)
# SW Build 6511674 on Tue Jun 16 11:01:26 MDT 2026
# IP Build 6504888 on Tue Jun 09 09:05:25 MDT 2026
# SharedData Build 6501428 on Mon Jun 08 17:34:18 MDT 2026
# Start of session at: Mon Sep 14 17:48:39 2026
# Process ID         : 265457
# Current directory  : /home/marroyav/work/daphne-grouped32-5d83890-impl-20260914/build/vendor-mode0-5d83890-20260914
# Command line       : xsim -log simulate-serializer_contract.log -mode tcl -source {xsim.dir/serializer_contract/xsim_script.tcl}
# Log file           : /home/marroyav/work/daphne-grouped32-5d83890-impl-20260914/build/vendor-mode0-5d83890-20260914/simulate-serializer_contract.log
# Journal file       : /home/marroyav/work/daphne-grouped32-5d83890-impl-20260914/build/vendor-mode0-5d83890-20260914/xsim.jou
# Running On         : WL-144132
# Platform           : unknown
# Operating System   : unknown
# Processor Detail   : 13th Gen Intel(R) Core(TM) i9-13950HX
# CPU Frequency      : 2419.199 MHz
# CPU Physical cores : 14
# CPU Logical cores  : 28
# Host memory        : 25195 MB
# Swap memory        : 12884 MB
# Total Virtual      : 38080 MB
# Available Virtual  : 28550 MB
#-----------------------------------------------------------
source xsim.dir/serializer_contract/xsim_script.tcl
# xsim {serializer_contract} -autoloadwcfg -runall -onerror quit
Time resolution is 1 ps
run -all
Warning: SIM_ASSERT_CHK (1) specifies simulation message reporting, messages related to potential misuse will be reported.
Time: 1 ps  Iteration: 0  Process: /afe_stc3_stream_serializer_tb/dut/write_fifo/gnuram_async_fifo.xpm_fifo_base_inst/Initial1559_262  Scope: afe_stc3_stream_serializer_tb.dut.write_fifo.gnuram_async_fifo.xpm_fifo_base_inst  File: /home/marroyav/tools/Xilinx/2026.1/data/ip/xpm/xpm_fifo/hdl/xpm_fifo.sv Line: 1566
Note: afe_stc3_stream_serializer_tb PASS: four channels, 480 addressed writes and four complete commits
Time: 8184 ns  Iteration: 0  Process: /afe_stc3_stream_serializer_tb/line__32  File: /home/marroyav/work/daphne-grouped32-5d83890-impl-20260914/build/vendor-mode0-5d83890-20260914/sources/tests/logic/afe_stc3_stream_serializer_tb.vhd
$stop called at time : 8184 ns : File "/home/marroyav/work/daphne-grouped32-5d83890-impl-20260914/build/vendor-mode0-5d83890-20260914/sources/tests/logic/afe_stc3_stream_serializer_tb.vhd" Line 93
exit
INFO: xsimkernel Simulation Memory Usage: 294340 KB (Peak: 343672 KB), Simulation CPU Usage: 1050 ms
INFO: [Common 17-206] Exiting xsim at Mon Sep 14 17:48:42 2026...
