Copyright 1986-2022 Xilinx, Inc. All Rights Reserved. Copyright 2022-2026 Advanced Micro Devices, Inc. All Rights Reserved.
----------------------------------------------------------------------------------------------------------------------------------------------------------------
| Tool Version      : Vivado v.2026.1 (lin64) Build 6511674 Tue Jun 16 11:01:26 MDT 2026
| Date              : Mon Sep 14 15:11:20 2026
| Host              : WL-144132 running 64-bit unknown
| Command           : report_clock_interaction -file /home/marroyav/work/daphne-grouped32-1bae1c8-20260914/build/checkpoint-audit-5e86a75/clock_interaction.rpt
| Design            : daphne_selftrigger_bd_wrapper
| Device            : xck26-sfvc784
| Speed File        : -2LV  PRODUCTION 1.31 12-08-2025
| Design State      : Synthesized
| Temperature Grade : C
----------------------------------------------------------------------------------------------------------------------------------------------------------------

Clock Interaction Report

Clock Interaction Table
-----------------------

                                                                                  WNS                            TNS Failing  TNS Total    WNS Path         Clock-Pair           Inter-Clock                  
From Clock                               To Clock                                 Clock Edges  WNS(ns)  TNS(ns)    Endpoints    Endpoints  Requirement(ns)  Classification       Constraints                  
---------------------------------------  ---------------------------------------  -----------  -------  -------  -----------  -----------  ---------------  -------------------  ---------------------------  
clk125_1                                 clk125_1                                 rise - rise     6.28     0.00            0          466             8.00  Clean                Timed                        
clk125_1                                 frontend_clock                           rise - rise     6.52     0.00            0          448             8.00  Clean                Timed                        
clk_pl_0                                 clk125_1                                                                          0          410                   Ignored              False Path                   
clk_pl_0                                 clk_pl_0                                 rise - rise     5.21     0.00            0        31447            10.00  Clean                Partial False Path           
clk_pl_0                                 clk_pl_1                                 rise - rise     9.38     0.00            0          267            10.00  Ignored              Max Delay Datapath Only      
clk_pl_0                                 frontend_clock                                                                    0       117131                   Ignored              Asynchronous Groups          
clk_pl_0                                 frontend_word_clk                                                                 0            2                   Ignored              Asynchronous Groups          
clk_pl_0                                 mmcm0_inst_n_8                           rise - rise     8.57     0.00            0           15            10.00  No Common Clock      Timed (unsafe)               
clk_pl_0                                 mmcm1_clkout0_1                                                                   0            1                   Ignored              False Path                   
clk_pl_0                                 rx_clk_array[0]                          rise - rise    -0.65    -1.72            3            8             0.40  No Common Clock      Partial False Path (unsafe)  
clk_pl_0                                 rx_clk_array[1]                          rise - rise    -0.66    -1.75            3            8             0.40  No Common Clock      Partial False Path (unsafe)  
clk_pl_0                                 rx_clk_array[2]                          rise - rise    -0.66    -1.74            3            8             0.40  No Common Clock      Partial False Path (unsafe)  
clk_pl_0                                 rx_clk_array[3]                          rise - rise    -0.66    -1.76            3            8             0.40  No Common Clock      Partial False Path (unsafe)  
clk_pl_0                                 tx_clk_array[0]                          rise - rise    -0.74    -6.34            9          225             0.40  No Common Clock      Partial False Path (unsafe)  
clk_pl_0                                 tx_clk_array[1]                          rise - rise    -0.76    -6.50            9          225             0.40  No Common Clock      Partial False Path (unsafe)  
clk_pl_0                                 tx_clk_array[2]                          rise - rise    -0.75    -6.41            9          225             0.40  No Common Clock      Partial False Path (unsafe)  
clk_pl_0                                 tx_clk_array[3]                          rise - rise    -0.76    -6.52            9          225             0.40  No Common Clock      Partial False Path (unsafe)  
clk_pl_1                                 clk_pl_0                                 rise - rise    29.76     0.00            0          101            30.00  Ignored              Max Delay Datapath Only      
clk_pl_1                                 clk_pl_1                                 rise - rise    37.56     0.00            0         2363            40.00  Clean                Partial False Path           
clku4x                                   clku4x                                   rise - rise     2.29     0.00            0            6             4.00  Clean                Timed                        
clku4x                                   frontend_word_clk                        rise - rise     3.36     0.00            0           17             4.00  Clean                Timed                        
clock_raw_s_1                            clock_raw_s_1                            rise - rise    -0.16    -6.08           96        23413             3.20  Clean                Timed                        
clock_raw_s_1                            frontend_clock                           rise - rise     2.96     0.00            0          192             3.20  Ignored              Max Delay Datapath Only      
eth_refclk                               clk_pl_0                                                                          0            1                   Ignored              False Path                   
eth_refclk                               eth_refclk                               rise - rise     5.44     0.00            0           12             6.40  Clean                Timed                        
frontend_clock                           clk_pl_0                                                                          0          163                   Ignored              Asynchronous Groups          
frontend_clock                           clock_raw_s_1                            rise - rise     2.96     0.00            0         4736             3.20  Ignored              Max Delay Datapath Only      
frontend_clock                           frontend_clock                           rise - rise     6.19     0.00            0       280662            16.00  Clean                Partial False Path           
frontend_clock                           tx_clk_array[0]                          rise - rise     1.90     0.00            0           69             3.20  No Common Clock      Partial False Path (unsafe)  
frontend_clock                           tx_clk_array[1]                          rise - rise     1.90     0.00            0           69             3.20  No Common Clock      Partial False Path (unsafe)  
frontend_clock                           tx_clk_array[2]                          rise - rise     1.90     0.00            0           69             3.20  No Common Clock      Partial False Path (unsafe)  
frontend_clock                           tx_clk_array[3]                          rise - rise     1.90     0.00            0           69             3.20  No Common Clock      Partial False Path (unsafe)  
frontend_word_clk                        clk_pl_0                                                                          0            1                   Ignored              Asynchronous Groups          
frontend_word_clk                        clku4x                                   rise - rise     1.89     0.00            0            6             4.00  Clean                Timed                        
frontend_word_clk                        frontend_clock                           rise - rise    13.43     0.00            0           97            16.00  Clean                Timed                        
frontend_word_clk                        frontend_word_clk                        rise - rise    13.26     0.00            0         1433            16.00  Clean                Timed                        
frontend_word_clk                        mmcm0_inst_n_8                                                                    0            8                   Ignored              False Path                   
gen_gtwizard_gthe4.rxoutclkpcs_int[0]    gen_gtwizard_gthe4.rxoutclkpcs_int[0]    rise - rise     2.23     0.00            0           37             3.10  Clean                Timed                        
gen_gtwizard_gthe4.rxoutclkpcs_int[0]_1  gen_gtwizard_gthe4.rxoutclkpcs_int[0]_1  rise - rise     2.23     0.00            0           37             3.10  Clean                Timed                        
gen_gtwizard_gthe4.rxoutclkpcs_int[0]_2  gen_gtwizard_gthe4.rxoutclkpcs_int[0]_2  rise - rise     2.23     0.00            0           37             3.10  Clean                Timed                        
gen_gtwizard_gthe4.rxoutclkpcs_int[0]_3  gen_gtwizard_gthe4.rxoutclkpcs_int[0]_3  rise - rise     2.23     0.00            0           37             3.10  Clean                Timed                        
mmcm0_inst_n_8                           clk_pl_0                                 rise - rise     8.33     0.00            0            4            10.00  No Common Clock      Timed (unsafe)               
mmcm0_inst_n_8                           frontend_word_clk                                                                 0            9                   Ignored              False Path                   
mmcm0_inst_n_8                           mmcm0_inst_n_8                           rise - rise     8.22     0.00            0          142            10.00  Clean                Timed                        
mmcm1_clkout0_1                          mmcm1_clkout0_1                          rise - rise     0.76     0.00            0            2             2.00  Clean                Timed                        
mmcm1_clkout0_1_DIV4_INV                 clk125_1                                 fall - rise     6.19     0.00            0          256             8.00  Clean                Timed                        
mmcm1_clkout0_1_DIV4_INV                 frontend_clock                           fall - rise     5.54     0.00            0          256             8.00  Clean                Timed                        
rx_clk_array[0]                          clk_pl_0                                 rise - rise    -0.25    -0.25            1            5             0.40  No Common Clock      Partial False Path (unsafe)  
rx_clk_array[0]                          rx_clk_array[0]                          rise - rise     4.32     0.00            0         3561             6.40  Clean                Partial False Path           
rx_clk_array[0]                          tx_clk_array[0]                          rise - rise     5.74     0.00            0            2             6.40  No Common Node       Timed (unsafe)               
rx_clk_array[1]                          clk_pl_0                                 rise - rise    -0.24    -0.24            1            2             0.40  No Common Clock      Partial False Path (unsafe)  
rx_clk_array[1]                          rx_clk_array[1]                          rise - rise     4.32     0.00            0         3549             6.40  Clean                Partial False Path           
rx_clk_array[1]                          tx_clk_array[1]                          rise - rise     5.73     0.00            0            2             6.40  No Common Node       Timed (unsafe)               
rx_clk_array[2]                          clk_pl_0                                 rise - rise    -0.24    -0.24            1            2             0.40  No Common Clock      Partial False Path (unsafe)  
rx_clk_array[2]                          rx_clk_array[2]                          rise - rise     4.32     0.00            0         3549             6.40  Clean                Partial False Path           
rx_clk_array[2]                          tx_clk_array[2]                          rise - rise     5.74     0.00            0            2             6.40  No Common Node       Timed (unsafe)               
rx_clk_array[3]                          clk_pl_0                                 rise - rise    -0.23    -0.23            1            2             0.40  No Common Clock      Partial False Path (unsafe)  
rx_clk_array[3]                          rx_clk_array[3]                          rise - rise     4.32     0.00            0         3549             6.40  Clean                Partial False Path           
rx_clk_array[3]                          tx_clk_array[3]                          rise - rise     5.73     0.00            0            2             6.40  No Common Node       Timed (unsafe)               
rx_tmg_clk                               clku4x                                                                            0            1                   Ignored              False Path                   
tx_clk_array[0]                          clk_pl_0                                 rise - rise    -0.30    -0.30            1           15             0.40  No Common Clock      Partial False Path (unsafe)  
tx_clk_array[0]                          frontend_clock                           rise - rise     6.16     0.00            0           65             6.40  Ignored              Max Delay Datapath Only      
tx_clk_array[0]                          rx_clk_array[0]                          rise - rise     5.83     0.00            0            3             6.40  No Common Node       Timed (unsafe)               
tx_clk_array[0]                          tx_clk_array[0]                          rise - rise     3.76     0.00            0         6773             6.40  Clean                Partial False Path           
tx_clk_array[1]                          clk_pl_0                                 rise - rise    -0.28    -0.28            1           13             0.40  No Common Clock      Partial False Path (unsafe)  
tx_clk_array[1]                          frontend_clock                           rise - rise     6.16     0.00            0           65             6.40  Ignored              Max Delay Datapath Only      
tx_clk_array[1]                          rx_clk_array[1]                          rise - rise     5.83     0.00            0            3             6.40  No Common Node       Timed (unsafe)               
tx_clk_array[1]                          tx_clk_array[1]                          rise - rise     3.76     0.00            0         6761             6.40  Clean                Partial False Path           
tx_clk_array[2]                          clk_pl_0                                 rise - rise    -0.29    -0.29            1           13             0.40  No Common Clock      Partial False Path (unsafe)  
tx_clk_array[2]                          frontend_clock                           rise - rise     6.16     0.00            0           65             6.40  Ignored              Max Delay Datapath Only      
tx_clk_array[2]                          rx_clk_array[2]                          rise - rise     5.83     0.00            0            3             6.40  No Common Node       Timed (unsafe)               
tx_clk_array[2]                          tx_clk_array[2]                          rise - rise     3.76     0.00            0         6761             6.40  Clean                Partial False Path           
tx_clk_array[3]                          clk_pl_0                                 rise - rise    -0.28    -0.28            1           13             0.40  No Common Clock      Partial False Path (unsafe)  
tx_clk_array[3]                          frontend_clock                           rise - rise     6.16     0.00            0           65             6.40  Ignored              Max Delay Datapath Only      
tx_clk_array[3]                          rx_clk_array[3]                          rise - rise     5.83     0.00            0            3             6.40  No Common Node       Timed (unsafe)               
tx_clk_array[3]                          tx_clk_array[3]                          rise - rise     3.76     0.00            0         6761             6.40  Clean                Partial False Path           


