INFO: [Common 17-3922] A valid Vivado Design Suite ENTERPRISE license has been detected. Your current license is active and will expire on Permanent.

****** Vivado v2026.1 (64-bit)
  **** SW Build 6511674 on Tue Jun 16 11:01:26 MDT 2026
  **** IP Build 6504888 on Tue Jun 09 09:05:25 MDT 2026
  **** SharedData Build 6501428 on Mon Jun 08 17:34:18 MDT 2026
  **** Start of session at: Mon Sep 14 14:27:13 2026
    ** Copyright 1986-2022 Xilinx, Inc. All Rights Reserved.
    ** Copyright 2022-2026 Advanced Micro Devices, Inc. All Rights Reserved.

source ../../scripts/verification/audit_synth_checkpoint.tcl
# if {$argc != 2} { error "Expected SYNTH_CHECKPOINT NEW_REPORT_DIRECTORY" }
# set checkpoint [file normalize [lindex $argv 0]]
# set report_dir [file normalize [lindex $argv 1]]
# if {![file isfile $checkpoint]} { error "Checkpoint does not exist: $checkpoint" }
# if {[file exists $report_dir]} { error "Use a new report directory: $report_dir" }
# file mkdir $report_dir
# set_param general.maxThreads 8
# open_checkpoint $checkpoint
Command: open_checkpoint /home/marroyav/work/daphne-grouped32-1bae1c8-20260914/xilinx/output-1bae1c8-typefixes/daphne_selftrigger_bd_synth.dcp

Starting open_checkpoint Task

Time (s): cpu = 00:00:00.03 ; elapsed = 00:00:00.03 . Memory (MB): peak = 1461.824 ; gain = 7.938 ; free physical = 20697 ; free virtual = 33126
INFO: [Device 21-403] Loading part xck26-sfvc784-2LV-c
Netlist sorting complete. Time (s): cpu = 00:00:01 ; elapsed = 00:00:01 . Memory (MB): peak = 2822.246 ; gain = 0.000 ; free physical = 19276 ; free virtual = 31778
INFO: [Netlist 29-17] Analyzing 10617 Unisim elements for replacement
INFO: [Netlist 29-28] Unisim Transformation completed in 4 CPU seconds
INFO: [Project 1-479] Netlist was created with Vivado 2026.1
INFO: [Project 1-570] Preparing netlist for logic optimization
Read ShapeDB Complete: Time (s): cpu = 00:00:00.35 ; elapsed = 00:00:00.37 . Memory (MB): peak = 3203.434 ; gain = 42.609 ; free physical = 18873 ; free virtual = 31398
INFO: [Timing 38-478] Restoring timing data from binary archive.
INFO: [Timing 38-479] Binary timing data restore complete.
INFO: [Project 1-856] Restoring constraints from binary archive.
INFO: [Project 1-853] Binary constraint restore complete.
INFO: [Designutils 20-5722] Start Reading Physical Databases.
Reading placement.
Read Netlist Cache: Time (s): cpu = 00:00:00 ; elapsed = 00:00:00 . Memory (MB): peak = 4492.383 ; gain = 0.000 ; free physical = 17654 ; free virtual = 30258
Reading placer database...
Read Device Cache: Time (s): cpu = 00:00:00.02 ; elapsed = 00:00:00.02 . Memory (MB): peak = 4492.383 ; gain = 0.000 ; free physical = 17654 ; free virtual = 30258
Read PlaceDB: Time (s): cpu = 00:00:00 ; elapsed = 00:00:00 . Memory (MB): peak = 4492.383 ; gain = 0.000 ; free physical = 17654 ; free virtual = 30258
Read placeStorage: Time (s): cpu = 00:00:00.02 ; elapsed = 00:00:00.02 . Memory (MB): peak = 4492.383 ; gain = 0.000 ; free physical = 17654 ; free virtual = 30258
Read PulsedLatchDB: Time (s): cpu = 00:00:00 ; elapsed = 00:00:00 . Memory (MB): peak = 4492.383 ; gain = 0.000 ; free physical = 17654 ; free virtual = 30258
Reading routing.
Read RouteStorage: Time (s): cpu = 00:00:00.01 ; elapsed = 00:00:00.01 . Memory (MB): peak = 4492.383 ; gain = 0.000 ; free physical = 17654 ; free virtual = 30258
Read Physdb Files: Time (s): cpu = 00:00:00.05 ; elapsed = 00:00:00.05 . Memory (MB): peak = 4492.383 ; gain = 0.000 ; free physical = 17654 ; free virtual = 30258
Restored from archive | CPU: 0.090000 secs | Memory: 1.464684 MB |
Finished XDEF File Restore: Time (s): cpu = 00:00:00.09 ; elapsed = 00:00:00.09 . Memory (MB): peak = 4492.383 ; gain = 0.000 ; free physical = 17654 ; free virtual = 30258
Netlist sorting complete. Time (s): cpu = 00:00:00.03 ; elapsed = 00:00:00.04 . Memory (MB): peak = 4736.594 ; gain = 0.000 ; free physical = 17399 ; free virtual = 30033
INFO: [Project 1-111] Unisim Transformation Summary:
  A total of 1423 instances were transformed.
  DSP48E2 => DSP48E2 (DSP_ALU, DSP_A_B_DATA, DSP_C_DATA, DSP_MULTIPLIER, DSP_M_DATA, DSP_OUTPUT, DSP_PREADD, DSP_PREADD_DATA): 840 instances
  IBUF => IBUF (IBUFCTRL, INBUF): 8 instances
  IBUFDS => IBUFDS (DIFFINBUF, IBUFCTRL): 46 instances
  IBUFGDS => IBUFDS (DIFFINBUF, IBUFCTRL): 1 instance 
  IOBUF => IOBUF (IBUFCTRL, INBUF, OBUFT): 2 instances
  RAM16X1D => RAM32X1D (RAMD32(x2)): 2 instances
  RAM32M => RAM32M (RAMD32(x6), RAMS32(x2)): 48 instances
  RAM32M16 => RAM32M16 (RAMD32(x14), RAMS32(x2)): 394 instances
  RAM32X1D => RAM32X1D (RAMD32(x2)): 64 instances
  RAM32X1S => RAM32X1S (RAMS32): 18 instances

INFO: [Project 1-604] Checkpoint was created with Vivado v2026.1 (64-bit) build 6511674
open_checkpoint: Time (s): cpu = 00:01:15 ; elapsed = 00:00:58 . Memory (MB): peak = 4736.629 ; gain = 3287.711 ; free physical = 17395 ; free virtual = 30030
# set provenance [open [file join $report_dir provenance.txt] w]
# puts $provenance "checkpoint=$checkpoint"
# puts $provenance "vivado=[version -short]"
# puts $provenance "utc=[clock format [clock seconds] -gmt true -format {%Y-%m-%dT%H:%M:%SZ}]"
# close $provenance
# set failures {}
# foreach {name command} {
#     utilization {report_utilization}
#     hierarchical_utilization {report_utilization -hierarchical -hierarchical_depth 16}
#     clocks {report_clocks}
#     check_timing {check_timing -verbose}
#     clock_interaction {report_clock_interaction}
#     cdc {report_cdc -details}
#     exceptions_coverage {report_exceptions -coverage}
#     methodology {report_methodology}
#     timing_summary {report_timing_summary -report_unconstrained}
#     bus_skew {report_bus_skew}
#     drc {report_drc}
# } {
#     if {[catch {{*}$command -file [file join $report_dir ${name}.rpt]} detail]} {
#         lappend failures $name
#         set error_file [open [file join $report_dir ${name}.error.txt] w]
#         puts $error_file $detail
#         close $error_file
#         puts "WARNING: Diagnostic report $name failed: $detail"
#     }
# }
check_timing: Time (s): cpu = 00:00:53 ; elapsed = 00:00:22 . Memory (MB): peak = 5609.070 ; gain = 863.570 ; free physical = 16456 ; free virtual = 29206
INFO: [Timing 38-91] UpdateTimingParams: Speed grade: -2LV, Temperature grade: C, Delay Type: max.
INFO: [Timing 38-191] Multithreading enabled for timing update using a maximum of 8 CPUs
WARNING: [Timing 38-164] This design has multiple clocks. Inter clock paths are considered valid unless explicitly excluded by timing constraints such as set_clock_groups or set_false_path.
INFO: [Timing 38-91] UpdateTimingParams: Speed grade: -2LV, Temperature grade: C, Delay Type: min_max.
INFO: [Timing 38-191] Multithreading enabled for timing update using a maximum of 8 CPUs
WARNING: [Timing 38-801] To reduce memory, only the first 100000 endpoints have been reported for the CDC clock pair: source:clk_pl_0 / destination:frontend_clock. Use param cdc.reportClockPairsThreshold to increase the number of reported endpoints.
INFO: [Timing 38-433] Consider using Xilinx recommended XPM_CDC modules to avoid Critical severities
INFO: [Timing 38-314] The report_cdc command only analyzes and reports clock domain crossing paths where clocks have been defined on both source and destination sides. Ports with no input delay constraint are skipped. Please run check_timing to verify there are no missing clock definitions in your design, nor any unconstrained input port.
report_cdc: Time (s): cpu = 00:01:57 ; elapsed = 00:01:35 . Memory (MB): peak = 6654.852 ; gain = 1045.781 ; free physical = 8635 ; free virtual = 21469
INFO: [Timing 38-91] UpdateTimingParams: Speed grade: -2LV, Temperature grade: C, Delay Type: min_max.
INFO: [Timing 38-191] Multithreading enabled for timing update using a maximum of 8 CPUs
INFO: [Timing 38-35] Done setting XDC timing constraints.
WARNING: [Timing 38-3] User defined clock exists on pin daphne_selftrigger_bd_i/daphne_selftrigger_top/U0/k26c_board_shell_inst/timing_bridge_inst/endpoint_inst/pdts_endpoint_inst/pdts_endpoint_inst/rxcdr/mmcm/CLKOUT0 [See /home/marroyav/work/daphne-grouped32-1bae1c8-20260914/xilinx/afe_capture_timing.tcl:150] and will prevent any subsequent automatic derivation of generated clocks on that pin. If the user defined clock specifies '-add', any existing auto-derived clocks on that pin are retained.
report_exceptions: Time (s): cpu = 00:01:17 ; elapsed = 00:00:25 . Memory (MB): peak = 6654.852 ; gain = 0.000 ; free physical = 8633 ; free virtual = 21475
Command: report_methodology -file /home/marroyav/work/daphne-grouped32-1bae1c8-20260914/build/checkpoint-audit-8ae5f81/methodology.rpt
INFO: [Timing 38-35] Done setting XDC timing constraints.
WARNING: [Timing 38-3] User defined clock exists on pin daphne_selftrigger_bd_i/daphne_selftrigger_top/U0/k26c_board_shell_inst/timing_bridge_inst/endpoint_inst/pdts_endpoint_inst/pdts_endpoint_inst/rxcdr/mmcm/CLKOUT0 [See /home/marroyav/work/daphne-grouped32-1bae1c8-20260914/xilinx/afe_capture_timing.tcl:150] and will prevent any subsequent automatic derivation of generated clocks on that pin. If the user defined clock specifies '-add', any existing auto-derived clocks on that pin are retained.
INFO: [Timing 38-35] Done setting XDC timing constraints.
WARNING: [Timing 38-3] User defined clock exists on pin daphne_selftrigger_bd_i/daphne_selftrigger_top/U0/k26c_board_shell_inst/timing_bridge_inst/endpoint_inst/pdts_endpoint_inst/pdts_endpoint_inst/rxcdr/mmcm/CLKOUT0 [See /home/marroyav/work/daphne-grouped32-1bae1c8-20260914/xilinx/afe_capture_timing.tcl:150] and will prevent any subsequent automatic derivation of generated clocks on that pin. If the user defined clock specifies '-add', any existing auto-derived clocks on that pin are retained.
INFO: [DRC 23-133] Running Methodology with 8 threads
INFO: [Vivado_Tcl 2-1520] The results of Report Methodology are in file /home/marroyav/work/daphne-grouped32-1bae1c8-20260914/build/checkpoint-audit-8ae5f81/methodology.rpt.
report_methodology completed successfully
report_methodology: Time (s): cpu = 00:02:43 ; elapsed = 00:00:37 . Memory (MB): peak = 6654.852 ; gain = 0.000 ; free physical = 8376 ; free virtual = 21418
INFO: [Timing 38-35] Done setting XDC timing constraints.
WARNING: [Timing 38-3] User defined clock exists on pin daphne_selftrigger_bd_i/daphne_selftrigger_top/U0/k26c_board_shell_inst/timing_bridge_inst/endpoint_inst/pdts_endpoint_inst/pdts_endpoint_inst/rxcdr/mmcm/CLKOUT0 [See /home/marroyav/work/daphne-grouped32-1bae1c8-20260914/xilinx/afe_capture_timing.tcl:150] and will prevent any subsequent automatic derivation of generated clocks on that pin. If the user defined clock specifies '-add', any existing auto-derived clocks on that pin are retained.
INFO: [Timing 38-91] UpdateTimingParams: Speed grade: -2LV, Temperature grade: C, Delay Type: min_max.
INFO: [Timing 38-191] Multithreading enabled for timing update using a maximum of 8 CPUs
WARNING: [Timing 38-436] There are set_bus_skew constraint(s) in this design. Please run report_bus_skew to ensure that bus skew requirements are met.
report_timing_summary: Time (s): cpu = 00:01:07 ; elapsed = 00:00:19 . Memory (MB): peak = 6654.852 ; gain = 0.000 ; free physical = 8421 ; free virtual = 21471
INFO: [Timing 38-91] UpdateTimingParams: Speed grade: -2LV, Temperature grade: C, Delay Type: min_max.
INFO: [Timing 38-191] Multithreading enabled for timing update using a maximum of 8 CPUs
Command: report_drc -file /home/marroyav/work/daphne-grouped32-1bae1c8-20260914/build/checkpoint-audit-8ae5f81/drc.rpt
INFO: [IP_Flow 19-234] Refreshing IP repositories
INFO: [IP_Flow 19-1704] No user IP repositories specified
INFO: [IP_Flow 19-2313] Loaded Vivado IP repository '/home/marroyav/tools/Xilinx/2026.1/data/ip'.
INFO: [DRC 23-27] Running DRC with 8 threads
INFO: [Vivado_Tcl 2-168] The results of DRC are in file /home/marroyav/work/daphne-grouped32-1bae1c8-20260914/build/checkpoint-audit-8ae5f81/drc.rpt.
report_drc completed successfully
report_drc: Time (s): cpu = 00:00:14 ; elapsed = 00:00:05 . Memory (MB): peak = 6654.852 ; gain = 0.000 ; free physical = 8372 ; free virtual = 21438
# set cells_file [open [file join $report_dir hierarchy.tsv] w]
# puts $cells_file "cell\tref_name\torig_ref_name"
# foreach cell [lsort [get_cells -hierarchical -filter {IS_PRIMITIVE == 0}]] {
#     puts $cells_file "$cell\t[get_property REF_NAME $cell]\t[get_property ORIG_REF_NAME $cell]"
# }
# close $cells_file
# set memory_file [open [file join $report_dir memory_clocks.tsv] w]
# puts $memory_file "cell\tprimitive\tclock_pin\tclock_net\tclocks"
# foreach cell [lsort [get_cells -hierarchical -filter {REF_NAME =~ RAMB* || REF_NAME =~ URAM*}]] {
#     foreach pin [get_pins -of_objects $cell -filter {IS_CLOCK == 1}] {
#         puts $memory_file "$cell\t[get_property REF_NAME $cell]\t$pin\t[get_nets -quiet -of_objects $pin]\t[get_clocks -quiet -of_objects $pin]"
#     }
# }
# close $memory_file
# set complete [open [file join $report_dir report_status.txt] w]
# puts $complete "failed_reports=$failures"
# puts $complete "Review the reports against source and interface contracts before qualification."
# close $complete
# if {[llength $failures]} { error "Diagnostic reports failed: $failures" }
# puts "DAPHNE_SYNTH_AUDIT_COMPLETE"
DAPHNE_SYNTH_AUDIT_COMPLETE
# close_design
# exit
INFO: [Common 17-206] Exiting Vivado at Mon Sep 14 14:31:53 2026...
