Copyright 1986-2022 Xilinx, Inc. All Rights Reserved. Copyright 2022-2026 Advanced Micro Devices, Inc. All Rights Reserved.
-----------------------------------------------------------------------------------------------------------------------------------------------
| Tool Version : Vivado v.2026.1 (lin64) Build 6511674 Tue Jun 16 11:01:26 MDT 2026
| Date         : Mon Sep 14 14:28:16 2026
| Host         : WL-144132 running 64-bit unknown
| Command      : report_utilization -file /home/marroyav/work/daphne-grouped32-1bae1c8-20260914/build/checkpoint-audit-8ae5f81/utilization.rpt
| Design       : daphne_selftrigger_bd_wrapper
| Device       : xck26-sfvc784-2LV-c
| Speed File   : -2LV
| Design State : Synthesized
-----------------------------------------------------------------------------------------------------------------------------------------------

Utilization Design Information

Table of Contents
-----------------
1. CLB Logic
1.1 Summary of Registers by Type
2. BLOCKRAM
3. ARITHMETIC
4. I/O
5. CLOCK
6. ADVANCED
7. CONFIGURATION
8. Primitives
9. Black Boxes
10. Instantiated Netlists

1. CLB Logic
------------

+----------------------------+--------+-------+------------+-----------+-------+
|          Site Type         |  Used  | Fixed | Prohibited | Available | Util% |
+----------------------------+--------+-------+------------+-----------+-------+
| CLB LUTs*                  | 106249 |     0 |          0 |    117120 | 90.72 |
|   LUT as Logic             |  99195 |     0 |          0 |    117120 | 84.70 |
|   LUT as Memory            |   7054 |     0 |          0 |     57600 | 12.25 |
|     LUT as Distributed RAM |   3494 |     0 |            |           |       |
|     LUT as Shift Register  |   3560 |     0 |            |           |       |
| CLB Registers              |  88200 |     3 |          0 |    234240 | 37.65 |
|   Register as Flip Flop    |  88200 |     3 |          0 |    234240 | 37.65 |
|   Register as Latch        |      0 |     0 |          0 |    234240 |  0.00 |
| CARRY8                     |   5306 |     0 |          0 |     14640 | 36.24 |
| F7 Muxes                   |   3800 |     0 |          0 |     58560 |  6.49 |
| F8 Muxes                   |     37 |     0 |          0 |     29280 |  0.13 |
| F9 Muxes                   |      0 |     0 |          0 |     14640 |  0.00 |
| Unique Control Sets        |   3873 |       |          0 |     29280 | 13.23 |
+----------------------------+--------+-------+------------+-----------+-------+
* Warning! The Final LUT count, after physical optimizations and full implementation, is typically lower. Run opt_design after synthesis, if not already completed, for a more realistic count.
Warning! LUT value is adjusted to account for LUT combining.
Warning! For any ECO changes, please run place_design if there are unplaced instances
** Note: Available Control Sets calculated as Slices * 2, Review the Control Sets Report for more information regarding control sets.


1.1 Summary of Registers by Type
--------------------------------

+-------+--------------+-------------+--------------+
| Total | Clock Enable | Synchronous | Asynchronous |
+-------+--------------+-------------+--------------+
| 0     |            _ |           - |            - |
| 0     |            _ |           - |          Set |
| 0     |            _ |           - |        Reset |
| 0     |            _ |         Set |            - |
| 0     |            _ |       Reset |            - |
| 0     |          Yes |           - |            - |
| 284   |          Yes |           - |          Set |
| 592   |          Yes |           - |        Reset |
| 3494  |          Yes |         Set |            - |
| 83830 |          Yes |       Reset |            - |
+-------+--------------+-------------+--------------+


2. BLOCKRAM
-----------

+-------------------+------+-------+------------+-----------+-------+
|     Site Type     | Used | Fixed | Prohibited | Available | Util% |
+-------------------+------+-------+------------+-----------+-------+
| Block RAM Tile    |   91 |     0 |          0 |       144 | 63.19 |
|   RAMB36/FIFO*    |   82 |     0 |          0 |       144 | 56.94 |
|     RAMB36E2 only |   82 |       |            |           |       |
|   RAMB18          |   18 |     0 |          0 |       288 |  6.25 |
|     RAMB18E2 only |   18 |       |            |           |       |
| URAM              |   32 |     0 |          0 |        64 | 50.00 |
+-------------------+------+-------+------------+-----------+-------+
* Note: Each Block RAM Tile only has one FIFO logic available and therefore can accommodate only one FIFO36E2 or one FIFO18E2. However, if a FIFO18E2 occupies a Block RAM Tile, that tile can still accommodate a RAMB18E2


3. ARITHMETIC
-------------

+----------------+------+-------+------------+-----------+-------+
|    Site Type   | Used | Fixed | Prohibited | Available | Util% |
+----------------+------+-------+------------+-----------+-------+
| DSPs           |  840 |     0 |          0 |      1248 | 67.31 |
|   DSP48E2 only |  840 |       |            |           |       |
+----------------+------+-------+------------+-----------+-------+


4. I/O
------

+------------------+------+-------+------------+-----------+-------+
|     Site Type    | Used | Fixed | Prohibited | Available | Util% |
+------------------+------+-------+------------+-----------+-------+
| Bonded IOB       |  159 |   159 |          0 |       189 | 84.13 |
|   HPIOB_M        |   50 |    50 |          0 |        58 | 86.21 |
|     INPUT        |   48 |       |            |           |       |
|     OUTPUT       |    2 |       |            |           |       |
|     BIDIR        |    0 |       |            |           |       |
|   HPIOB_S        |   51 |    51 |          0 |        58 | 87.93 |
|     INPUT        |   48 |       |            |           |       |
|     OUTPUT       |    3 |       |            |           |       |
|     BIDIR        |    0 |       |            |           |       |
|   HDIOB_M        |   28 |    28 |          0 |        35 | 80.00 |
|     INPUT        |    3 |       |            |           |       |
|     OUTPUT       |   24 |       |            |           |       |
|     BIDIR        |    1 |       |            |           |       |
|   HDIOB_S        |   30 |    30 |          0 |        35 | 85.71 |
|     INPUT        |    3 |       |            |           |       |
|     OUTPUT       |   26 |       |            |           |       |
|     BIDIR        |    1 |       |            |           |       |
|   HPIOB_SNGL     |    0 |     0 |          0 |         3 |  0.00 |
| HPIOBDIFFINBUF   |   47 |    47 |          0 |        82 | 57.32 |
|   DIFFINBUF      |   47 |    47 |            |           |       |
| HPIOBDIFFOUTBUF  |    2 |     2 |          0 |        82 |  2.44 |
|   OBUFDS         |    2 |     2 |            |           |       |
| HDIOBDIFFINBUF   |    0 |     0 |          0 |        35 |  0.00 |
| BITSLICE_CONTROL |    0 |     0 |          0 |        32 |  0.00 |
| BITSLICE_RX_TX   |   92 |    92 |          0 |      1248 |  7.37 |
|   IDELAY         |   45 |    45 |            |           |       |
|   ISERDES        |   45 |    45 |            |           |       |
|   OSERDES        |    1 |     1 |            |           |       |
|   IDDR           |    1 |     1 |            |           |       |
| BITSLICE_TX      |    0 |     0 |          0 |        32 |  0.00 |
| RIU_OR           |    0 |     0 |          0 |        16 |  0.00 |
+------------------+------+-------+------------+-----------+-------+


5. CLOCK
--------

+------------+------+-------+------------+-----------+--------+
|  Site Type | Used | Fixed | Prohibited | Available |  Util% |
+------------+------+-------+------------+-----------+--------+
| BUFGCE     |   16 |     0 |          0 |       112 |  14.29 |
| BUFGCE_DIV |    2 |     0 |          0 |        16 |  12.50 |
| BUFG_GT    |   17 |     0 |          0 |        96 |  17.71 |
| BUFG_PS    |    4 |     0 |          0 |        96 |   4.17 |
| BUFGCTRL*  |    0 |     0 |          0 |        32 |   0.00 |
| PLL        |    0 |     0 |          0 |         8 |   0.00 |
| MMCM       |    4 |     0 |          0 |         4 | 100.00 |
+------------+------+-------+------------+-----------+--------+
* Note: Each used BUFGCTRL counts as two GLOBAL CLOCK BUFFERs. This table does not include global clocking resources, only buffer cell usage. See the Clock Utilization Report (report_clock_utilization) for detailed accounting of global clocking resource availability.


6. ADVANCED
-----------

+-----------------+------+-------+------------+-----------+--------+
|    Site Type    | Used | Fixed | Prohibited | Available |  Util% |
+-----------------+------+-------+------------+-----------+--------+
| GTHE4_CHANNEL   |    4 |     4 |          0 |         4 | 100.00 |
| GTHE4_COMMON    |    1 |     1 |          0 |         1 | 100.00 |
| OBUFDS_GTE4     |    0 |     0 |          0 |         2 |   0.00 |
| OBUFDS_GTE4_ADV |    0 |     0 |          0 |         2 |   0.00 |
| PCIE40E4        |    0 |     0 |          0 |         2 |   0.00 |
| PS8             |    1 |     0 |          0 |         1 | 100.00 |
| SYSMONE4        |    0 |     0 |          0 |         1 |   0.00 |
| VCU             |    0 |     0 |          0 |         1 |   0.00 |
+-----------------+------+-------+------------+-----------+--------+


7. CONFIGURATION
----------------

+-------------+------+-------+------------+-----------+-------+
|  Site Type  | Used | Fixed | Prohibited | Available | Util% |
+-------------+------+-------+------------+-----------+-------+
| BSCANE2     |    0 |     0 |          0 |         4 |  0.00 |
| DNA_PORTE2  |    0 |     0 |          0 |         1 |  0.00 |
| EFUSE_USR   |    0 |     0 |          0 |         1 |  0.00 |
| FRAME_ECCE4 |    0 |     0 |          0 |         1 |  0.00 |
| ICAPE3      |    0 |     0 |          0 |         2 |  0.00 |
| MASTER_JTAG |    0 |     0 |          0 |         1 |  0.00 |
| STARTUPE3   |    0 |     0 |          0 |         1 |  0.00 |
+-------------+------+-------+------------+-----------+-------+


8. Primitives
-------------

+---------------+-------+---------------------+
|    Ref Name   |  Used | Functional Category |
+---------------+-------+---------------------+
| FDRE          | 83830 |            Register |
| LUT6          | 40255 |                 CLB |
| LUT4          | 19040 |                 CLB |
| LUT2          | 18131 |                 CLB |
| LUT5          | 16981 |                 CLB |
| LUT3          | 13051 |                 CLB |
| LUT1          |  6589 |                 CLB |
| RAMD32        |  5936 |                 CLB |
| CARRY8        |  5306 |                 CLB |
| MUXF7         |  3800 |                 CLB |
| FDSE          |  3494 |            Register |
| SRLC32E       |  1986 |                 CLB |
| SRL16E        |  1574 |                 CLB |
| RAMS32        |   902 |                 CLB |
| DSP48E2       |   840 |          Arithmetic |
| FDCE          |   592 |            Register |
| FDPE          |   284 |            Register |
| RAMB36E2      |    82 |            BLOCKRAM |
| IBUFCTRL      |    57 |                 I/O |
| OBUF          |    51 |                 I/O |
| DIFFINBUF     |    47 |                 I/O |
| ISERDESE3     |    45 |                 I/O |
| IDELAYE3      |    45 |                 I/O |
| MUXF8         |    37 |                 CLB |
| URAM288       |    32 |            BLOCKRAM |
| RAMB18E2      |    18 |            BLOCKRAM |
| BUFG_GT       |    17 |               Clock |
| BUFGCE        |    16 |               Clock |
| INBUF         |    10 |                 I/O |
| BUFG_GT_SYNC  |     9 |               Clock |
| MMCME4_ADV    |     4 |               Clock |
| GTHE4_CHANNEL |     4 |            Advanced |
| BUFG_PS       |     4 |               Clock |
| OBUFT         |     2 |                 I/O |
| OBUFDS        |     2 |                 I/O |
| BUFGCE_DIV    |     2 |               Clock |
| PS8           |     1 |            Advanced |
| OSERDESE3     |     1 |                 I/O |
| IDELAYCTRL    |     1 |                 I/O |
| IDDRE1        |     1 |            Register |
| IBUFDS_GTE4   |     1 |                 I/O |
| GTHE4_COMMON  |     1 |            Advanced |
+---------------+-------+---------------------+


9. Black Boxes
--------------

+----------+------+
| Ref Name | Used |
+----------+------+


10. Instantiated Netlists
-------------------------

+----------+------+
| Ref Name | Used |
+----------+------+


